# Path: debug/cr_app
# Arch: x86_64
# Object files:
[  0] linker synthesized
[  1] debug/src/main.mpi.o
[  2] ../crystal/debug/libcrystal.a(crbuffer.o)
[  3] ../crystal/debug/libcrystal.a(cr_init.o)
[  4] ../crystal/debug/libcrystal.a(cr_message.o)
[  5] ../crystal/debug/libcrystal.a(crystal_router.mpi.o)
[  6] ../commprim/debug/libcommprim.a(commcontext.mpi.o)
[  7] ../commprim/debug/libcommprim.a(cshift.mpi.o)
[  8] ../commprim/debug/libcommprim.a(cread.mpi.o)
[  9] ../commprim/debug/libcommprim.a(cwrite.mpi.o)
[ 10] ../commprim/debug/libcommprim.a(logging.o)
[ 11] /Users/michs/devel/usr/local/gcc/4.7/lib/liblog4c.dylib
[ 12] /Users/michs/devel/usr/local/mpich2/1.5/gcc/4.7/lib/libpmpich.a(lib_libpmpich_la-barrier.o)
[ 13] /Users/michs/devel/usr/local/mpich2/1.5/gcc/4.7/lib/libpmpich.a(lib_libpmpich_la-bcast.o)
[ 14] /Users/michs/devel/usr/local/mpich2/1.5/gcc/4.7/lib/libpmpich.a(lib_libpmpich_la-comm_free.o)
[ 15] /Users/michs/devel/usr/local/mpich2/1.5/gcc/4.7/lib/libpmpich.a(lib_libpmpich_la-comm_rank.o)
[ 16] /Users/michs/devel/usr/local/mpich2/1.5/gcc/4.7/lib/libpmpich.a(lib_libpmpich_la-comm_size.o)
[ 17] /Users/michs/devel/usr/local/mpich2/1.5/gcc/4.7/lib/libpmpich.a(lib_libpmpich_la-comm_split.o)
[ 18] /Users/michs/devel/usr/local/mpich2/1.5/gcc/4.7/lib/libpmpich.a(lib_libpmpich_la-get_count.o)
[ 19] /Users/michs/devel/usr/local/mpich2/1.5/gcc/4.7/lib/libpmpich.a(lib_libpmpich_la-init.o)
[ 20] /Users/michs/devel/usr/local/mpich2/1.5/gcc/4.7/lib/libpmpich.a(lib_libpmpich_la-finalize.o)
[ 21] /Users/michs/devel/usr/local/mpich2/1.5/gcc/4.7/lib/libpmpich.a(lib_libpmpich_la-irecv.o)
[ 22] /Users/michs/devel/usr/local/mpich2/1.5/gcc/4.7/lib/libpmpich.a(lib_libpmpich_la-isend.o)
[ 23] /Users/michs/devel/usr/local/mpich2/1.5/gcc/4.7/lib/libpmpich.a(lib_libpmpich_la-recv.o)
[ 24] /Users/michs/devel/usr/local/mpich2/1.5/gcc/4.7/lib/libpmpich.a(lib_libpmpich_la-send.o)
[ 25] /Users/michs/devel/usr/local/mpich2/1.5/gcc/4.7/lib/libpmpich.a(lib_libpmpich_la-waitall.o)
[ 26] /Users/michs/devel/usr/local/mpich2/1.5/gcc/4.7/lib/libmpich.a(attrutil.o)
[ 27] /Users/michs/devel/usr/local/mpich2/1.5/gcc/4.7/lib/libmpich.a(allred_group.o)
[ 28] /Users/michs/devel/usr/local/mpich2/1.5/gcc/4.7/lib/libmpich.a(helper_fns.o)
[ 29] /Users/michs/devel/usr/local/mpich2/1.5/gcc/4.7/lib/libmpich.a(opsum.o)
[ 30] /Users/michs/devel/usr/local/mpich2/1.5/gcc/4.7/lib/libmpich.a(opmax.o)
[ 31] /Users/michs/devel/usr/local/mpich2/1.5/gcc/4.7/lib/libmpich.a(opmin.o)
[ 32] /Users/michs/devel/usr/local/mpich2/1.5/gcc/4.7/lib/libmpich.a(opband.o)
[ 33] /Users/michs/devel/usr/local/mpich2/1.5/gcc/4.7/lib/libmpich.a(opbor.o)
[ 34] /Users/michs/devel/usr/local/mpich2/1.5/gcc/4.7/lib/libmpich.a(opbxor.o)
[ 35] /Users/michs/devel/usr/local/mpich2/1.5/gcc/4.7/lib/libmpich.a(opland.o)
[ 36] /Users/michs/devel/usr/local/mpich2/1.5/gcc/4.7/lib/libmpich.a(oplor.o)
[ 37] /Users/michs/devel/usr/local/mpich2/1.5/gcc/4.7/lib/libmpich.a(oplxor.o)
[ 38] /Users/michs/devel/usr/local/mpich2/1.5/gcc/4.7/lib/libmpich.a(opprod.o)
[ 39] /Users/michs/devel/usr/local/mpich2/1.5/gcc/4.7/lib/libmpich.a(opminloc.o)
[ 40] /Users/michs/devel/usr/local/mpich2/1.5/gcc/4.7/lib/libmpich.a(opmaxloc.o)
[ 41] /Users/michs/devel/usr/local/mpich2/1.5/gcc/4.7/lib/libmpich.a(opno_op.o)
[ 42] /Users/michs/devel/usr/local/mpich2/1.5/gcc/4.7/lib/libmpich.a(opreplace.o)
[ 43] /Users/michs/devel/usr/local/mpich2/1.5/gcc/4.7/lib/libmpich.a(nbcutil.o)
[ 44] /Users/michs/devel/usr/local/mpich2/1.5/gcc/4.7/lib/libmpich.a(commutil.o)
[ 45] /Users/michs/devel/usr/local/mpich2/1.5/gcc/4.7/lib/libmpich.a(typeutil.o)
[ 46] /Users/michs/devel/usr/local/mpich2/1.5/gcc/4.7/lib/libmpich.a(errutil.o)
[ 47] /Users/michs/devel/usr/local/mpich2/1.5/gcc/4.7/lib/libmpich.a(grouputil.o)
[ 48] /Users/michs/devel/usr/local/mpich2/1.5/gcc/4.7/lib/libmpich.a(async.o)
[ 49] /Users/michs/devel/usr/local/mpich2/1.5/gcc/4.7/lib/libmpich.a(mpir_request.o)
[ 50] /Users/michs/devel/usr/local/mpich2/1.5/gcc/4.7/lib/libmpich.a(winutil.o)
[ 51] /Users/michs/devel/usr/local/mpich2/1.5/gcc/4.7/lib/libmpich.a(rmatypeutil.o)
[ 52] /Users/michs/devel/usr/local/mpich2/1.5/gcc/4.7/lib/libmpich.a(mpidtime.o)
[ 53] /Users/michs/devel/usr/local/mpich2/1.5/gcc/4.7/lib/libmpich.a(topoutil.o)
[ 54] /Users/michs/devel/usr/local/mpich2/1.5/gcc/4.7/lib/libmpich.a(dbg_printf.o)
[ 55] /Users/michs/devel/usr/local/mpich2/1.5/gcc/4.7/lib/libmpich.a(exit.o)
[ 56] /Users/michs/devel/usr/local/mpich2/1.5/gcc/4.7/lib/libmpich.a(infoutil.o)
[ 57] /Users/michs/devel/usr/local/mpich2/1.5/gcc/4.7/lib/libmpich.a(instr.o)
[ 58] /Users/michs/devel/usr/local/mpich2/1.5/gcc/4.7/lib/libmpich.a(trmem.o)
[ 59] /Users/michs/devel/usr/local/mpich2/1.5/gcc/4.7/lib/libmpich.a(handlemem.o)
[ 60] /Users/michs/devel/usr/local/mpich2/1.5/gcc/4.7/lib/libmpich.a(safestr.o)
[ 61] /Users/michs/devel/usr/local/mpich2/1.5/gcc/4.7/lib/libmpich.a(argstr.o)
[ 62] /Users/michs/devel/usr/local/mpich2/1.5/gcc/4.7/lib/libmpich.a(strerror.o)
[ 63] /Users/michs/devel/usr/local/mpich2/1.5/gcc/4.7/lib/libmpich.a(msgprint.o)
[ 64] /Users/michs/devel/usr/local/mpich2/1.5/gcc/4.7/lib/libmpich.a(assert.o)
[ 65] /Users/michs/devel/usr/local/mpich2/1.5/gcc/4.7/lib/libmpich.a(param_vals.o)
[ 66] /Users/michs/devel/usr/local/mpich2/1.5/gcc/4.7/lib/libmpich.a(local_proc.o)
[ 67] /Users/michs/devel/usr/local/mpich2/1.5/gcc/4.7/lib/libmpich.a(mpiu_thread.o)
[ 68] /Users/michs/devel/usr/local/mpich2/1.5/gcc/4.7/lib/libmpich.a(statusf2c.o)
[ 69] /Users/michs/devel/usr/local/mpich2/1.5/gcc/4.7/lib/libmpich.a(ch3u_buffer.o)
[ 70] /Users/michs/devel/usr/local/mpich2/1.5/gcc/4.7/lib/libmpich.a(ch3u_comm.o)
[ 71] /Users/michs/devel/usr/local/mpich2/1.5/gcc/4.7/lib/libmpich.a(ch3u_comm_spawn_multiple.o)
[ 72] /Users/michs/devel/usr/local/mpich2/1.5/gcc/4.7/lib/libmpich.a(ch3u_handle_connection.o)
[ 73] /Users/michs/devel/usr/local/mpich2/1.5/gcc/4.7/lib/libmpich.a(ch3u_handle_recv_pkt.o)
[ 74] /Users/michs/devel/usr/local/mpich2/1.5/gcc/4.7/lib/libmpich.a(ch3u_handle_recv_req.o)
[ 75] /Users/michs/devel/usr/local/mpich2/1.5/gcc/4.7/lib/libmpich.a(ch3u_handle_send_req.o)
[ 76] /Users/michs/devel/usr/local/mpich2/1.5/gcc/4.7/lib/libmpich.a(ch3u_port.o)
[ 77] /Users/michs/devel/usr/local/mpich2/1.5/gcc/4.7/lib/libmpich.a(ch3u_recvq.o)
[ 78] /Users/michs/devel/usr/local/mpich2/1.5/gcc/4.7/lib/libmpich.a(ch3u_request.o)
[ 79] /Users/michs/devel/usr/local/mpich2/1.5/gcc/4.7/lib/libmpich.a(ch3u_rma_notimpl.o)
[ 80] /Users/michs/devel/usr/local/mpich2/1.5/gcc/4.7/lib/libmpich.a(ch3u_rma_acc_ops.o)
[ 81] /Users/michs/devel/usr/local/mpich2/1.5/gcc/4.7/lib/libmpich.a(ch3u_rma_ops.o)
[ 82] /Users/michs/devel/usr/local/mpich2/1.5/gcc/4.7/lib/libmpich.a(ch3u_rma_sync.o)
[ 83] /Users/michs/devel/usr/local/mpich2/1.5/gcc/4.7/lib/libmpich.a(ch3u_rndv.o)
[ 84] /Users/michs/devel/usr/local/mpich2/1.5/gcc/4.7/lib/libmpich.a(ch3u_eager.o)
[ 85] /Users/michs/devel/usr/local/mpich2/1.5/gcc/4.7/lib/libmpich.a(ch3u_eagersync.o)
[ 86] /Users/michs/devel/usr/local/mpich2/1.5/gcc/4.7/lib/libmpich.a(ch3u_win_fns.o)
[ 87] /Users/michs/devel/usr/local/mpich2/1.5/gcc/4.7/lib/libmpich.a(mpid_abort.o)
[ 88] /Users/michs/devel/usr/local/mpich2/1.5/gcc/4.7/lib/libmpich.a(mpid_cancel_send.o)
[ 89] /Users/michs/devel/usr/local/mpich2/1.5/gcc/4.7/lib/libmpich.a(mpid_finalize.o)
[ 90] /Users/michs/devel/usr/local/mpich2/1.5/gcc/4.7/lib/libmpich.a(mpid_get_universe_size.o)
[ 91] /Users/michs/devel/usr/local/mpich2/1.5/gcc/4.7/lib/libmpich.a(mpid_getpname.o)
[ 92] /Users/michs/devel/usr/local/mpich2/1.5/gcc/4.7/lib/libmpich.a(mpid_init.o)
[ 93] /Users/michs/devel/usr/local/mpich2/1.5/gcc/4.7/lib/libmpich.a(mpid_irecv.o)
[ 94] /Users/michs/devel/usr/local/mpich2/1.5/gcc/4.7/lib/libmpich.a(mpid_isend.o)
[ 95] /Users/michs/devel/usr/local/mpich2/1.5/gcc/4.7/lib/libmpich.a(mpid_issend.o)
[ 96] /Users/michs/devel/usr/local/mpich2/1.5/gcc/4.7/lib/libmpich.a(mpid_port.o)
[ 97] /Users/michs/devel/usr/local/mpich2/1.5/gcc/4.7/lib/libmpich.a(mpid_probe.o)
[ 98] /Users/michs/devel/usr/local/mpich2/1.5/gcc/4.7/lib/libmpich.a(mpid_recv.o)
[ 99] /Users/michs/devel/usr/local/mpich2/1.5/gcc/4.7/lib/libmpich.a(mpid_send.o)
[100] /Users/michs/devel/usr/local/mpich2/1.5/gcc/4.7/lib/libmpich.a(mpid_ssend.o)
[101] /Users/michs/devel/usr/local/mpich2/1.5/gcc/4.7/lib/libmpich.a(mpid_vc.o)
[102] /Users/michs/devel/usr/local/mpich2/1.5/gcc/4.7/lib/libmpich.a(mpid_rma.o)
[103] /Users/michs/devel/usr/local/mpich2/1.5/gcc/4.7/lib/libmpich.a(mpidi_isend_self.o)
[104] /Users/michs/devel/usr/local/mpich2/1.5/gcc/4.7/lib/libmpich.a(mpidi_pg.o)
[105] /Users/michs/devel/usr/local/mpich2/1.5/gcc/4.7/lib/libmpich.a(mpidi_printf.o)
[106] /Users/michs/devel/usr/local/mpich2/1.5/gcc/4.7/lib/libmpich.a(ch3_finalize.o)
[107] /Users/michs/devel/usr/local/mpich2/1.5/gcc/4.7/lib/libmpich.a(ch3_init.o)
[108] /Users/michs/devel/usr/local/mpich2/1.5/gcc/4.7/lib/libmpich.a(ch3_isend.o)
[109] /Users/michs/devel/usr/local/mpich2/1.5/gcc/4.7/lib/libmpich.a(ch3_isendv.o)
[110] /Users/michs/devel/usr/local/mpich2/1.5/gcc/4.7/lib/libmpich.a(ch3_istartmsg.o)
[111] /Users/michs/devel/usr/local/mpich2/1.5/gcc/4.7/lib/libmpich.a(ch3_istartmsgv.o)
[112] /Users/michs/devel/usr/local/mpich2/1.5/gcc/4.7/lib/libmpich.a(ch3_progress.o)
[113] /Users/michs/devel/usr/local/mpich2/1.5/gcc/4.7/lib/libmpich.a(ch3_rma_shm.o)
[114] /Users/michs/devel/usr/local/mpich2/1.5/gcc/4.7/lib/libmpich.a(ch3_win_fns.o)
[115] /Users/michs/devel/usr/local/mpich2/1.5/gcc/4.7/lib/libmpich.a(ch3i_comm.o)
[116] /Users/michs/devel/usr/local/mpich2/1.5/gcc/4.7/lib/libmpich.a(ch3i_eagernoncontig.o)
[117] /Users/michs/devel/usr/local/mpich2/1.5/gcc/4.7/lib/libmpich.a(mpid_nem_alloc.o)
[118] /Users/michs/devel/usr/local/mpich2/1.5/gcc/4.7/lib/libmpich.a(mpid_nem_init.o)
[119] /Users/michs/devel/usr/local/mpich2/1.5/gcc/4.7/lib/libmpich.a(mpid_nem_barrier.o)
[120] /Users/michs/devel/usr/local/mpich2/1.5/gcc/4.7/lib/libmpich.a(mpid_nem_mpich2.o)
[121] /Users/michs/devel/usr/local/mpich2/1.5/gcc/4.7/lib/libmpich.a(mpid_nem_finalize.o)
[122] /Users/michs/devel/usr/local/mpich2/1.5/gcc/4.7/lib/libmpich.a(mpid_nem_network_poll.o)
[123] /Users/michs/devel/usr/local/mpich2/1.5/gcc/4.7/lib/libmpich.a(mpid_nem_network.o)
[124] /Users/michs/devel/usr/local/mpich2/1.5/gcc/4.7/lib/libmpich.a(mpid_nem_debug.o)
[125] /Users/michs/devel/usr/local/mpich2/1.5/gcc/4.7/lib/libmpich.a(mpid_nem_lmt.o)
[126] /Users/michs/devel/usr/local/mpich2/1.5/gcc/4.7/lib/libmpich.a(mpid_nem_lmt_shm.o)
[127] /Users/michs/devel/usr/local/mpich2/1.5/gcc/4.7/lib/libmpich.a(mpid_nem_net_array.o)
[128] /Users/michs/devel/usr/local/mpich2/1.5/gcc/4.7/lib/libmpich.a(tcp_finalize.o)
[129] /Users/michs/devel/usr/local/mpich2/1.5/gcc/4.7/lib/libmpich.a(tcp_init.o)
[130] /Users/michs/devel/usr/local/mpich2/1.5/gcc/4.7/lib/libmpich.a(tcp_send.o)
[131] /Users/michs/devel/usr/local/mpich2/1.5/gcc/4.7/lib/libmpich.a(tcp_utility.o)
[132] /Users/michs/devel/usr/local/mpich2/1.5/gcc/4.7/lib/libmpich.a(socksm.o)
[133] /Users/michs/devel/usr/local/mpich2/1.5/gcc/4.7/lib/libmpich.a(tcp_getip.o)
[134] /Users/michs/devel/usr/local/mpich2/1.5/gcc/4.7/lib/libmpich.a(darray_support.o)
[135] /Users/michs/devel/usr/local/mpich2/1.5/gcc/4.7/lib/libmpich.a(dataloop.o)
[136] /Users/michs/devel/usr/local/mpich2/1.5/gcc/4.7/lib/libmpich.a(dataloop_create.o)
[137] /Users/michs/devel/usr/local/mpich2/1.5/gcc/4.7/lib/libmpich.a(dataloop_create_blockindexed.o)
[138] /Users/michs/devel/usr/local/mpich2/1.5/gcc/4.7/lib/libmpich.a(dataloop_create_contig.o)
[139] /Users/michs/devel/usr/local/mpich2/1.5/gcc/4.7/lib/libmpich.a(dataloop_create_indexed.o)
[140] /Users/michs/devel/usr/local/mpich2/1.5/gcc/4.7/lib/libmpich.a(dataloop_create_pairtype.o)
[141] /Users/michs/devel/usr/local/mpich2/1.5/gcc/4.7/lib/libmpich.a(dataloop_create_struct.o)
[142] /Users/michs/devel/usr/local/mpich2/1.5/gcc/4.7/lib/libmpich.a(dataloop_create_vector.o)
[143] /Users/michs/devel/usr/local/mpich2/1.5/gcc/4.7/lib/libmpich.a(segment.o)
[144] /Users/michs/devel/usr/local/mpich2/1.5/gcc/4.7/lib/libmpich.a(segment_count.o)
[145] /Users/michs/devel/usr/local/mpich2/1.5/gcc/4.7/lib/libmpich.a(segment_flatten.o)
[146] /Users/michs/devel/usr/local/mpich2/1.5/gcc/4.7/lib/libmpich.a(segment_packunpack.o)
[147] /Users/michs/devel/usr/local/mpich2/1.5/gcc/4.7/lib/libmpich.a(subarray_support.o)
[148] /Users/michs/devel/usr/local/mpich2/1.5/gcc/4.7/lib/libmpich.a(mpid_contents_support.o)
[149] /Users/michs/devel/usr/local/mpich2/1.5/gcc/4.7/lib/libmpich.a(mpid_datatype_contents.o)
[150] /Users/michs/devel/usr/local/mpich2/1.5/gcc/4.7/lib/libmpich.a(mpid_datatype_free.o)
[151] /Users/michs/devel/usr/local/mpich2/1.5/gcc/4.7/lib/libmpich.a(mpid_segment.o)
[152] /Users/michs/devel/usr/local/mpich2/1.5/gcc/4.7/lib/libmpich.a(mpid_type_blockindexed.o)
[153] /Users/michs/devel/usr/local/mpich2/1.5/gcc/4.7/lib/libmpich.a(mpid_type_commit.o)
[154] /Users/michs/devel/usr/local/mpich2/1.5/gcc/4.7/lib/libmpich.a(mpid_type_contiguous.o)
[155] /Users/michs/devel/usr/local/mpich2/1.5/gcc/4.7/lib/libmpich.a(mpid_type_create_pairtype.o)
[156] /Users/michs/devel/usr/local/mpich2/1.5/gcc/4.7/lib/libmpich.a(mpid_type_debug.o)
[157] /Users/michs/devel/usr/local/mpich2/1.5/gcc/4.7/lib/libmpich.a(mpid_type_get_envelope.o)
[158] /Users/michs/devel/usr/local/mpich2/1.5/gcc/4.7/lib/libmpich.a(mpid_type_indexed.o)
[159] /Users/michs/devel/usr/local/mpich2/1.5/gcc/4.7/lib/libmpich.a(mpid_type_struct.o)
[160] /Users/michs/devel/usr/local/mpich2/1.5/gcc/4.7/lib/libmpich.a(mpid_type_vector.o)
[161] /Users/michs/devel/usr/local/mpich2/1.5/gcc/4.7/lib/libmpich.a(mpid_type_zerolen.o)
[162] /Users/michs/devel/usr/local/mpich2/1.5/gcc/4.7/lib/libmpich.a(mpid_sched.o)
[163] /Users/michs/devel/usr/local/mpich2/1.5/gcc/4.7/lib/libmpich.a(mpi_t_util.o)
[164] /Users/michs/devel/usr/local/mpich2/1.5/gcc/4.7/lib/libmpich.a(simple_pmiutil.o)
[165] /Users/michs/devel/usr/local/mpich2/1.5/gcc/4.7/lib/libmpich.a(simple_pmi.o)
[166] /Users/michs/devel/usr/local/mpich2/1.5/gcc/4.7/lib/libmpich.a(comm_create_keyval.o)
[167] /Users/michs/devel/usr/local/mpich2/1.5/gcc/4.7/lib/libmpich.a(comm_free_keyval.o)
[168] /Users/michs/devel/usr/local/mpich2/1.5/gcc/4.7/lib/libmpich.a(comm_get_attr.o)
[169] /Users/michs/devel/usr/local/mpich2/1.5/gcc/4.7/lib/libmpich.a(comm_set_attr.o)
[170] /Users/michs/devel/usr/local/mpich2/1.5/gcc/4.7/lib/libmpich.a(allreduce.o)
[171] /Users/michs/devel/usr/local/mpich2/1.5/gcc/4.7/lib/libmpich.a(barrier.o)
[172] /Users/michs/devel/usr/local/mpich2/1.5/gcc/4.7/lib/libmpich.a(op_create.o)
[173] /Users/michs/devel/usr/local/mpich2/1.5/gcc/4.7/lib/libmpich.a(bcast.o)
[174] /Users/michs/devel/usr/local/mpich2/1.5/gcc/4.7/lib/libmpich.a(reduce.o)
[175] /Users/michs/devel/usr/local/mpich2/1.5/gcc/4.7/lib/libmpich.a(scatter.o)
[176] /Users/michs/devel/usr/local/mpich2/1.5/gcc/4.7/lib/libmpich.a(gather.o)
[177] /Users/michs/devel/usr/local/mpich2/1.5/gcc/4.7/lib/libmpich.a(allgather.o)
[178] /Users/michs/devel/usr/local/mpich2/1.5/gcc/4.7/lib/libmpich.a(reduce_local.o)
[179] /Users/michs/devel/usr/local/mpich2/1.5/gcc/4.7/lib/libmpich.a(red_scat_block.o)
[180] /Users/michs/devel/usr/local/mpich2/1.5/gcc/4.7/lib/libmpich.a(iallgather.o)
[181] /Users/michs/devel/usr/local/mpich2/1.5/gcc/4.7/lib/libmpich.a(iallgatherv.o)
[182] /Users/michs/devel/usr/local/mpich2/1.5/gcc/4.7/lib/libmpich.a(iallreduce.o)
[183] /Users/michs/devel/usr/local/mpich2/1.5/gcc/4.7/lib/libmpich.a(ialltoall.o)
[184] /Users/michs/devel/usr/local/mpich2/1.5/gcc/4.7/lib/libmpich.a(ialltoallv.o)
[185] /Users/michs/devel/usr/local/mpich2/1.5/gcc/4.7/lib/libmpich.a(ialltoallw.o)
[186] /Users/michs/devel/usr/local/mpich2/1.5/gcc/4.7/lib/libmpich.a(ibarrier.o)
[187] /Users/michs/devel/usr/local/mpich2/1.5/gcc/4.7/lib/libmpich.a(ibcast.o)
[188] /Users/michs/devel/usr/local/mpich2/1.5/gcc/4.7/lib/libmpich.a(iexscan.o)
[189] /Users/michs/devel/usr/local/mpich2/1.5/gcc/4.7/lib/libmpich.a(igather.o)
[190] /Users/michs/devel/usr/local/mpich2/1.5/gcc/4.7/lib/libmpich.a(igatherv.o)
[191] /Users/michs/devel/usr/local/mpich2/1.5/gcc/4.7/lib/libmpich.a(ired_scat.o)
[192] /Users/michs/devel/usr/local/mpich2/1.5/gcc/4.7/lib/libmpich.a(ired_scat_block.o)
[193] /Users/michs/devel/usr/local/mpich2/1.5/gcc/4.7/lib/libmpich.a(ireduce.o)
[194] /Users/michs/devel/usr/local/mpich2/1.5/gcc/4.7/lib/libmpich.a(iscan.o)
[195] /Users/michs/devel/usr/local/mpich2/1.5/gcc/4.7/lib/libmpich.a(iscatter.o)
[196] /Users/michs/devel/usr/local/mpich2/1.5/gcc/4.7/lib/libmpich.a(iscatterv.o)
[197] /Users/michs/devel/usr/local/mpich2/1.5/gcc/4.7/lib/libmpich.a(comm_dup.o)
[198] /Users/michs/devel/usr/local/mpich2/1.5/gcc/4.7/lib/libmpich.a(comm_free.o)
[199] /Users/michs/devel/usr/local/mpich2/1.5/gcc/4.7/lib/libmpich.a(comm_group.o)
[200] /Users/michs/devel/usr/local/mpich2/1.5/gcc/4.7/lib/libmpich.a(comm_split.o)
[201] /Users/michs/devel/usr/local/mpich2/1.5/gcc/4.7/lib/libmpich.a(get_count.o)
[202] /Users/michs/devel/usr/local/mpich2/1.5/gcc/4.7/lib/libmpich.a(pack.o)
[203] /Users/michs/devel/usr/local/mpich2/1.5/gcc/4.7/lib/libmpich.a(unpack.o)
[204] /Users/michs/devel/usr/local/mpich2/1.5/gcc/4.7/lib/libmpich.a(pack_size.o)
[205] /Users/michs/devel/usr/local/mpich2/1.5/gcc/4.7/lib/libmpich.a(type_vector.o)
[206] /Users/michs/devel/usr/local/mpich2/1.5/gcc/4.7/lib/libmpich.a(type_commit.o)
[207] /Users/michs/devel/usr/local/mpich2/1.5/gcc/4.7/lib/libmpich.a(type_indexed.o)
[208] /Users/michs/devel/usr/local/mpich2/1.5/gcc/4.7/lib/libmpich.a(type_struct.o)
[209] /Users/michs/devel/usr/local/mpich2/1.5/gcc/4.7/lib/libmpich.a(type_contiguous.o)
[210] /Users/michs/devel/usr/local/mpich2/1.5/gcc/4.7/lib/libmpich.a(type_free.o)
[211] /Users/michs/devel/usr/local/mpich2/1.5/gcc/4.7/lib/libmpich.a(type_hvector.o)
[212] /Users/michs/devel/usr/local/mpich2/1.5/gcc/4.7/lib/libmpich.a(type_get_envelope.o)
[213] /Users/michs/devel/usr/local/mpich2/1.5/gcc/4.7/lib/libmpich.a(type_get_extent.o)
[214] /Users/michs/devel/usr/local/mpich2/1.5/gcc/4.7/lib/libmpich.a(type_get_true_extent.o)
[215] /Users/michs/devel/usr/local/mpich2/1.5/gcc/4.7/lib/libmpich.a(type_create_struct.o)
[216] /Users/michs/devel/usr/local/mpich2/1.5/gcc/4.7/lib/libmpich.a(type_create_indexed_block.o)
[217] /Users/michs/devel/usr/local/mpich2/1.5/gcc/4.7/lib/libmpich.a(group_difference.o)
[218] /Users/michs/devel/usr/local/mpich2/1.5/gcc/4.7/lib/libmpich.a(group_free.o)
[219] /Users/michs/devel/usr/local/mpich2/1.5/gcc/4.7/lib/libmpich.a(group_incl.o)
[220] /Users/michs/devel/usr/local/mpich2/1.5/gcc/4.7/lib/libmpich.a(group_translate_ranks.o)
[221] /Users/michs/devel/usr/local/mpich2/1.5/gcc/4.7/lib/libmpich.a(init.o)
[222] /Users/michs/devel/usr/local/mpich2/1.5/gcc/4.7/lib/libmpich.a(initthread.o)
[223] /Users/michs/devel/usr/local/mpich2/1.5/gcc/4.7/lib/libmpich.a(finalize.o)
[224] /Users/michs/devel/usr/local/mpich2/1.5/gcc/4.7/lib/libmpich.a(wait.o)
[225] /Users/michs/devel/usr/local/mpich2/1.5/gcc/4.7/lib/libmpich.a(waitall.o)
[226] /Users/michs/devel/usr/local/mpich2/1.5/gcc/4.7/lib/libmpich.a(cart_rank.o)
[227] /Users/michs/devel/usr/local/mpich2/1.5/gcc/4.7/lib/libmpich.a(cart_shift.o)
[228] /Users/michs/devel/usr/local/mpich2/1.5/gcc/4.7/lib/libmpich.a(graph_nbr.o)
[229] /Users/michs/devel/usr/local/mpich2/1.5/gcc/4.7/lib/libmpich.a(graphnbrcnt.o)
[230] /Users/michs/devel/usr/local/mpich2/1.5/gcc/4.7/lib/libmpich.a(dist_gr_neighb_count.o)
[231] /Users/michs/devel/usr/local/mpich2/1.5/gcc/4.7/lib/libmpich.a(dist_gr_neighb.o)
[232] /Users/michs/devel/usr/local/mpich2/1.5/gcc/4.7/lib/libmpich.a(inhb_allgather.o)
[233] /Users/michs/devel/usr/local/mpich2/1.5/gcc/4.7/lib/libmpich.a(inhb_allgatherv.o)
[234] /Users/michs/devel/usr/local/mpich2/1.5/gcc/4.7/lib/libmpich.a(inhb_alltoall.o)
[235] /Users/michs/devel/usr/local/mpich2/1.5/gcc/4.7/lib/libmpich.a(inhb_alltoallv.o)
[236] /Users/michs/devel/usr/local/mpich2/1.5/gcc/4.7/lib/libmpich.a(inhb_alltoallw.o)
[237] /Users/michs/devel/usr/local/mpich2/1.5/gcc/4.7/lib/libmpich.a(nhb_allgather.o)
[238] /Users/michs/devel/usr/local/mpich2/1.5/gcc/4.7/lib/libmpich.a(nhb_allgatherv.o)
[239] /Users/michs/devel/usr/local/mpich2/1.5/gcc/4.7/lib/libmpich.a(nhb_alltoall.o)
[240] /Users/michs/devel/usr/local/mpich2/1.5/gcc/4.7/lib/libmpich.a(nhb_alltoallv.o)
[241] /Users/michs/devel/usr/local/mpich2/1.5/gcc/4.7/lib/libmpich.a(nhb_alltoallw.o)
[242] /Users/michs/devel/usr/local/mpich2/1.5/gcc/4.7/lib/libmpich.a(info_get.o)
[243] /Users/michs/devel/usr/local/mpich2/1.5/gcc/4.7/lib/libmpich.a(info_getn.o)
[244] /Users/michs/devel/usr/local/mpich2/1.5/gcc/4.7/lib/libmpich.a(info_getnth.o)
[245] /Users/michs/devel/usr/local/mpich2/1.5/gcc/4.7/lib/libmpich.a(info_getvallen.o)
[246] /Users/michs/devel/usr/local/mpich2/1.5/gcc/4.7/lib/libmpich.a(mpit_init_thread.o)
[247] /Users/michs/devel/usr/local/mpich2/1.5/gcc/4.7/lib/libmpich.a(setbot.o)
[248] /Users/michs/devel/usr/local/mpich2/1.5/gcc/4.7/lib/libmpich.a(setbotf.o)
[249] /Users/michs/devel/usr/local/mpich2/1.5/gcc/4.7/lib/libmpl.a(mplstr.o)
[250] /Users/michs/devel/usr/local/mpich2/1.5/gcc/4.7/lib/libmpl.a(mpltrmem.o)
[251] /Users/michs/devel/usr/local/mpich2/1.5/gcc/4.7/lib/libmpl.a(mplenv.o)
[252] /usr/lib/libSystem.dylib
[253] /opt/local/lib/gcc47/libgcc_ext.10.5.dylib
# Sections:
# Address	Size    	Segment	Section
0x1000019A0	0x00116289	__TEXT	__text
0x100117C2A	0x000002C4	__TEXT	__stubs
0x100117EF0	0x000004AC	__TEXT	__stub_helper
0x1001183A0	0x0001D2D4	__TEXT	__const
0x100135678	0x00021D1F	__TEXT	__cstring
0x100157398	0x0001CC50	__TEXT	__eh_frame
0x100174000	0x00000078	__DATA	__got
0x100174078	0x00000010	__DATA	__nl_symbol_ptr
0x100174088	0x000003B0	__DATA	__la_symbol_ptr
0x100174440	0x00001850	__DATA	__data
0x100175CA0	0x0000B330	__DATA	__const
0x100180FD0	0x00000003	__DATA	__static_data
0x100180FD8	0x00000100	__DATA	__pu_bss3
0x1001810D8	0x00000198	__DATA	__bss3
0x100181270	0x000000D4	__DATA	__bss2
0x100181344	0x00000050	__DATA	__pu_bss2
0x1001813A0	0x00000020	__DATA	__pu_bss4
0x1001813C0	0x000000B4	__DATA	__common
0x100181480	0x0000004C	__DATA	__bss4
0x1001814E0	0x0001D920	__DATA	__bss5
0x10019EE00	0x0000B358	__DATA	__pu_bss5
# Symbols:
# Address	Size    	File  Name
0x1000019A0	0x00000026	[  1] _log4c_category_is_priority_enabled
0x1000019C6	0x0000005C	[  1] _log4c_category_vlog
0x100001A22	0x000000C2	[  1] ___log4c_category_trace
0x100001AE4	0x00000025	[  1] _setup_logging
0x100001B09	0x0000011B	[  1] _setup_crystal
0x100001C24	0x0000013A	[  1] _main
0x100001D5E	0x000000EA	[  1] _exch_int
0x100001E48	0x0000013C	[  1] _exch_buf
0x100001F84	0x0000007E	[  1] _read_int
0x100002002	0x00000075	[  1] _read_str
0x100002077	0x00000102	[  1] _get_task
0x100002179	0x00000064	[  1] _welcome
0x1000021DD	0x00000313	[  1] _write_mail
0x1000024F0	0x000001DF	[  1] _read_mail
0x1000026CF	0x000000B8	[  1] _print_mess
0x100002787	0x0000018C	[  1] _set_mail_buffers
0x100002913	0x00000143	[  1] _clear_messages
0x100002A56	0x00000006	[  1] _get_param
0x100002A5C	0x0000000A	[  1] _error_messages
0x100002A66	0x00000031	[  2] ___inline_memcpy_chk
0x100002A97	0x00000031	[  2] ___inline_memmove_chk
0x100002AC8	0x00000026	[  2] _log4c_category_is_priority_enabled
0x100002AEE	0x0000005C	[  2] _log4c_category_vlog
0x100002B4A	0x000000C2	[  2] ___log4c_category_trace
0x100002C0C	0x0000005F	[  2] _init_cr_buf
0x100002C6B	0x0000004E	[  2] _sub_buffer
0x100002CB9	0x00000080	[  2] _add_to_buffer
0x100002D39	0x000000C0	[  2] _rescue_buf
0x100002DF9	0x00000155	[  2] _compress
0x100002F4E	0x000002E6	[  2] _check_buffer
0x100003234	0x00000037	[  2] _test_buffer_wrap
0x10000326B	0x00000038	[  2] _crb_next_message
0x1000032A3	0x000001B8	[  2] _get_message
0x10000345B	0x000000EB	[  2] _send_message
0x100003546	0x00000142	[  2] _log_buffer_content
0x100003688	0x000000B9	[  2] _print_buffer
0x100003741	0x0000001F	[  2] _crb_data_len
0x100003760	0x00000020	[  2] _crb_data
0x100003780	0x0000003C	[  2] _crb_clear
0x1000037BC	0x000000FB	[  2] _crb_resize
0x1000038B7	0x00000012	[  2] _crb_create_msg
0x1000038C9	0x00000051	[  2] _crb_close_msg
0x10000391A	0x0000002D	[  2] _crb_add_recipient
0x100003947	0x0000005A	[  2] _crb_add_recipients
0x1000039A1	0x00000093	[  2] _crb_add_msgcontent
0x100003A34	0x00000031	[  4] ___inline_memcpy_chk
0x100003A65	0x000002FA	[  4] _message_string
0x100003D5F	0x0000007C	[  4] _cr_msg_header
0x100003DDB	0x00000066	[  4] _cr_msg_len
0x100003E41	0x00000031	[  5] ___inline_memcpy_chk
0x100003E72	0x00000026	[  5] _log4c_category_is_priority_enabled
0x100003E98	0x0000005C	[  5] _log4c_category_vlog
0x100003EF4	0x000000C2	[  5] _log4c_category_debug
0x100003FB6	0x000000C2	[  5] ___log4c_category_trace
0x100004078	0x00000088	[  5] _log_cr_router
0x100004100	0x000002D6	[  5] _copy_to_buf
0x1000043D6	0x000002B1	[  5] _crystal_router
0x100004687	0x000000EB	[  5] _new_crystal_router
0x100004772	0x00000057	[  5] _del_crystal_router
0x1000047C9	0x00000033	[  5] _crb_buffer
0x1000047FC	0x00000026	[  6] _log4c_category_is_priority_enabled
0x100004822	0x0000005C	[  6] _log4c_category_vlog
0x10000487E	0x000000C2	[  6] _log4c_category_debug
0x100004940	0x00000011	[  6] _commcntxt_size
0x100004951	0x00000011	[  6] _commcntxt_id
0x100004962	0x000000D3	[  6] _mcMPICommContext
0x100004A35	0x00000027	[  6] _delMPICommContext
0x100004A5C	0x00000026	[  7] _log4c_category_is_priority_enabled
0x100004A82	0x0000005C	[  7] _log4c_category_vlog
0x100004ADE	0x000000C2	[  7] ___log4c_category_trace
0x100004BA0	0x0000022C	[  7] _cshift
0x100004DCC	0x00000026	[  8] _log4c_category_is_priority_enabled
0x100004DF2	0x0000005C	[  8] _log4c_category_vlog
0x100004E4E	0x000000C2	[  8] _log4c_category_error
0x100004F10	0x000000C2	[  8] ___log4c_category_trace
0x100004FD2	0x000001E1	[  8] _cread
0x1000051B3	0x00000026	[  9] _log4c_category_is_priority_enabled
0x1000051D9	0x0000005C	[  9] _log4c_category_vlog
0x100005235	0x000000C2	[  9] _log4c_category_debug
0x1000052F7	0x000000C2	[  9] ___log4c_category_trace
0x1000053B9	0x00000160	[  9] _cwrite
0x100005519	0x00000026	[ 10] _log4c_category_is_priority_enabled
0x10000553F	0x0000005C	[ 10] _log4c_category_vlog
0x10000559B	0x000000C2	[ 10] _log4c_category_debug
0x10000565D	0x00000120	[ 10] _log_init
0x10000577D	0x0000000B	[ 10] _log_fini
0x100005790	0x00000210	[ 12] _MPIU_Thread_CS_exit_lockname_recursive_impl_.constprop.0
0x1000059A0	0x00000270	[ 12] _MPIU_Thread_CS_enter_lockname_recursive_impl_.constprop.1
0x100005C10	0x000003B3	[ 12] _MPI_Barrier
0x100005FD0	0x00000210	[ 13] _MPIU_Thread_CS_exit_lockname_recursive_impl_.constprop.0
0x1000061E0	0x00000270	[ 13] _MPIU_Thread_CS_enter_lockname_recursive_impl_.constprop.1
0x100006450	0x0000074E	[ 13] _MPI_Bcast
0x100006BA0	0x00000210	[ 14] _MPIU_Thread_CS_exit_lockname_recursive_impl_.constprop.0
0x100006DB0	0x00000270	[ 14] _MPIU_Thread_CS_enter_lockname_recursive_impl_.constprop.1
0x100007020	0x00000406	[ 14] _MPI_Comm_free
0x100007430	0x00000210	[ 15] _MPIU_Thread_CS_exit_lockname_recursive_impl_.constprop.0
0x100007640	0x00000270	[ 15] _MPIU_Thread_CS_enter_lockname_recursive_impl_.constprop.1
0x1000078B0	0x000003E4	[ 15] _MPI_Comm_rank
0x100007CA0	0x00000334	[ 16] _MPI_Comm_size
0x100007FE0	0x00000210	[ 17] _MPIU_Thread_CS_exit_lockname_recursive_impl_.constprop.0
0x1000081F0	0x00000270	[ 17] _MPIU_Thread_CS_enter_lockname_recursive_impl_.constprop.1
0x100008460	0x00000443	[ 17] _MPI_Comm_split
0x1000088B0	0x000002F5	[ 18] _MPI_Get_count
0x100008BB0	0x000002F1	[ 19] _MPI_Init
0x100008EB0	0x00000210	[ 20] _MPIU_Thread_CS_exit_lockname_recursive_impl_.constprop.0
0x1000090C0	0x00000270	[ 20] _MPIU_Thread_CS_enter_lockname_recursive_impl_.constprop.1
0x100009330	0x00000663	[ 20] _MPI_Finalize
0x1000099A0	0x00000210	[ 21] _MPIU_Thread_CS_exit_lockname_recursive_impl_.constprop.0
0x100009BB0	0x00000270	[ 21] _MPIU_Thread_CS_enter_lockname_recursive_impl_.constprop.1
0x100009E20	0x000007E5	[ 21] _MPI_Irecv
0x10000A610	0x00000210	[ 22] _MPIU_Thread_CS_exit_lockname_recursive_impl_.constprop.0
0x10000A820	0x00000270	[ 22] _MPIU_Thread_CS_enter_lockname_recursive_impl_.constprop.1
0x10000AA90	0x000007E5	[ 22] _MPI_Isend
0x10000B280	0x00000210	[ 23] _MPIU_Thread_CS_exit_lockname_recursive_impl_.constprop.0
0x10000B490	0x00000270	[ 23] _MPIU_Thread_CS_enter_lockname_recursive_impl_.constprop.1
0x10000B700	0x00000992	[ 23] _MPI_Recv
0x10000C0A0	0x00000210	[ 24] _MPIU_Thread_CS_exit_lockname_recursive_impl_.constprop.0
0x10000C2B0	0x00000270	[ 24] _MPIU_Thread_CS_enter_lockname_recursive_impl_.constprop.1
0x10000C520	0x000008E8	[ 24] _MPI_Send
0x10000CE10	0x00000210	[ 25] _MPIU_Thread_CS_exit_lockname_recursive_impl_.constprop.0
0x10000D020	0x00000270	[ 25] _MPIU_Thread_CS_enter_lockname_recursive_impl_.constprop.1
0x10000D290	0x0000038B	[ 25] _MPI_Waitall
0x10000D620	0x00000210	[ 26] _MPIU_Thread_CS_exit_lockname_recursive_impl_.constprop.0
0x10000D830	0x00000270	[ 26] _MPIU_Thread_CS_enter_lockname_recursive_impl_.constprop.1
0x10000DAA0	0x000000D0	[ 26] _MPID_Attr_alloc
0x10000DB70	0x00000010	[ 26] _MPID_Attr_free
0x10000DB80	0x00000080	[ 26] _MPIR_Call_attr_delete
0x10000DC00	0x00000080	[ 26] _MPIR_Call_attr_copy
0x10000DC80	0x000001F0	[ 26] _MPIR_Attr_dup_list
0x10000DE70	0x000001E0	[ 26] _MPIR_Attr_delete_list
0x10000E050	0x00000140	[ 26] _MPIR_Attr_copy_c_proxy
0x10000E190	0x00000140	[ 26] _MPIR_Attr_delete_c_proxy
0x10000E2D0	0x0000006E	[ 26] _MPIR_Keyval_set_proxy
0x10000E340	0x00001610	[ 27] _MPIR_Allreduce_group_intra
0x10000F950	0x000000B1	[ 27] _MPIR_Allreduce_group
0x10000FA10	0x00000010	[ 28] _MPIUI_Memcpy
0x10000FA20	0x000000B0	[ 28] _MPIC_Probe
0x10000FAD0	0x00000710	[ 28] _MPIC_Sendrecv_replace
0x1000101E0	0x00000760	[ 28] _MPIR_Localcopy
0x100010940	0x00000210	[ 28] _MPIC_Isend
0x100010B50	0x00000210	[ 28] _MPIC_Irecv
0x100010D60	0x00000140	[ 28] _MPIC_Wait
0x100010EA0	0x00000520	[ 28] _MPIC_Sendrecv
0x1000113C0	0x00000430	[ 28] _MPIC_Ssend
0x1000117F0	0x00000460	[ 28] _MPIC_Recv
0x100011C50	0x00000430	[ 28] _MPIC_Send
0x100012080	0x00000190	[ 28] _MPIC_Send_ft
0x100012210	0x00000320	[ 28] _MPIC_Recv_ft
0x100012530	0x00000190	[ 28] _MPIC_Ssend_ft
0x1000126C0	0x00000390	[ 28] _MPIC_Sendrecv_ft
0x100012A50	0x00000340	[ 28] _MPIC_Sendrecv_replace_ft
0x100012D90	0x000001C0	[ 28] _MPIC_Isend_ft
0x100012F50	0x00000140	[ 28] _MPIC_Irecv_ft
0x100013090	0x000002A7	[ 28] _MPIC_Waitall_ft
0x100013340	0x00000BC0	[ 29] _MPIR_SUM
0x100013F00	0x00000345	[ 29] _MPIR_SUM_check_dtype
0x100014250	0x000008E0	[ 30] _MPIR_MAXF
0x100014B30	0x00000229	[ 30] _MPIR_MAXF_check_dtype
0x100014D60	0x000008E0	[ 31] _MPIR_MINF
0x100015640	0x00000229	[ 31] _MPIR_MINF_check_dtype
0x100015870	0x000006C0	[ 32] _MPIR_BAND
0x100015F30	0x000001E5	[ 32] _MPIR_BAND_check_dtype
0x100016120	0x000006C0	[ 33] _MPIR_BOR
0x1000167E0	0x000001E5	[ 33] _MPIR_BOR_check_dtype
0x1000169D0	0x000006C0	[ 34] _MPIR_BXOR
0x100017090	0x000001E5	[ 34] _MPIR_BXOR_check_dtype
0x100017280	0x00000C10	[ 35] _MPIR_LAND
0x100017E90	0x0000029D	[ 35] _MPIR_LAND_check_dtype
0x100018130	0x00000CC0	[ 36] _MPIR_LOR
0x100018DF0	0x0000029D	[ 36] _MPIR_LOR_check_dtype
0x100019090	0x00000E60	[ 37] _MPIR_LXOR
0x100019EF0	0x0000029D	[ 37] _MPIR_LXOR_check_dtype
0x10001A190	0x00000D30	[ 38] _MPIR_PROD
0x10001AEC0	0x00000345	[ 38] _MPIR_PROD_check_dtype
0x10001B210	0x00000410	[ 39] _MPIR_MINLOC
0x10001B620	0x00000082	[ 39] _MPIR_MINLOC_check_dtype
0x10001B6B0	0x00000410	[ 40] _MPIR_MAXLOC
0x10001BAC0	0x00000082	[ 40] _MPIR_MAXLOC_check_dtype
0x10001BB50	0x00000010	[ 41] _MPIR_NO_OP
0x10001BB60	0x00000003	[ 41] _MPIR_NO_OP_check_dtype
0x10001BB70	0x00000050	[ 42] _MPIR_REPLACE
0x10001BBC0	0x00000003	[ 42] _MPIR_REPLACE_check_dtype
0x10001BBD0	0x0000001F	[ 43] _MPIR_Sched_cb_free_buf
0x10001BBF0	0x00000090	[ 44] _MPIR_Locate_context_bit
0x10001BC80	0x000000D0	[ 44] _cleanup_default_collops
0x10001BD50	0x000000A0	[ 44] _MPIR_ContextMaskToStr
0x10001BDF0	0x00000050	[ 44] _MPIR_Init_contextid
0x10001BE40	0x00000040	[ 44] _MPIU_CheckContextIDsOnFinalize
0x10001BE80	0x000004E0	[ 44] _set_collops.part.2
0x10001C360	0x00000130	[ 44] _MPIR_Find_and_allocate_context_id
0x10001C490	0x00000080	[ 44] _gcn_helper
0x10001C510	0x000000C0	[ 44] _MPIR_Comm_dump_context_id.constprop.4
0x10001C5D0	0x000000C0	[ 44] _MPIUI_Memcpy.constprop.5
0x10001C690	0x00000350	[ 44] _gcn_sch
0x10001C9E0	0x00000390	[ 44] _MPIU_Thread_CS_yield_lockname_recursive_impl_.isra.1.constprop.7
0x10001CD70	0x00000130	[ 44] _MPIR_Comm_init
0x10001CEA0	0x00000160	[ 44] _MPIR_Comm_create
0x10001D000	0x000006C0	[ 44] _MPIR_Comm_commit
0x10001D6C0	0x00000280	[ 44] _MPIR_Setup_intercomm_localcomm
0x10001D940	0x00000010	[ 44] _MPIR_Comm_is_node_aware
0x10001D950	0x00000070	[ 44] _MPIR_Comm_is_node_consecutive
0x10001D9C0	0x00000B10	[ 44] _MPIR_Get_contextid_sparse_group
0x10001E4D0	0x00000020	[ 44] _MPIR_Get_contextid_sparse
0x10001E4F0	0x00000090	[ 44] _MPIR_Get_contextid
0x10001E580	0x000001E0	[ 44] _MPIR_Get_contextid_nonblock
0x10001E760	0x000003B0	[ 44] _MPIR_Get_intercomm_contextid_nonblock
0x10001EB10	0x00000310	[ 44] _MPIR_Get_intercomm_contextid
0x10001EE20	0x000003C0	[ 44] _MPIR_Free_contextid
0x10001F1E0	0x000004D0	[ 44] _MPIR_Comm_copy
0x10001F6B0	0x000002F0	[ 44] _MPIR_Comm_copy_data
0x10001F9A0	0x00000920	[ 44] _MPIR_Comm_delete_internal
0x1000202C0	0x000001FA	[ 44] _MPIR_Comm_release_always
0x1000204C0	0x00000060	[ 45] _MPIR_DatatypeAttrFinalizeCallback
0x100020520	0x000001F0	[ 45] _MPIR_Datatype_finalize
0x100020710	0x00000160	[ 45] _MPIR_Datatype_init
0x100020870	0x000002F0	[ 45] _MPIR_Datatype_builtin_fillin
0x100020B60	0x00000090	[ 45] _MPIR_Datatype_iscontig
0x100020BF0	0x0000002D	[ 45] _MPIR_DatatypeAttrFinalize
0x100020C20	0x00000060	[ 46] _checkValidErrcode
0x100020C80	0x00000350	[ 46] _checkForUserErrcode
0x100020FD0	0x00000090	[ 46] _FindSpecificMsgIndex
0x100021060	0x00000010	[ 46] _MPIUI_Memcpy
0x100021070	0x00000010	[ 46] _MPID_Errhandler_free
0x100021080	0x00000080	[ 46] _MPIR_Errhandler_set_cxx
0x100021100	0x00000050	[ 46] _MPIR_Err_preOrPostInit
0x100021150	0x00000010	[ 46] _MPIR_Err_is_fatal
0x100021160	0x000000F0	[ 46] _MPIR_Err_init
0x100021250	0x00000CC0	[ 46] _MPIR_Err_get_string
0x100021F10	0x000000C0	[ 46] _handleFatalError
0x100021FD0	0x000002A0	[ 46] _MPIR_Err_return_comm
0x100022270	0x00000190	[ 46] _MPIR_Err_return_win
0x100022400	0x000018F0	[ 46] _MPIR_Err_create_code_valist
0x100023CF0	0x00000190	[ 46] _MPIR_Err_create_code
0x100023E80	0x000003C0	[ 46] _MPIR_Err_combine_codes
0x100024240	0x00000428	[ 46] _MPIR_Err_print_stack
0x100024670	0x000001E0	[ 47] _MPIR_Mergesort_lpidarray
0x100024850	0x000000E0	[ 47] _MPIR_Group_init
0x100024930	0x00000100	[ 47] _MPIR_Group_release
0x100024A30	0x000001E0	[ 47] _MPIR_Group_create
0x100024C10	0x00000030	[ 47] _MPIR_Group_setup_lpid_list
0x100024C40	0x00000050	[ 47] _MPIR_Group_setup_lpid_pairs
0x100024C90	0x00000140	[ 47] _MPIR_Group_check_valid_ranks
0x100024DD0	0x000003D0	[ 47] _MPIR_Group_check_valid_ranges
0x1000251A0	0x00000386	[ 47] _MPIR_GroupCheckVCRSubset
0x100025530	0x00000210	[ 48] _MPIU_Thread_CS_exit_lockname_recursive_impl_.constprop.0
0x100025740	0x00000270	[ 48] _MPIU_Thread_CS_enter_lockname_recursive_impl_.constprop.1
0x1000259B0	0x00000420	[ 48] _progress_fn
0x100025DD0	0x00000300	[ 48] _MPIR_Init_async_thread
0x1000260D0	0x000006EF	[ 48] _MPIR_Finalize_async_thread
0x1000267C0	0x000000A0	[ 49] _MPIR_Progress_wait_request
0x100026860	0x00000070	[ 49] _MPIR_Grequest_set_lang_f77
0x1000268D0	0x000000E0	[ 49] _MPIR_Grequest_cancel
0x1000269B0	0x00000100	[ 49] _MPIR_Grequest_query
0x100026AB0	0x000001E0	[ 49] _MPIR_Request_get_error
0x100026C90	0x000000D0	[ 49] _MPIR_Grequest_free
0x100026D60	0x000007C0	[ 49] _MPIR_Request_complete
0x100027520	0x00000220	[ 49] _MPIR_Grequest_progress_poke
0x100027740	0x00000203	[ 49] _MPIR_Grequest_waitall
0x100027950	0x000001A0	[ 51] _MPIR_Type_is_rma_atomic
0x100027AF0	0x000001C9	[ 51] _MPIR_Compare_equal
0x100027CC0	0x00000040	[ 52] _MPID_Wtime_init
0x100027D00	0x00000010	[ 52] _MPID_Wtime
0x100027D10	0x00000050	[ 52] _MPID_Wtime_diff
0x100027D60	0x00000050	[ 52] _MPID_Wtime_todouble
0x100027DB0	0x00000010	[ 52] _MPID_Wtime_acc
0x100027DC0	0x000000F0	[ 52] _MPID_Generic_wtick
0x100027EB0	0x00000005	[ 52] _MPID_Wtick
0x100027EC0	0x00000010	[ 53] _MPIUI_Memcpy
0x100027ED0	0x00000030	[ 53] _MPIR_Topology_finalize
0x100027F00	0x00000160	[ 53] _MPIR_Topology_delete_fn
0x100028060	0x00000120	[ 53] _MPIR_Copy_array
0x100028180	0x00000470	[ 53] _MPIR_Topology_copy_fn
0x1000285F0	0x00000050	[ 53] _MPIR_Topology_get
0x100028640	0x00000100	[ 53] _MPIR_Topology_put
0x100028740	0x00000150	[ 53] _MPIR_Topo_canon_nhb_count
0x100028890	0x00000560	[ 53] _MPIR_Topo_canon_nhb
0x100028DF0	0x00000070	[ 54] _SetDBGLevel
0x100028E60	0x000001A0	[ 54] _setDBGClass
0x100029000	0x00000070	[ 54] _MPIU_DBG_Usage
0x100029070	0x00000180	[ 54] _MPIU_DBG_ProcessEnv
0x1000291F0	0x00000280	[ 54] _MPIU_DBG_ProcessArgs
0x100029470	0x000000F0	[ 54] _dbg_init
0x100029560	0x00000040	[ 54] _dbg_init_tls
0x1000295A0	0x00000040	[ 54] _get_fp
0x1000295E0	0x00000080	[ 54] _set_fp
0x100029660	0x00000360	[ 54] _MPIU_DBG_Get_filename.constprop.3
0x1000299C0	0x00000090	[ 54] _MPIU_dbg_init
0x100029A50	0x00000200	[ 54] _MPIU_dbglog_printf
0x100029C50	0x000001C0	[ 54] _MPIU_dbglog_vprintf
0x100029E10	0x000000D0	[ 54] _MPIU_dbg_printf
0x100029EE0	0x000000A0	[ 54] _MPIU_dump_dbg_memlog
0x100029F80	0x00000040	[ 54] _MPIU_dump_dbg_memlog_to_file
0x100029FC0	0x00000010	[ 54] _MPIU_dump_dbg_memlog_to_stdout
0x100029FD0	0x000003D0	[ 54] _MPIU_DBG_Outevent
0x10002A3A0	0x00000080	[ 54] _MPIU_DBG_PreInit
0x10002A420	0x0000020A	[ 54] _MPIU_DBG_Init
0x10002A630	0x00000009	[ 55] _MPIU_Exit
0x10002A640	0x00000070	[ 56] _MPIU_Info_free
0x10002A6B0	0x00000130	[ 56] _MPIU_Info_alloc
0x10002A7E0	0x000000B0	[ 57] _MPIU_INSTR_Printf
0x10002A890	0x00000090	[ 57] _MPIU_INSTR_Finalize
0x10002A920	0x00000070	[ 57] _MPIU_INSTR_AddHandle
0x10002A990	0x000000C0	[ 57] _MPIU_INSTR_ToStr_Duration_Count
0x10002AA50	0x00000025	[ 57] _MPIU_INSTR_ToStr_Counter
0x10002AA80	0x00000010	[ 58] _MPIU_trinit
0x10002AA90	0x00000350	[ 58] _MPIU_trdump
0x10002ADE0	0x00000350	[ 58] _MPIU_trmalloc
0x10002B130	0x00000370	[ 58] _MPIU_trfree
0x10002B4A0	0x00000330	[ 58] _MPIU_trvalid
0x10002B7D0	0x00000350	[ 58] _MPIU_trspace
0x10002BB20	0x00000350	[ 58] _MPIU_trid
0x10002BE70	0x00000350	[ 58] _MPIU_trlevel
0x10002C1C0	0x00000350	[ 58] _MPIU_trDebugLevel
0x10002C510	0x00000350	[ 58] _MPIU_trcalloc
0x10002C860	0x00000350	[ 58] _MPIU_trrealloc
0x10002CBB0	0x00000340	[ 58] _MPIU_trstrdup
0x10002CEF0	0x00000341	[ 58] _MPIU_TrSetMaxMem
0x10002D240	0x00000060	[ 59] _MPIU_Handle_finalize
0x10002D2A0	0x00000060	[ 59] _MPIU_Handle_direct_init
0x10002D300	0x00000030	[ 59] _MPIU_Handle_obj_alloc_complete
0x10002D330	0x000002E0	[ 59] _MPIU_Handle_obj_alloc_unsafe
0x10002D610	0x00000010	[ 59] _MPIU_Handle_obj_alloc
0x10002D620	0x00000040	[ 59] _MPIU_Handle_get_ptr_indirect
0x10002D660	0x00000150	[ 59] _MPIU_Handle_get_kind_str
0x10002D7B0	0x000000F0	[ 59] _MPIU_Handle_obj_free
0x10002D8A0	0x000002E0	[ 59] _MPIU_CheckHandlesOnFinalize
0x10002DB80	0x00000033	[ 59] _MPIU_Handle_obj_outstanding
0x10002DBC0	0x00000070	[ 60] _MPIU_Strncpy
0x10002DC30	0x00000090	[ 60] _MPIU_Strnapp
0x10002DCC0	0x0000001F	[ 60] _MPIU_Basename
0x10002DCE0	0x000000C0	[ 61] _next_token
0x10002DDA0	0x00000140	[ 61] _compare_token
0x10002DEE0	0x00000110	[ 61] _token_copy
0x10002DFF0	0x000000A0	[ 61] _quoted_printf
0x10002E090	0x000000C0	[ 61] _MPIU_Str_get_string_arg
0x10002E150	0x000001B0	[ 61] _MPIU_Str_get_binary_arg
0x10002E300	0x00000160	[ 61] _MPIU_Str_hide_string_arg
0x10002E460	0x00000040	[ 61] _MPIU_Str_get_int_arg
0x10002E4A0	0x00000140	[ 61] _MPIU_Str_add_string
0x10002E5E0	0x00000090	[ 61] _MPIU_Str_get_string
0x10002E670	0x00000270	[ 61] _MPIU_Str_add_string_arg
0x10002E8E0	0x00000060	[ 61] _MPIU_Str_add_int_arg
0x10002E940	0x0000029C	[ 61] _MPIU_Str_add_binary_arg
0x10002EBE0	0x00000041	[ 62] _MPIU_Strerror
0x10002EC30	0x000000B0	[ 63] _MPIU_Usage_printf
0x10002ECE0	0x000000C0	[ 63] _MPIU_Error_printf
0x10002EDA0	0x000000C0	[ 63] _MPIU_Internal_error_printf
0x10002EE60	0x00000100	[ 63] _MPIU_Internal_sys_error_printf
0x10002EF60	0x000000B1	[ 63] _MPIU_Msg_printf
0x10002F020	0x000000D0	[ 64] _MPIR_Assert_fail
0x10002F0F0	0x00000204	[ 64] _MPIR_Assert_fail_fmt
0x10002F300	0x00001DF0	[ 65] _MPIR_Param_init_params
0x1000310F0	0x00000083	[ 65] _MPIR_Param_finalize
0x100031180	0x00000830	[ 66] _MPIU_Find_local_and_external
0x1000319B0	0x00000150	[ 66] _MPIU_Get_internode_rank
0x100031B00	0x0000014A	[ 66] _MPIU_Get_intranode_rank
0x100031C50	0x00000040	[ 67] _MPEI_Thread_start
0x100031C90	0x000000BA	[ 67] _MPIU_Thread_create
0x100031D50	0x00000074	[ 68] _PMPI_Status_f2c
0x100031DD0	0x00000010	[ 69] _MPIUI_Memcpy
0x100031DE0	0x00000CA0	[ 69] _MPIDI_CH3U_Buffer_copy
0x100032A80	0x0000027D	[ 69] _MPIDI_CH3_RecvFromSelf
0x100032D00	0x00000160	[ 70] _comm_destroyed
0x100032E60	0x00000180	[ 70] _register_hook_finalize
0x100032FE0	0x00000110	[ 70] _comm_created
0x1000330F0	0x00000120	[ 70] _MPIDI_CH3I_Comm_create_hook
0x100033210	0x00000120	[ 70] _MPIDI_CH3I_Comm_destroy_hook
0x100033330	0x00000150	[ 70] _MPIDI_CH3U_Comm_register_create_hook
0x100033480	0x00000150	[ 70] _MPIDI_CH3U_Comm_register_destroy_hook
0x1000335D0	0x00000150	[ 70] _MPIDI_CH3I_Comm_init
0x100033720	0x00000351	[ 70] _MPIDI_CH3I_Comm_handle_failed_procs
0x100033A80	0x000009F0	[ 71] _MPIDI_Comm_spawn_multiple
0x100034470	0x00000100	[ 71] _MPIDI_CH3_GetParentPort
0x100034570	0x00000032	[ 71] _MPIDI_CH3_FreeParentPort
0x1000345B0	0x00000730	[ 72] _MPIDI_CH3U_Handle_connection
0x100034CE0	0x00000480	[ 72] _MPIDI_CH3U_VC_SendClose
0x100035160	0x00000580	[ 72] _MPIDI_CH3_PktHandler_Close
0x1000356E0	0x00000180	[ 72] _MPIDI_CH3U_VC_WaitForClose
0x100035860	0x000009D0	[ 72] _MPIDI_CH3U_Check_for_failed_procs
0x100036230	0x0000006A	[ 72] _MPIDI_CH3U_Dump_vc_states
0x1000362A0	0x00000010	[ 73] _MPIUI_Memcpy
0x1000362B0	0x00000770	[ 73] _MPIDI_CH3U_Receive_data_found
0x100036A20	0x000002E0	[ 73] _MPIDI_CH3U_Receive_data_unexpected
0x100036D00	0x00000490	[ 73] _MPIDI_CH3U_Post_data_receive_found
0x100037190	0x000001B0	[ 73] _MPIDI_CH3U_Post_data_receive_unexpected
0x100037340	0x00000170	[ 73] _MPIDI_CH3I_Try_acquire_win_lock
0x1000374B0	0x00000010	[ 73] _MPIDI_CH3_PktHandler_FlowCntlUpdate
0x1000374C0	0x00000090	[ 73] _MPIDI_CH3_PktHandler_EndCH3
0x100037550	0x00000260	[ 73] _MPIDI_CH3_PktHandler_Init
0x1000377B0	0x0000014D	[ 73] _MPIDI_CH3U_Handle_recv_pkt
0x100037900	0x000001B0	[ 74] _do_simple_accumulate
0x100037AB0	0x00000010	[ 74] _MPIUI_Memcpy
0x100037AC0	0x000002B0	[ 74] _create_derived_datatype
0x100037D70	0x00000340	[ 74] _do_simple_get
0x1000380B0	0x000002B0	[ 74] _MPIDI_CH3U_Handle_recv_req
0x100038360	0x00000190	[ 74] _MPIDI_CH3_ReqHandler_RecvComplete
0x1000384F0	0x00000240	[ 74] _MPIDI_CH3_ReqHandler_PutRespDerivedDTComplete
0x100038730	0x00000320	[ 74] _MPIDI_CH3_ReqHandler_AccumRespDerivedDTComplete
0x100038A50	0x000004A0	[ 74] _MPIDI_CH3_ReqHandler_GetRespDerivedDTComplete
0x100038EF0	0x00000250	[ 74] _MPIDI_CH3_ReqHandler_UnpackUEBufComplete
0x100039140	0x00000120	[ 74] _MPIDI_CH3_ReqHandler_UnpackSRBufReloadIOV
0x100039260	0x00000120	[ 74] _MPIDI_CH3_ReqHandler_ReloadIOV
0x100039380	0x00000230	[ 74] _MPIDI_CH3I_Send_pt_rma_done_pkt
0x1000395B0	0x00000370	[ 74] _MPIDI_CH3I_Release_lock
0x100039920	0x00000A90	[ 74] _MPIDI_CH3_ReqHandler_FOPComplete
0x10003A3B0	0x00000420	[ 74] _MPIDI_CH3_ReqHandler_SinglePutAccumComplete
0x10003A7D0	0x000008C0	[ 74] _MPIDI_CH3_ReqHandler_PutAccumRespComplete
0x10003B090	0x0000026A	[ 74] _MPIDI_CH3_ReqHandler_UnpackSRBufComplete
0x10003B300	0x00000280	[ 75] _MPIDI_CH3U_Handle_send_req
0x10003B580	0x00000240	[ 75] _MPIDI_CH3_ReqHandler_GetSendRespComplete
0x10003B7C0	0x00000085	[ 75] _MPIDI_CH3_ReqHandler_SendReloadIOV
0x10003B850	0x000002B0	[ 76] _MPIDI_CH3I_Initialize_tmp_comm
0x10003BB00	0x00000200	[ 76] _SetupNewIntercomm
0x10003BD00	0x000000A0	[ 76] _FreeNewVC
0x10003BDA0	0x00000490	[ 76] _ExtractLocalPGInfo.isra.0
0x10003C230	0x000001D0	[ 76] _SendPGtoPeerAndFree.isra.1
0x10003C400	0x00000400	[ 76] _ReceivePGAndDistribute.isra.2
0x10003C800	0x000010B0	[ 76] _MPIDI_Comm_connect
0x10003D8B0	0x00000450	[ 76] _MPID_PG_BCast
0x10003DD00	0x000001C0	[ 76] _MPIDI_CH3I_Acceptq_enqueue
0x10003DEC0	0x000001C0	[ 76] _MPIDI_CH3I_Acceptq_dequeue
0x10003E080	0x00000CB9	[ 76] _MPIDI_Comm_accept
0x10003ED40	0x00000020	[ 77] _simple_uint_creator
0x10003ED60	0x00000020	[ 77] _simple_aint_creator
0x10003ED80	0x00000330	[ 77] _dequeue_and_set_error
0x10003F0B0	0x00000050	[ 77] _rank_val_to_str.constprop.0
0x10003F100	0x00000050	[ 77] _tag_val_to_str.constprop.1
0x10003F150	0x00000270	[ 77] _MPIDI_CH3U_Recvq_init
0x10003F3C0	0x00000240	[ 77] _MPIDI_CH3U_Recvq_FU
0x10003F600	0x000001A0	[ 77] _MPIDI_CH3U_Recvq_FDU
0x10003F7A0	0x00000490	[ 77] _MPIDI_CH3U_Recvq_FDU_matchonly
0x10003FC30	0x00000A90	[ 77] _MPIDI_CH3U_Recvq_FDU_or_AEP
0x1000406C0	0x00000150	[ 77] _MPIDI_CH3U_Recvq_DP
0x100040810	0x000003A0	[ 77] _MPIDI_CH3U_Recvq_FDP_or_AEU
0x100040BB0	0x00000120	[ 77] _MPIDI_CH3U_Complete_disabled_anysources
0x100040CD0	0x00000120	[ 77] _MPIDI_CH3U_Complete_posted_with_error
0x100040DF0	0x00000230	[ 77] _MPIDI_CH3U_Dbg_print_recvq
0x100041020	0x00000023	[ 77] _MPIDI_CH3U_Recvq_count_unexp
0x100041050	0x00000010	[ 78] _MPIUI_Memcpy
0x100041060	0x000002C0	[ 78] _MPID_Request_create
0x100041320	0x000003A0	[ 78] _MPIDI_CH3_Request_destroy
0x1000416C0	0x00000800	[ 78] _MPIDI_CH3U_Request_load_send_iov
0x100041EC0	0x00000840	[ 78] _MPIDI_CH3U_Request_load_recv_iov
0x100042700	0x000001E0	[ 78] _MPIDI_CH3U_Request_unpack_srbuf
0x1000428E0	0x00000470	[ 78] _MPIDI_CH3U_Request_unpack_uebuf
0x100042D50	0x00000057	[ 78] _MPID_Request_set_completed
0x100042DB0	0x000000E0	[ 79] _MPIDI_Rput
0x100042E90	0x000000E0	[ 79] _MPIDI_Rget
0x100042F70	0x000000E0	[ 79] _MPIDI_Raccumulate
0x100043050	0x000000E0	[ 79] _MPIDI_Rget_accumulate
0x100043130	0x000000E0	[ 79] _MPIDI_Win_flush
0x100043210	0x000000E0	[ 79] _MPIDI_Win_flush_all
0x1000432F0	0x000000E0	[ 79] _MPIDI_Win_flush_local
0x1000433D0	0x000000E0	[ 79] _MPIDI_Win_flush_local_all
0x1000434B0	0x000000DD	[ 79] _MPIDI_Win_shared_query
0x100043590	0x00000010	[ 80] _MPIUI_Memcpy
0x1000435A0	0x000008C0	[ 80] _MPIDI_Get_accumulate
0x100043E60	0x000004F0	[ 80] _MPIDI_Compare_and_swap
0x100044350	0x00000401	[ 80] _MPIDI_Fetch_and_op
0x100044760	0x00000450	[ 81] _MPIDI_Win_free
0x100044BB0	0x00000670	[ 81] _MPIDI_Put
0x100045220	0x00000670	[ 81] _MPIDI_Get
0x100045890	0x00000C20	[ 81] _MPIDI_Accumulate
0x1000464B0	0x000000D0	[ 81] _MPIDI_Alloc_mem
0x100046580	0x000000BD	[ 81] _MPIDI_Free_mem
0x100046640	0x00000010	[ 82] _MPIUI_Memcpy
0x100046650	0x00000250	[ 82] _MPIDI_CH3I_RMAListPartialComplete
0x1000468A0	0x00000300	[ 82] _MPIDI_CH3I_RMAListComplete
0x100046BA0	0x00000E90	[ 82] _MPIDI_CH3I_Send_immed_rmw_msg
0x100047A30	0x000006F0	[ 82] _MPIDI_CH3I_Send_contig_acc_msg
0x100048120	0x00000A40	[ 82] _MPIDI_CH3I_Recv_rma_msg
0x100048B60	0x00001460	[ 82] _MPIDI_CH3I_Send_rma_msg
0x100049FC0	0x00000DC0	[ 82] _MPIDI_CH3_RMA_InitInstr
0x10004AD80	0x00000A20	[ 82] _MPIDI_Win_fence
0x10004B7A0	0x000006E0	[ 82] _MPIDI_Win_post
0x10004BE80	0x00000290	[ 82] _MPIDI_Win_start
0x10004C110	0x00000EE0	[ 82] _MPIDI_Win_complete
0x10004CFF0	0x000001A0	[ 82] _MPIDI_Win_wait
0x10004D190	0x00000130	[ 82] _MPIDI_Win_test
0x10004D2C0	0x000002E0	[ 82] _MPIDI_Win_lock
0x10004D5A0	0x00001CE0	[ 82] _MPIDI_Win_unlock
0x10004F280	0x000000A0	[ 82] _MPIDI_Win_sync
0x10004F320	0x00000130	[ 82] _MPIDI_Win_unlock_all
0x10004F450	0x00000100	[ 82] _MPIDI_Win_lock_all
0x10004F550	0x000002A0	[ 82] _MPIDI_CH3I_Send_lock_granted_pkt
0x10004F7F0	0x00000A00	[ 82] _MPIDI_CH3_PktHandler_Put
0x1000501F0	0x000007B0	[ 82] _MPIDI_CH3_PktHandler_Get
0x1000509A0	0x00000AA0	[ 82] _MPIDI_CH3_PktHandler_Accumulate
0x100051440	0x00000470	[ 82] _MPIDI_CH3_PktHandler_Accumulate_Immed
0x1000518B0	0x00000660	[ 82] _MPIDI_CH3_PktHandler_CAS
0x100051F10	0x00000440	[ 82] _MPIDI_CH3_PktHandler_CASResp
0x100052350	0x00000580	[ 82] _MPIDI_CH3_PktHandler_FOP
0x1000528D0	0x00000500	[ 82] _MPIDI_CH3_PktHandler_FOPResp
0x100052DD0	0x000002F0	[ 82] _MPIDI_CH3_PktHandler_Lock
0x1000530C0	0x000007A0	[ 82] _MPIDI_CH3_PktHandler_LockPutUnlock
0x100053860	0x00000540	[ 82] _MPIDI_CH3_PktHandler_LockGetUnlock
0x100053DA0	0x000006E0	[ 82] _MPIDI_CH3_PktHandler_LockAccumUnlock
0x100054480	0x00000560	[ 82] _MPIDI_CH3_PktHandler_GetResp
0x1000549E0	0x000001C0	[ 82] _MPIDI_CH3_PktHandler_LockGranted
0x100054BA0	0x000001BD	[ 82] _MPIDI_CH3_PktHandler_PtRMADone
0x100054D60	0x00000630	[ 83] _MPIDI_CH3_RndvSend
0x100055390	0x000004E0	[ 83] _MPIDI_CH3_PktHandler_RndvReqToSend
0x100055870	0x00000510	[ 83] _MPIDI_CH3_PktHandler_RndvClrToSend
0x100055D80	0x00000440	[ 83] _MPIDI_CH3_PktHandler_RndvSend
0x1000561C0	0x000001FA	[ 83] _MPIDI_CH3_RecvRndv
0x1000563C0	0x000002F0	[ 84] _MPIDI_CH3_SendNoncontig_iov
0x1000566B0	0x00000390	[ 84] _MPIDI_CH3_EagerNoncontigSend
0x100056A40	0x00000320	[ 84] _MPIDI_CH3_EagerContigSend
0x100056D60	0x000002C0	[ 84] _MPIDI_CH3_EagerContigShortSend
0x100057020	0x000006A0	[ 84] _MPIDI_CH3_PktHandler_EagerShortSend
0x1000576C0	0x000003D0	[ 84] _MPIDI_CH3_EagerContigIsend
0x100057A90	0x00000550	[ 84] _MPIDI_CH3_PktHandler_EagerSend
0x100057FE0	0x0000073A	[ 84] _MPIDI_CH3_PktHandler_ReadySend
0x100058720	0x00000520	[ 85] _MPIDI_CH3_EagerSyncNoncontigSend
0x100058C40	0x00000380	[ 85] _MPIDI_CH3_EagerSyncZero
0x100058FC0	0x000001F0	[ 85] _MPIDI_CH3_EagerSyncAck
0x1000591B0	0x00000A10	[ 85] _MPIDI_CH3_PktHandler_EagerSyncSend
0x100059BC0	0x0000023A	[ 85] _MPIDI_CH3_PktHandler_EagerSyncAck
0x100059E00	0x000000E0	[ 86] _MPIDI_CH3U_Win_allocate_shared
0x100059EE0	0x000000E0	[ 86] _MPIDI_Win_fns_init
0x100059FC0	0x00000660	[ 86] _MPIDI_CH3U_Win_create_gather
0x10005A620	0x00000280	[ 86] _MPIDI_CH3U_Win_allocate
0x10005A8A0	0x00000130	[ 86] _MPIDI_CH3U_Win_create_dynamic
0x10005A9D0	0x00000160	[ 86] _MPIDI_CH3U_Win_create
0x10005AB30	0x00000090	[ 86] _MPIDI_Win_attach
0x10005ABC0	0x0000008C	[ 86] _MPIDI_Win_detach
0x10005AC50	0x000001E1	[ 87] _MPID_Abort
0x10005AE40	0x00000890	[ 88] _MPID_Cancel_send
0x10005B6D0	0x00000490	[ 88] _MPIDI_CH3_PktHandler_CancelSendReq
0x10005BB60	0x00000319	[ 88] _MPIDI_CH3_PktHandler_CancelSendResp
0x10005BE80	0x00000255	[ 89] _MPID_Finalize
0x10005C0E0	0x0000006F	[ 90] _MPID_Get_universe_size
0x10005C150	0x00000137	[ 91] _MPID_Get_processor_name
0x10005C290	0x00000030	[ 92] _MPIDI_CH3I_PG_Destroy
0x10005C2C0	0x000000B0	[ 92] _split_type
0x10005C370	0x00000020	[ 92] _MPIDI_CH3I_PG_Compare_ids
0x10005C390	0x00000070	[ 92] _finalize_failed_procs_group
0x10005C400	0x00000A80	[ 92] _MPID_Init
0x10005CE80	0x00000010	[ 92] _MPID_InitCompleted
0x10005CE90	0x000000B0	[ 92] _MPIDI_CH3I_BCInit
0x10005CF40	0x00000024	[ 92] _MPIDI_CH3I_BCFree
0x10005CF70	0x00000D0C	[ 93] _MPID_Irecv
0x10005DC80	0x00000C62	[ 94] _MPID_Isend
0x10005E8F0	0x00000A46	[ 95] _MPID_Issend
0x10005F340	0x00000270	[ 96] _MPIDI_Open_port
0x10005F5B0	0x00000190	[ 96] _MPID_Open_port
0x10005F740	0x00000180	[ 96] _MPID_Close_port
0x10005F8C0	0x000001C0	[ 96] _MPID_Comm_accept
0x10005FA80	0x000001C0	[ 96] _MPID_Comm_connect
0x10005FC40	0x00000050	[ 96] _MPIDI_GetTagFromPort
0x10005FC90	0x0000012D	[ 96] _MPIDI_Close_port
0x10005FDC0	0x0000013D	[ 97] _MPID_Probe
0x10005FF00	0x00000DBF	[ 98] _MPID_Recv
0x100060CC0	0x00000DCF	[ 99] _MPID_Send
0x100061A90	0x0000085F	[100] _MPID_Ssend
0x1000622F0	0x00000200	[101] _MPIDI_CH3U_VC_FinishPending
0x1000624F0	0x00000220	[101] _MPID_VCRT_Create
0x100062710	0x000001F0	[101] _MPID_VCRT_Add_ref
0x100062900	0x00000620	[101] _MPID_VCRT_Release
0x100062F20	0x000000C0	[101] _MPID_VCRT_Get_ptr
0x100062FE0	0x000004A0	[101] _MPID_VCR_Dup
0x100063480	0x000000C0	[101] _MPID_VCR_Get_lpid
0x100063540	0x000001E0	[101] _MPID_GPID_GetAllInComm
0x100063720	0x00000050	[101] _MPID_GPID_Get
0x100063770	0x00000150	[101] _MPID_GPID_ToLpidArray
0x1000638C0	0x00000170	[101] _MPID_VCR_CommFromLpids
0x100063A30	0x000001A0	[101] _MPID_PG_ForwardPGInfo
0x100063BD0	0x000000E0	[101] _MPIDI_CH3U_Comm_FinishPending
0x100063CB0	0x00000140	[101] _MPIDI_VC_Init
0x100063DF0	0x00000020	[101] _MPID_Get_node_id
0x100063E10	0x00000040	[101] _MPID_Get_max_node_id
0x100063E50	0x000015BD	[101] _MPIDI_Populate_vc_node_ids
0x100065410	0x00000760	[102] _win_init.isra.0
0x100065B70	0x000001A0	[102] _MPID_Win_create
0x100065D10	0x000001A0	[102] _MPID_Win_allocate
0x100065EB0	0x00000180	[102] _MPID_Win_create_dynamic
0x100066030	0x000000D0	[102] _MPID_Alloc_mem
0x100066100	0x00000100	[102] _MPID_Free_mem
0x100066200	0x0000019D	[102] _MPID_Win_allocate_shared
0x1000663A0	0x00000CED	[103] _MPIDI_Isend_self
0x100067090	0x00000010	[104] _connFromStringKVS
0x1000670A0	0x00000080	[104] _connFree
0x100067120	0x00000030	[104] _connFreeKVS
0x100067150	0x00000100	[104] _connFromString
0x100067250	0x00000130	[104] _getConnInfo
0x100067380	0x00000280	[104] _connToString
0x100067600	0x00000140	[104] _MPIDI_PG_Init
0x100067740	0x00000370	[104] _MPIDI_PG_Create
0x100067AB0	0x00000370	[104] _MPIDI_PG_Destroy
0x100067E20	0x00000100	[104] _MPIDI_PG_Find
0x100067F20	0x00000010	[104] _MPIDI_PG_Id_compare
0x100067F30	0x00000020	[104] _MPIDI_PG_Get_next
0x100067F50	0x00000010	[104] _MPIDI_PG_Has_next
0x100067F60	0x00000010	[104] _MPIDI_PG_Get_iterator
0x100067F70	0x00000130	[104] _MPIDI_PG_To_string
0x1000680A0	0x00000220	[104] _MPIDI_PG_Create_from_string
0x1000682C0	0x00000050	[104] _MPIDI_PG_IdToNum
0x100068310	0x00000210	[104] _MPIDI_PG_SetConnInfo
0x100068520	0x00000150	[104] _MPIDI_PG_InitConnKVS
0x100068670	0x00000020	[104] _MPIDI_PG_GetConnKVSname
0x100068690	0x000000E0	[104] _MPIDI_PrintConnStr
0x100068770	0x000000F0	[104] _MPIDI_PrintConnStrToFile
0x100068860	0x00000040	[104] _MPIDI_PG_InitConnString
0x1000688A0	0x00000040	[104] _MPIDI_PG_GetConnString
0x1000688E0	0x00000340	[104] _MPIDI_PG_Dup_vcr
0x100068C20	0x000004B0	[104] _MPIDI_PG_Close_VCs
0x1000690D0	0x000000D0	[104] _MPIU_PG_Printall
0x1000691A0	0x00000250	[104] _MPIDI_PG_Finalize
0x1000693F0	0x00000090	[104] _MPIDI_PG_CheckForSingleton
0x100069480	0x000000F0	[104] _getConnInfoKVS
0x100069570	0x000002C9	[104] _connToStringKVS
0x100069840	0x00000100	[105] _MPIDI_dbg_printf
0x100069940	0x00000100	[105] _MPIDI_err_printf
0x100069A40	0x000000D0	[105] _MPIDI_VC_GetStateString
0x100069B10	0x00000514	[105] _MPIDI_Pkt_GetDescString
0x10006A030	0x0000012D	[106] _MPIDI_CH3_Finalize
0x10006A160	0x00000090	[107] _MPIDI_CH3_PortFnsInit
0x10006A1F0	0x00000120	[107] _MPIDI_CH3_Get_business_card
0x10006A310	0x00000130	[107] _MPIDI_CH3_VC_Init
0x10006A440	0x000001F0	[107] _MPIDI_CH3_Init
0x10006A630	0x00000140	[107] _MPIDI_CH3_VC_Destroy
0x10006A770	0x000002D0	[107] _MPIDI_CH3_Connect_to_root
0x10006AA40	0x00000010	[107] _MPIDI_CH3_VC_GetStateString
0x10006AA50	0x00000090	[107] _MPIDI_CH3_PG_Init
0x10006AAE0	0x00000090	[107] _MPIDI_CH3_PG_Destroy
0x10006AB70	0x00000140	[107] _MPID_nem_register_initcomp_cb
0x10006ACB0	0x0000010D	[107] _MPIDI_CH3_InitCompleted
0x10006ADC0	0x00000010	[108] _MPIUI_Memcpy
0x10006ADD0	0x00000D8A	[108] _MPIDI_CH3_iSend
0x10006BB60	0x00000010	[109] _MPIUI_Memcpy
0x10006BB70	0x00001F68	[109] _MPIDI_CH3_iSendv
0x10006DAE0	0x00000010	[110] _MPIUI_Memcpy
0x10006DAF0	0x00000AF1	[110] _MPIDI_CH3_iStartMsg
0x10006E5F0	0x00000010	[111] _MPIUI_Memcpy
0x10006E600	0x00001CA5	[111] _MPIDI_CH3_iStartMsgv
0x1000702B0	0x00000090	[112] _sigusr1_handler
0x100070340	0x00000140	[112] _pkt_NETMOD_handler
0x100070480	0x00000010	[112] _MPIUI_Memcpy
0x100070490	0x00000390	[112] _MPIU_Thread_CS_yield_lockname_recursive_impl_.isra.3.constprop.5
0x100070820	0x00000310	[112] _shm_connection_terminated
0x100070B30	0x00000290	[112] _check_terminating_vcs
0x100070DC0	0x00002B50	[112] _MPIDI_CH3I_Shm_send_progress
0x100073910	0x00000090	[112] _MPIDI_CH3I_Progress_wakeup
0x1000739A0	0x00000E40	[112] _MPID_nem_handle_pkt
0x1000747E0	0x00001410	[112] _MPIDI_CH3I_Progress
0x100075BF0	0x000002A0	[112] _MPIDI_CH3I_Progress_init
0x100075E90	0x000000E0	[112] _MPIDI_CH3I_Progress_finalize
0x100075F70	0x000003A0	[112] _MPIDI_CH3I_Complete_sendq_with_error
0x100076310	0x00000560	[112] _MPIDI_CH3_Connection_terminate
0x100076870	0x000000C0	[112] _MPIDI_CH3I_Register_anysource_notification
0x100076930	0x000001F0	[112] _MPIDI_CH3I_Posted_recv_enqueued
0x100076B20	0x000002E5	[112] _MPIDI_CH3I_Posted_recv_dequeued
0x100076E10	0x000001D0	[113] _MPIDI_CH3_SHM_Win_shared_query
0x100076FE0	0x00000334	[113] _MPIDI_CH3_SHM_Win_free
0x100077320	0x00001840	[114] _MPIDI_CH3I_Win_allocate_shared
0x100078B60	0x000000BF	[114] _MPIDI_CH3_Win_fns_init
0x100078C20	0x00000140	[115] _nem_coll_finalize
0x100078D60	0x00000090	[115] _MPIDI_CH3I_comm_create
0x100078DF0	0x00000090	[115] _MPIDI_CH3I_comm_destroy
0x100078E80	0x00000110	[115] _MPID_nem_barrier_vars_init
0x100078F90	0x00000152	[115] _MPID_nem_coll_init
0x1000790F0	0x00000010	[116] _MPIUI_Memcpy
0x100079100	0x000010F0	[116] _MPIDI_CH3I_SendNoncontig
0x10007A1F0	0x00000060	[117] _MPIU_SHMW_Seg_remove.isra.9.part.10
0x10007A250	0x000001E0	[117] _MPIDI_CH3I_Seg_alloc
0x10007A430	0x000017A0	[117] _MPIDI_CH3I_Seg_commit
0x10007BBD0	0x0000027F	[117] _MPIDI_CH3I_Seg_destroy
0x10007BE50	0x000000E0	[118] _MPID_nem_queue_init
0x10007BF30	0x00001030	[118] _MPID_nem_init
0x10007CF60	0x000006C0	[118] _MPID_nem_vc_init
0x10007D620	0x00000120	[118] _MPID_nem_vc_destroy
0x10007D740	0x00000030	[118] _MPID_nem_get_business_card
0x10007D770	0x00000010	[118] _MPID_nem_connect_to_root
0x10007D780	0x000000F0	[119] _MPID_nem_barrier_init
0x10007D870	0x0000018D	[119] _MPID_nem_barrier
0x10007DA00	0x00000010	[120] _MPIUI_Memcpy
0x10007DA10	0x000002D0	[120] _MPID_nem_mpich2_init
0x10007DCE0	0x00000472	[120] _MPID_nem_send_iov
0x10007E160	0x0000022D	[121] _MPID_nem_finalize
0x10007E390	0x00000010	[122] _MPID_nem_network_poll
0x10007E3A0	0x000001ED	[123] _MPID_nem_choose_netmod
0x10007E590	0x00000210	[124] _MPID_nem_dbg_dump_cell
0x10007E7A0	0x00000210	[124] _MPID_nem_dbg_print_vc_sendq
0x10007E9B0	0x00000160	[124] _MPID_nem_dbg_print_all_sendq
0x10007EB10	0x00000220	[125] _pkt_DONE_handler
0x10007ED30	0x000002F0	[125] _do_cts
0x10007F020	0x00000160	[125] _do_cookie
0x10007F180	0x00000160	[125] _do_send
0x10007F2E0	0x000005C0	[125] _pkt_COOKIE_handler
0x10007F8A0	0x000006F0	[125] _pkt_CTS_handler
0x10007FF90	0x00000010	[125] _MPIUI_Memcpy
0x10007FFA0	0x00000890	[125] _pkt_RTS_handler
0x100080830	0x00000150	[125] _MPID_nem_lmt_pkthandler_init
0x100080980	0x000003B0	[125] _MPID_nem_lmt_RndvSend
0x100080D30	0x000001F3	[125] _MPID_nem_lmt_RndvRecv
0x100080F30	0x00000550	[126] _get_next_req
0x100081480	0x00000560	[126] _lmt_shm_send_progress
0x1000819E0	0x00000010	[126] _MPIUI_Memcpy
0x1000819F0	0x00000A00	[126] _lmt_shm_recv_progress
0x1000823F0	0x000003D0	[126] _MPID_nem_attach_shm_region
0x1000827C0	0x00000550	[126] _MPID_nem_lmt_shm_initiate_lmt
0x100082D10	0x00000D30	[126] _MPID_nem_lmt_shm_start_recv
0x100083A40	0x000013B0	[126] _MPID_nem_lmt_shm_start_send
0x100084DF0	0x000000A0	[126] _MPID_nem_lmt_shm_handle_cookie
0x100084E90	0x00000090	[126] _MPID_nem_lmt_shm_done_send
0x100084F20	0x00000090	[126] _MPID_nem_lmt_shm_done_recv
0x100084FB0	0x00000400	[126] _MPID_nem_lmt_shm_progress
0x1000853B0	0x000003EF	[126] _MPID_nem_lmt_shm_vc_terminated
0x1000857A0	0x000001BD	[128] _MPID_nem_tcp_finalize
0x100085960	0x00000010	[129] _MPID_nem_tcp_vc_destroy
0x100085970	0x00000010	[129] _MPIUI_Memcpy
0x100085980	0x00000800	[129] _MPID_nem_tcp_get_business_card
0x100086180	0x00000190	[129] _MPID_nem_tcp_vc_init
0x100086310	0x000002B0	[129] _MPID_nem_tcp_get_addr_port_from_bc
0x1000865C0	0x00000190	[129] _MPID_nem_tcp_connect_to_root
0x100086750	0x000002B0	[129] _MPID_nem_tcp_bind
0x100086A00	0x00000500	[129] _MPID_nem_tcp_init
0x100086F00	0x000001C0	[129] _MPID_nem_tcp_vc_terminated
0x1000870C0	0x0000018F	[129] _MPID_nem_tcp_vc_terminate
0x100087250	0x000000E0	[130] _MPID_nem_tcp_send_init
0x100087330	0x00000A20	[130] _MPID_nem_tcp_send_queued
0x100087D50	0x00000050	[130] _MPID_nem_tcp_send_finalize
0x100087DA0	0x000001E0	[130] _MPID_nem_tcp_conn_est
0x100087F80	0x00000C70	[130] _MPID_nem_tcp_iStartContigMsg
0x100088BF0	0x00000AE0	[130] _MPID_nem_tcp_iStartContigMsg_paused
0x1000896D0	0x00000E20	[130] _MPID_nem_tcp_iSendContig
0x10008A4F0	0x00000F40	[130] _MPID_nem_tcp_SendNoncontig
0x10008B430	0x0000065F	[130] _MPID_nem_tcp_error_out_send_queue
0x10008BA90	0x00000030	[131] _MPID_nem_tcp_get_conninfo
0x10008BAC0	0x000002D0	[131] _MPID_nem_tcp_get_vc_from_conninfo
0x10008BD90	0x00000420	[131] _MPID_nem_tcp_set_sockopts
0x10008C1B0	0x00000160	[131] _MPID_nem_tcp_check_sock_status
0x10008C310	0x00000110	[131] _MPID_nem_tcp_is_sock_connected
0x10008C420	0x0000008E	[131] _MPID_nem_tcp_vc_dbg_print_sendq
0x10008C4B0	0x00000160	[132] _error_closed
0x10008C610	0x000004A0	[132] _cleanup_and_free_sc_plfd
0x10008CAB0	0x00000010	[132] _MPIUI_Memcpy
0x10008CAC0	0x00000BD0	[132] _find_free_entry
0x10008D690	0x00000260	[132] _recv_cmd_pkt
0x10008D8F0	0x00000200	[132] _close_cleanup_and_free_sc_plfd
0x10008DAF0	0x00000230	[132] _state_tc_c_cnting_handler
0x10008DD20	0x00000460	[132] _state_c_tmpvcsent_handler
0x10008E180	0x00000460	[132] _state_c_ranksent_handler
0x10008E5E0	0x000001B0	[132] _send_cmd_pkt
0x10008E790	0x00000340	[132] _state_l_tmpvcrcvd_handler
0x10008EAD0	0x00000570	[132] _found_better_sc
0x10008F040	0x00000690	[132] _state_l_rankrcvd_handler
0x10008F6D0	0x00000DD0	[132] _state_l_cntd_handler
0x1000904A0	0x00000A60	[132] _state_tc_c_cntd_handler
0x100090F00	0x00000630	[132] _alloc_sc_plfd_tbls
0x100091530	0x00000130	[132] _dbg_print_sc_tbl
0x100091660	0x00000B30	[132] _MPID_nem_tcp_connect
0x100092190	0x00000270	[132] _MPID_nem_tcp_cleanup
0x100092400	0x00000160	[132] _MPID_nem_tcp_ckpt_cleanup
0x100092560	0x00000180	[132] _MPID_nem_tcp_sm_init
0x1000926E0	0x000000B0	[132] _MPID_nem_tcp_sm_finalize
0x100092790	0x00000550	[132] _MPID_nem_tcp_state_listening_handler
0x100092CE0	0x00000100	[132] _MPID_nem_tcp_cleanup_on_error
0x100092DE0	0x00000400	[132] _MPID_nem_tcp_connpoll
0x1000931E0	0x000009F0	[132] _MPID_nem_tcp_recv_handler
0x100093BD0	0x0000020C	[132] _state_commrdy_handler
0x100093DE0	0x00000010	[133] _MPIUI_Memcpy.constprop.0
0x100093DF0	0x00000450	[133] _MPIDI_GetIPInterface
0x100094240	0x00000295	[133] _MPIDI_Get_IP_for_iface
0x1000944E0	0x00000470	[134] _MPIOI_Type_cyclic
0x100094950	0x00000330	[134] _MPIOI_Type_block
0x100094C80	0x00000816	[134] _MPID_Type_convert_darray
0x1000954A0	0x00000010	[135] _MPIUI_Memcpy
0x1000954B0	0x00000040	[135] _MPID_Dataloop_free
0x1000954F0	0x00000300	[135] _MPID_Dataloop_update
0x1000957F0	0x00000110	[135] _MPID_Dataloop_copy
0x100095900	0x00000340	[135] _MPID_Dataloop_alloc_and_copy
0x100095C40	0x00000010	[135] _MPID_Dataloop_alloc
0x100095C50	0x00000110	[135] _MPID_Dataloop_struct_alloc
0x100095D60	0x000000C0	[135] _MPID_Dataloop_dup
0x100095E20	0x00000180	[135] _MPID_Dataloop_stream_size
0x100095FA0	0x00000293	[135] _MPID_Dataloop_print
0x100096240	0x00000EE5	[136] _MPID_Dataloop_create
0x100097130	0x00000090	[137] _MPID_Type_blockindexed_count_contig
0x1000971C0	0x000007B7	[137] _MPID_Dataloop_create_blockindexed
0x100097980	0x00000712	[138] _MPID_Dataloop_create_contiguous
0x1000980A0	0x00000150	[139] _MPID_Type_indexed_count_contig
0x1000981F0	0x00000A70	[139] _MPID_Dataloop_create_indexed
0x100098C60	0x000001E4	[140] _MPID_Dataloop_create_pairtype
0x100098E50	0x00000DAD	[141] _MPID_Dataloop_create_struct
0x100099C00	0x0000063E	[142] _MPID_Dataloop_create_vector
0x10009A240	0x00000990	[143] _MPID_Segment_init
0x10009ABD0	0x00000020	[143] _MPID_Segment_alloc
0x10009ABF0	0x00000020	[143] _MPID_Segment_free
0x10009AC10	0x00000DBB	[143] _MPID_Segment_manipulate
0x10009B9D0	0x00000150	[144] _DLOOP_Leaf_index_count_block
0x10009BB20	0x00000170	[144] _DLOOP_Leaf_blkidx_count_block
0x10009BC90	0x00000140	[144] _DLOOP_Leaf_vector_count_block
0x10009BDD0	0x00000100	[144] _DLOOP_Leaf_contig_count_block
0x10009BED0	0x0000005D	[144] _MPID_Segment_count_contig_blocks
0x10009BF30	0x00000210	[145] _DLOOP_Leaf_index_mpi_flatten
0x10009C140	0x00000230	[145] _DLOOP_Leaf_blkidx_mpi_flatten
0x10009C370	0x000001E0	[145] _DLOOP_Leaf_vector_mpi_flatten
0x10009C550	0x00000140	[145] _DLOOP_Leaf_contig_mpi_flatten
0x10009C690	0x000000D4	[145] _MPID_Segment_mpi_flatten
0x10009C770	0x00000010	[146] _MPIUI_Memcpy
0x10009C780	0x00000BA0	[146] _MPID_Segment_index_m2m
0x10009D320	0x00000B40	[146] _MPID_Segment_blkidx_m2m
0x10009DE60	0x00004F10	[146] _MPID_Segment_vector_m2m
0x1000A2D70	0x000002D0	[146] _MPID_Segment_contig_m2m
0x1000A3040	0x00000060	[146] _MPID_Segment_pack
0x1000A30A0	0x00000056	[146] _MPID_Segment_unpack
0x1000A3100	0x00000550	[147] _MPID_Type_convert_subarray
0x1000A3650	0x00000180	[148] _MPID_Type_access_contents
0x1000A37D0	0x00000002	[148] _MPID_Type_release_contents
0x1000A37E0	0x00000010	[149] _MPIUI_Memcpy
0x1000A37F0	0x000005A0	[149] _MPID_Datatype_set_contents
0x1000A3D90	0x00000200	[149] _MPID_Datatype_free_contents
0x1000A3F90	0x00000130	[149] _MPIDI_Datatype_get_contents_ints
0x1000A40C0	0x00000140	[149] _MPIDI_Datatype_get_contents_aints
0x1000A4200	0x0000010E	[149] _MPIDI_Datatype_get_contents_types
0x1000A4310	0x00000099	[150] _MPID_Datatype_free
0x1000A43B0	0x000001B0	[151] _MPID_Segment_contig_flatten
0x1000A4560	0x00000250	[151] _MPID_Segment_vector_flatten
0x1000A47B0	0x000002F0	[151] _MPID_Segment_vector_pack_to_iov
0x1000A4AA0	0x00000280	[151] _MPID_Segment_contig_pack_to_iov
0x1000A4D20	0x00000160	[151] _MPID_Segment_pack_vector
0x1000A4E80	0x00000120	[151] _MPID_Segment_unpack_vector
0x1000A4FA0	0x00000184	[151] _MPID_Segment_flatten
0x1000A5130	0x0000049C	[152] _MPID_Type_blockindexed
0x1000A55D0	0x0000010F	[153] _MPID_Type_commit
0x1000A56E0	0x000003C3	[154] _MPID_Type_contiguous
0x1000A5AB0	0x00000386	[155] _MPID_Type_create_pairtype
0x1000A5E40	0x000008D0	[156] _MPIDI_Dataloop_dot_printf
0x1000A6710	0x00000100	[156] _MPIDI_Datatype_dot_printf
0x1000A6810	0x00000290	[156] _MPIDU_Datatype_builtin_to_string
0x1000A6AA0	0x00000120	[156] _MPIDU_Datatype_combiner_to_string
0x1000A6BC0	0x000003A0	[156] _MPIDI_Datatype_printf
0x1000A6F60	0x00001070	[156] _MPIDI_Datatype_contents_printf
0x1000A7FD0	0x00000374	[156] _MPIDU_Datatype_debug
0x1000A8350	0x0000010A	[157] _MPID_Type_get_envelope
0x1000A8460	0x000005BD	[158] _MPID_Type_indexed
0x1000A8A20	0x00000966	[159] _MPID_Type_struct
0x1000A9390	0x00000503	[160] _MPID_Type_vector
0x1000A98A0	0x000001D1	[161] _MPID_Type_zerolen
0x1000A9A80	0x00000950	[162] _MPIDU_Sched_start_entry.isra.0
0x1000AA3D0	0x00000130	[162] _MPIDU_Sched_continue
0x1000AA500	0x00000110	[162] _MPIDU_Sched_add_entry.constprop.2
0x1000AA610	0x00000C30	[162] _MPIDU_Sched_progress_state.constprop.1
0x1000AB240	0x00000010	[162] _MPIDU_Sched_are_pending
0x1000AB250	0x000000F0	[162] _MPID_Sched_next_tag
0x1000AB340	0x00000160	[162] _MPID_Sched_create
0x1000AB4A0	0x00000050	[162] _MPID_Sched_clone
0x1000AB4F0	0x000005D0	[162] _MPID_Sched_start
0x1000ABAC0	0x00000320	[162] _MPID_Sched_send
0x1000ABDE0	0x00000320	[162] _MPID_Sched_ssend
0x1000AC100	0x00000320	[162] _MPID_Sched_send_defer
0x1000AC420	0x00000360	[162] _MPID_Sched_recv_status
0x1000AC780	0x00000310	[162] _MPID_Sched_recv
0x1000ACA90	0x00000380	[162] _MPID_Sched_reduce
0x1000ACE10	0x00000560	[162] _MPID_Sched_copy
0x1000AD370	0x00000020	[162] _MPID_Sched_barrier
0x1000AD390	0x000000A0	[162] _MPID_Sched_cb
0x1000AD430	0x000000B0	[162] _MPID_Sched_cb2
0x1000AD4E0	0x00000010	[162] _MPIDU_Sched_progress
0x1000AD4F0	0x000000A0	[162] _entry_to_str
0x1000AD590	0x00000010	[162] _MPIDU_Sched_dump_fh
0x1000AD5A0	0x00000002	[162] _MPIDU_Sched_dump
0x1000AD5B0	0x000002C0	[163] _MPIR_T_pvar_add
0x1000AD870	0x00000050	[163] _MPIR_T_get_num_pvars
0x1000AD8C0	0x000000C0	[163] _MPIR_T_get_pvar_info_by_idx
0x1000AD980	0x00000170	[163] _MPIR_T_finalize_pvars
0x1000ADAF0	0x000000B6	[163] _MPIU_Tool_strncpy
0x1000ADBB0	0x00000020	[164] _PMIU_Set_rank
0x1000ADBD0	0x00000020	[164] _PMIU_SetServer
0x1000ADBF0	0x00000190	[164] _PMIU_printf
0x1000ADD80	0x00000130	[164] _PMIU_readline
0x1000ADEB0	0x00000130	[164] _PMIU_writeline
0x1000ADFE0	0x00000210	[164] _PMIU_parse_keyvals
0x1000AE1F0	0x00000060	[164] _PMIU_dump_keyvals
0x1000AE250	0x000000B0	[164] _PMIU_getval
0x1000AE300	0x000000A5	[164] _PMIU_chgval
0x1000AE3B0	0x000001C0	[165] _GetResponse.part.0
0x1000AE570	0x00000070	[165] _GetResponse
0x1000AE5E0	0x00000060	[165] _accept_one_connection
0x1000AE640	0x00000490	[165] _PMII_singinit
0x1000AEAD0	0x00000020	[165] _PMI_Initialized
0x1000AEAF0	0x00000030	[165] _PMI_Get_size
0x1000AEB20	0x00000030	[165] _PMI_Get_rank
0x1000AEB50	0x000000A0	[165] _PMI_Get_appnum
0x1000AEBF0	0x00000030	[165] _PMI_Barrier
0x1000AEC20	0x00000050	[165] _PMI_Finalize
0x1000AEC70	0x00000030	[165] _PMI_Abort
0x1000AECA0	0x000002B0	[165] _PMII_getmaxes.constprop.3
0x1000AEF50	0x000008E0	[165] _PMI_Init
0x1000AF830	0x000000A0	[165] _PMI_KVS_Get_my_name
0x1000AF8D0	0x00000020	[165] _PMI_KVS_Get_name_length_max
0x1000AF8F0	0x00000020	[165] _PMI_KVS_Get_key_length_max
0x1000AF910	0x00000020	[165] _PMI_KVS_Get_value_length_max
0x1000AF930	0x000000B0	[165] _PMI_KVS_Put
0x1000AF9E0	0x00000090	[165] _PMIi_InitIfSingleton
0x1000AFA70	0x000000B0	[165] _PMI_Get_universe_size
0x1000AFB20	0x00000010	[165] _PMI_KVS_Commit
0x1000AFB30	0x000000F0	[165] _PMI_KVS_Get
0x1000AFC20	0x000000D0	[165] _PMI_Publish_name
0x1000AFCF0	0x000000B0	[165] _PMI_Unpublish_name
0x1000AFDA0	0x000000E0	[165] _PMI_Lookup_name
0x1000AFE80	0x00000644	[165] _PMI_Spawn_multiple
0x1000B04D0	0x00000210	[166] _MPIU_Thread_CS_exit_lockname_recursive_impl_.constprop.0
0x1000B06E0	0x00000270	[166] _MPIU_Thread_CS_enter_lockname_recursive_impl_.constprop.1
0x1000B0950	0x000001C0	[166] _MPIR_Comm_create_keyval_impl
0x1000B0B10	0x0000026D	[166] _PMPI_Comm_create_keyval
0x1000B0D80	0x00000210	[167] _MPIU_Thread_CS_exit_lockname_recursive_impl_.constprop.0
0x1000B0F90	0x00000270	[167] _MPIU_Thread_CS_enter_lockname_recursive_impl_.constprop.1
0x1000B1200	0x00000160	[167] _MPIR_Comm_free_keyval_impl
0x1000B1360	0x000003AA	[167] _PMPI_Comm_free_keyval
0x1000B1710	0x00000210	[168] _MPIU_Thread_CS_exit_lockname_recursive_impl_.constprop.0
0x1000B1920	0x00000270	[168] _MPIU_Thread_CS_enter_lockname_recursive_impl_.constprop.1
0x1000B1B90	0x00000650	[168] _MPIR_CommGetAttr
0x1000B21E0	0x00000130	[168] _MPIR_CommGetAttr_fort
0x1000B2310	0x0000021D	[168] _PMPI_Comm_get_attr
0x1000B2530	0x00000210	[169] _MPIU_Thread_CS_exit_lockname_recursive_impl_.constprop.0
0x1000B2740	0x00000270	[169] _MPIU_Thread_CS_enter_lockname_recursive_impl_.constprop.1
0x1000B29B0	0x00000250	[169] _MPIR_Comm_set_attr_impl
0x1000B2C00	0x00000560	[169] _MPIR_CommSetAttr
0x1000B3160	0x00000546	[169] _PMPI_Comm_set_attr
0x1000B36B0	0x00000210	[170] _MPIU_Thread_CS_exit_lockname_recursive_impl_.constprop.0
0x1000B38C0	0x00000270	[170] _MPIU_Thread_CS_enter_lockname_recursive_impl_.constprop.1
0x1000B3B30	0x000010D0	[170] _MPIR_Allreduce_intra
0x1000B4C00	0x00000350	[170] _MPIR_Allreduce_inter
0x1000B4F50	0x00000090	[170] _MPIR_Allreduce
0x1000B4FE0	0x000000E0	[170] _MPIR_Allreduce_impl
0x1000B50C0	0x000009B6	[170] _PMPI_Allreduce
0x1000B5A80	0x00000210	[171] _MPIU_Thread_CS_exit_lockname_recursive_impl_.constprop.0
0x1000B5C90	0x00000270	[171] _MPIU_Thread_CS_enter_lockname_recursive_impl_.constprop.1
0x1000B5F00	0x00000160	[171] _MPIR_Barrier_intra
0x1000B6060	0x000000A0	[171] _MPIR_Barrier_or_coll_fn
0x1000B6100	0x00000350	[171] _MPIR_Barrier_inter
0x1000B6450	0x00000080	[171] _MPIR_Barrier
0x1000B64D0	0x00000110	[171] _MPIR_Barrier_impl
0x1000B65E0	0x000003B3	[171] _PMPI_Barrier
0x1000B69A0	0x00000210	[172] _MPIU_Thread_CS_exit_lockname_recursive_impl_.constprop.0
0x1000B6BB0	0x00000270	[172] _MPIU_Thread_CS_enter_lockname_recursive_impl_.constprop.1
0x1000B6E20	0x00000080	[172] _MPIR_Op_set_cxx
0x1000B6EA0	0x00000320	[172] _PMPI_Op_create
0x1000B71C0	0x00000320	[173] _scatter_for_bcast.isra.0
0x1000B74E0	0x00000210	[173] _MPIU_Thread_CS_exit_lockname_recursive_impl_.constprop.2
0x1000B76F0	0x00000270	[173] _MPIU_Thread_CS_enter_lockname_recursive_impl_.constprop.3
0x1000B7960	0x00001B20	[173] _MPIR_Bcast_intra
0x1000B9480	0x00000320	[173] _MPIR_Bcast_inter
0x1000B97A0	0x000000D0	[173] _MPIR_Bcast_impl
0x1000B9870	0x00000080	[173] _MPIR_Bcast
0x1000B98F0	0x0000074B	[173] _PMPI_Bcast
0x1000BA040	0x00000210	[174] _MPIU_Thread_CS_exit_lockname_recursive_impl_.constprop.2
0x1000BA250	0x00000270	[174] _MPIU_Thread_CS_enter_lockname_recursive_impl_.constprop.3
0x1000BA4C0	0x00001AA0	[174] _MPIR_Reduce_intra
0x1000BBF60	0x000004D0	[174] _MPIR_Reduce_inter
0x1000BC430	0x00000090	[174] _MPIR_Reduce
0x1000BC4C0	0x000000F0	[174] _MPIR_Reduce_impl
0x1000BC5B0	0x00000F19	[174] _PMPI_Reduce
0x1000BD4D0	0x00000210	[175] _MPIU_Thread_CS_exit_lockname_recursive_impl_.constprop.0
0x1000BD6E0	0x00000270	[175] _MPIU_Thread_CS_enter_lockname_recursive_impl_.constprop.1
0x1000BD950	0x00000B30	[175] _MPIR_Scatter_intra
0x1000BE480	0x000000D0	[175] _MPIR_Scatter_impl
0x1000BE550	0x000007E0	[175] _MPIR_Scatter_inter
0x1000BED30	0x000000A0	[175] _MPIR_Scatter
0x1000BEDD0	0x00001039	[175] _PMPI_Scatter
0x1000BFE10	0x00000210	[176] _MPIU_Thread_CS_exit_lockname_recursive_impl_.constprop.0
0x1000C0020	0x00000270	[176] _MPIU_Thread_CS_enter_lockname_recursive_impl_.constprop.1
0x1000C0290	0x00000E00	[176] _MPIR_Gather_intra
0x1000C1090	0x000000D0	[176] _MPIR_Gather_impl
0x1000C1160	0x000007F0	[176] _MPIR_Gather_inter
0x1000C1950	0x000000A0	[176] _MPIR_Gather
0x1000C19F0	0x00001020	[176] _PMPI_Gather
0x1000C2A10	0x00000210	[177] _MPIU_Thread_CS_exit_lockname_recursive_impl_.constprop.0
0x1000C2C20	0x00000270	[177] _MPIU_Thread_CS_enter_lockname_recursive_impl_.constprop.1
0x1000C2E90	0x00000DC0	[177] _MPIR_Allgather_intra
0x1000C3C50	0x000005C0	[177] _MPIR_Allgather_inter
0x1000C4210	0x00000090	[177] _MPIR_Allgather
0x1000C42A0	0x000000B0	[177] _MPIR_Allgather_impl
0x1000C4350	0x00000A70	[177] _PMPI_Allgather
0x1000C4DC0	0x00000210	[178] _MPIU_Thread_CS_exit_lockname_recursive_impl_.constprop.0
0x1000C4FD0	0x00000270	[178] _MPIU_Thread_CS_enter_lockname_recursive_impl_.constprop.1
0x1000C5240	0x00000140	[178] _MPIR_Reduce_local_impl
0x1000C5380	0x000003BF	[178] _PMPI_Reduce_local
0x1000C5740	0x00000210	[179] _MPIU_Thread_CS_exit_lockname_recursive_impl_.constprop.1
0x1000C5950	0x00000270	[179] _MPIU_Thread_CS_enter_lockname_recursive_impl_.constprop.2
0x1000C5BC0	0x000025F0	[179] _MPIR_Reduce_scatter_block_intra
0x1000C81B0	0x000004E0	[179] _MPIR_Reduce_scatter_block_inter
0x1000C8690	0x00000090	[179] _MPIR_Reduce_scatter_block
0x1000C8720	0x000000F0	[179] _MPIR_Reduce_scatter_block_impl
0x1000C8810	0x00000947	[179] _PMPI_Reduce_scatter_block
0x1000C9160	0x00000130	[180] _dtp_release_ref
0x1000C9290	0x00000020	[180] _get_count
0x1000C92B0	0x00000210	[180] _MPIU_Thread_CS_exit_lockname_recursive_impl_.constprop.0
0x1000C94C0	0x00000270	[180] _MPIU_Thread_CS_enter_lockname_recursive_impl_.constprop.1
0x1000C9730	0x00000830	[180] _MPIR_Iallgather_rec_dbl
0x1000C9F60	0x00000690	[180] _MPIR_Iallgather_bruck
0x1000CA5F0	0x000002E0	[180] _MPIR_Iallgather_ring
0x1000CA8D0	0x00000230	[180] _MPIR_Iallgather_intra
0x1000CAB00	0x00000620	[180] _MPIR_Iallgather_inter
0x1000CB120	0x00000230	[180] _MPIR_Iallgather_impl
0x1000CB350	0x00000891	[180] _PMPIX_Iallgather
0x1000CBBF0	0x00000210	[181] _MPIU_Thread_CS_exit_lockname_recursive_impl_.constprop.0
0x1000CBE00	0x00000270	[181] _MPIU_Thread_CS_enter_lockname_recursive_impl_.constprop.1
0x1000CC070	0x000009A0	[181] _MPIR_Iallgatherv_rec_dbl
0x1000CCA10	0x000007D0	[181] _MPIR_Iallgatherv_bruck
0x1000CD1E0	0x000004B0	[181] _MPIR_Iallgatherv_ring
0x1000CD690	0x00000230	[181] _MPIR_Iallgatherv_intra
0x1000CD8C0	0x00000470	[181] _MPIR_Iallgatherv_inter
0x1000CDD30	0x00000250	[181] _MPIR_Iallgatherv_impl
0x1000CDF80	0x000008EA	[181] _PMPIX_Iallgatherv
0x1000CE870	0x00000210	[182] _MPIU_Thread_CS_exit_lockname_recursive_impl_.constprop.0
0x1000CEA80	0x00000270	[182] _MPIU_Thread_CS_enter_lockname_recursive_impl_.constprop.1
0x1000CECF0	0x00000180	[182] _MPIR_Iallreduce_naive
0x1000CEE70	0x00000FB0	[182] _MPIR_Iallreduce_redscat_allgather
0x1000CFE20	0x000008C0	[182] _MPIR_Iallreduce_rec_dbl
0x1000D06E0	0x00000230	[182] _MPIR_Iallreduce_intra
0x1000D0910	0x00000310	[182] _MPIR_Iallreduce_inter
0x1000D0C20	0x00000540	[182] _MPIR_Iallreduce_SMP
0x1000D1160	0x00000210	[182] _MPIR_Iallreduce_impl
0x1000D1370	0x00000925	[182] _PMPIX_Iallreduce
0x1000D1CA0	0x00000210	[183] _MPIU_Thread_CS_exit_lockname_recursive_impl_.constprop.0
0x1000D1EB0	0x00000270	[183] _MPIU_Thread_CS_enter_lockname_recursive_impl_.constprop.1
0x1000D2120	0x000004B0	[183] _MPIR_Ialltoall_inplace
0x1000D25D0	0x00000AD0	[183] _MPIR_Ialltoall_bruck
0x1000D30A0	0x00000350	[183] _MPIR_Ialltoall_perm_sr
0x1000D33F0	0x00000380	[183] _MPIR_Ialltoall_pairwise
0x1000D3770	0x00000240	[183] _MPIR_Ialltoall_intra
0x1000D39B0	0x000002E0	[183] _MPIR_Ialltoall_inter
0x1000D3C90	0x00000230	[183] _MPIR_Ialltoall_impl
0x1000D3EC0	0x00000860	[183] _PMPIX_Ialltoall
0x1000D4720	0x00000210	[184] _MPIU_Thread_CS_exit_lockname_recursive_impl_.constprop.0
0x1000D4930	0x00000270	[184] _MPIU_Thread_CS_enter_lockname_recursive_impl_.constprop.1
0x1000D4BA0	0x000008D0	[184] _MPIR_Ialltoallv_intra
0x1000D5470	0x00000490	[184] _MPIR_Ialltoallv_inter
0x1000D5900	0x00000260	[184] _MPIR_Ialltoallv_impl
0x1000D5B60	0x00000991	[184] _PMPIX_Ialltoallv
0x1000D6500	0x00000210	[185] _MPIU_Thread_CS_exit_lockname_recursive_impl_.constprop.0
0x1000D6710	0x00000270	[185] _MPIU_Thread_CS_enter_lockname_recursive_impl_.constprop.1
0x1000D6980	0x00000800	[185] _MPIR_Ialltoallw_intra
0x1000D7180	0x00000230	[185] _MPIR_Ialltoallw_inter
0x1000D73B0	0x00000260	[185] _MPIR_Ialltoallw_impl
0x1000D7610	0x000006DA	[185] _PMPIX_Ialltoallw
0x1000D7CF0	0x00000210	[186] _MPIU_Thread_CS_exit_lockname_recursive_impl_.constprop.0
0x1000D7F00	0x00000270	[186] _MPIU_Thread_CS_enter_lockname_recursive_impl_.constprop.1
0x1000D8170	0x00000170	[186] _MPIR_Ibarrier_intra
0x1000D82E0	0x00000460	[186] _MPIR_Ibarrier_inter
0x1000D8740	0x000001A0	[186] _MPIR_Ibarrier_impl
0x1000D88E0	0x00000425	[186] _PMPIX_Ibarrier
0x1000D8D10	0x00000210	[187] _MPIU_Thread_CS_exit_lockname_recursive_impl_.constprop.0
0x1000D8F20	0x00000270	[187] _MPIU_Thread_CS_enter_lockname_recursive_impl_.constprop.1
0x1000D9190	0x00000630	[187] _MPIR_Ibcast_binomial
0x1000D97C0	0x00000230	[187] _MPIR_Iscatter_for_bcast
0x1000D99F0	0x00000860	[187] _MPIR_Ibcast_scatter_rec_dbl_allgather
0x1000DA250	0x00000610	[187] _MPIR_Ibcast_scatter_ring_allgather
0x1000DA860	0x000003A0	[187] _MPIR_Ibcast_SMP
0x1000DAC00	0x00000220	[187] _MPIR_Ibcast_intra
0x1000DAE20	0x00000230	[187] _MPIR_Ibcast_inter
0x1000DB050	0x00000200	[187] _MPIR_Ibcast_impl
0x1000DB250	0x0000062A	[187] _PMPIX_Ibcast
0x1000DB880	0x00000210	[188] _MPIU_Thread_CS_exit_lockname_recursive_impl_.constprop.0
0x1000DBA90	0x00000270	[188] _MPIU_Thread_CS_enter_lockname_recursive_impl_.constprop.1
0x1000DBD00	0x00000820	[188] _MPIR_Iexscan
0x1000DC520	0x00000210	[188] _MPIR_Iexscan_impl
0x1000DC730	0x000007F3	[188] _PMPIX_Iexscan
0x1000DCF30	0x00000210	[189] _MPIU_Thread_CS_exit_lockname_recursive_impl_.constprop.0
0x1000DD140	0x00000270	[189] _MPIU_Thread_CS_enter_lockname_recursive_impl_.constprop.1
0x1000DD3B0	0x00000DD0	[189] _MPIR_Igather_binomial
0x1000DE180	0x00000070	[189] _MPIR_Igather_intra
0x1000DE1F0	0x00000740	[189] _MPIR_Igather_inter
0x1000DE930	0x00000250	[189] _MPIR_Igather_impl
0x1000DEB80	0x00001055	[189] _PMPIX_Igather
0x1000DFBE0	0x00000210	[190] _MPIU_Thread_CS_exit_lockname_recursive_impl_.constprop.0
0x1000DFDF0	0x00000270	[190] _MPIU_Thread_CS_enter_lockname_recursive_impl_.constprop.1
0x1000E0060	0x00000310	[190] _MPIR_Igatherv
0x1000E0370	0x00000250	[190] _MPIR_Igatherv_impl
0x1000E05C0	0x00001314	[190] _PMPIX_Igatherv
0x1000E18E0	0x00000210	[191] _MPIU_Thread_CS_exit_lockname_recursive_impl_.constprop.0
0x1000E1AF0	0x00000270	[191] _MPIU_Thread_CS_enter_lockname_recursive_impl_.constprop.1
[...]
0x100174580	0x00000018	[ 45] _mpi_pairtypes
0x1001745A0	0x00000038	[ 46] _MPID_Errhandler_mem
0x1001745E0	0x00000038	[ 47] _MPID_Group_mem
0x100174620	0x00000038	[ 50] _MPID_Win_mem
0x100174658	0x00000008	[ 52] _initTick.16430
0x100174660	0x00000008	[ 52] _tickval.16431
0x100174668	0x00000004	[ 53] _MPIR_Topology_keyval
0x10017466C	0x00000004	[ 53] _unweighted_dummy
0x100174680	0x00000004	[ 54] _MPIU_DBG_MaxLevel
0x100174684	0x00000004	[ 54] _MPIU_dbg_state
0x100174688	0x00000004	[ 54] _dbg_rank
0x10017468C	0x00000004	[ 54] _worldRank
0x100174690	0x00000008	[ 54] _filePattern
0x100174698	0x0000000C	[ 54] _worldNumAsChar.16601
0x1001746A4	0x0000001C	[ 54] _resetTimeOrigin
0x1001746C0	0x00000020	[ 54] _MPIU_Levelname
0x1001746E0	0x00000020	[ 54] _whichRank
0x100174700	0x00000020	[ 54] _MPIU_LCLevelname
0x100174720	0x00000038	[ 56] _MPID_Info_mem
0x100174760	0x00000004	[ 65] _MPIR_PARAM_CTXID_EAGER_SIZE
0x100174764	0x00000004	[ 65] _MPIR_PARAM_COMM_OVERRIDES
0x100174768	0x00000004	[ 65] _MPIR_PARAM_SHM_READY_EAGER_MAX_SZ
0x10017476C	0x00000004	[ 65] _MPIR_PARAM_SHM_EAGER_MAX_SZ
0x100174770	0x00000004	[ 65] _MPIR_PARAM_HOST_LOOKUP_RETRIES
0x100174774	0x00000004	[ 65] _MPIR_PARAM_NEM_LMT_DMA_THRESHOLD
0x100174778	0x00000004	[ 65] _MPIR_PARAM_PRINT_ERROR_STACK
0x10017477C	0x00000004	[ 65] _MPIR_PARAM_ERROR_CHECKING
0x100174780	0x00000004	[ 65] _MPIR_PARAM_PROCTABLE_PRINT
0x100174784	0x00000004	[ 65] _MPIR_PARAM_PROCTABLE_SIZE
0x100174788	0x00000004	[ 65] _MPIR_PARAM_MEMDUMP
0x10017478C	0x00000004	[ 65] _MPIR_PARAM_POLLS_BEFORE_YIELD
0x100174790	0x00000004	[ 65] _MPIR_PARAM_RMA_NREQUEST_NEW_THRESHOLD
0x100174794	0x00000004	[ 65] _MPIR_PARAM_RMA_NREQUEST_THRESHOLD
0x100174798	0x00000004	[ 65] _MPIR_PARAM_RMA_ACC_IMMED
0x10017479C	0x00000004	[ 65] _MPIR_PARAM_COMM_SPLIT_USE_QSORT
0x1001747A0	0x00000004	[ 65] _MPIR_PARAM_ALLGATHERV_PIPELINE_MSG_SIZE
0x1001747A4	0x00000004	[ 65] _MPIR_PARAM_SCATTER_INTER_SHORT_MSG_SIZE
0x1001747A8	0x00000004	[ 65] _MPIR_PARAM_GATHERV_INTER_SSEND_MIN_PROCS
0x1001747AC	0x00000004	[ 65] _MPIR_PARAM_GATHER_INTER_SHORT_MSG_SIZE
0x1001747B0	0x00000004	[ 65] _MPIR_PARAM_GATHER_VSMALL_MSG_SIZE
0x1001747B4	0x00000004	[ 65] _MPIR_PARAM_ALLREDUCE_SHORT_MSG_SIZE
0x1001747B8	0x00000004	[ 65] _MPIR_PARAM_REDUCE_SHORT_MSG_SIZE
0x1001747BC	0x00000004	[ 65] _MPIR_PARAM_ALLGATHER_LONG_MSG_SIZE
0x1001747C0	0x00000004	[ 65] _MPIR_PARAM_ALLGATHER_SHORT_MSG_SIZE
0x1001747C4	0x00000004	[ 65] _MPIR_PARAM_BCAST_LONG_MSG_SIZE
0x1001747C8	0x00000004	[ 65] _MPIR_PARAM_BCAST_SHORT_MSG_SIZE
0x1001747CC	0x00000004	[ 65] _MPIR_PARAM_BCAST_MIN_PROCS
0x1001747D0	0x00000004	[ 65] _MPIR_PARAM_REDSCAT_COMMUTATIVE_LONG_MSG_SIZE
0x1001747D4	0x00000004	[ 65] _MPIR_PARAM_ALLTOALL_THROTTLE
0x1001747D8	0x00000004	[ 65] _MPIR_PARAM_ALLTOALL_MEDIUM_MSG_SIZE
0x1001747DC	0x00000004	[ 65] _MPIR_PARAM_ALLTOALL_SHORT_MSG_SIZE
0x1001747E0	0x00000AC0	[ 65] _MPIR_Param_params
0x1001752A0	0x00000150	[ 65] _MPIR_Param_categories
0x1001753F0	0x00000004	[ 73] _needsInit.17558
0x100175400	0x00000038	[ 78] _MPID_Request_mem
0x100175438	0x00000004	[ 91] _processorNameLen
0x100175440	0x00000008	[ 92] _comm_fns
0x100175460	0x00000020	[ 96] _setupPortFunctions
0x100175480	0x00000020	[ 96] _portFns
0x1001754A0	0x00000100	[101] _MPIU_hostname
0x1001755A0	0x00000004	[102] _initRMAoptions
0x1001755A4	0x00000004	[107] _MPIDI_CH3I_my_rank
0x1001755C0	0x00000100	[118] _MPID_nem_hostname
0x1001756C0	0x00000004	[123] _MPID_nem_netmod_id
0x1001756E0	0x00000040	[127] _MPID_nem_netmod_strings
0x100175720	0x00000008	[127] _MPID_nem_netmod_funcs
0x100175728	0x00000004	[127] _MPID_nem_num_netmods
0x100175740	0x00000050	[129] _MPIDI_nem_tcp_funcs
0x100175790	0x00000004	[132] _g_tbl_capacity
0x100175794	0x00000004	[132] _MPID_nem_tcp_skip_polls
0x1001757A0	0x00000010	[156] _t_char.16514
0x1001757B0	0x00000020	[156] _t_uchar.16515
0x1001757D0	0x00000010	[156] _t_schar.16530
0x1001757E0	0x00000009	[156] _t_byte.16516
0x1001757E9	0x0000000A	[156] _t_wchar_t.16517
0x1001757F3	0x0000000D	[156] _t_short.16518
0x100175800	0x00000013	[156] _t_ushort.16519
0x100175813	0x00000008	[156] _t_int.16520
0x10017581B	0x0000000D	[156] _t_uint.16521
0x100175828	0x00000018	[156] _t_long.16522
0x100175840	0x00000012	[156] _t_ulong.16523
0x100175852	0x0000000A	[156] _t_float.16524
0x10017585C	0x00000014	[156] _t_double.16525
0x100175870	0x00000010	[156] _t_longdouble.16526
0x100175880	0x00000020	[156] _t_longlongint.16527
0x1001758A0	0x00000017	[156] _t_ulonglong.16529
0x1001758B7	0x0000000B	[156] _t_packed.16531
0x1001758C2	0x00000007	[156] _t_lb.16532
0x1001758C9	0x00000007	[156] _t_ub.16533
0x1001758D0	0x0000000E	[156] _t_floatint.16534
0x1001758DE	0x0000000F	[156] _t_doubleint.16535
0x1001758ED	0x0000000D	[156] _t_longint.16536
0x1001758FA	0x0000000E	[156] _t_shortint.16537
0x100175908	0x00000018	[156] _t_2int.16538
0x100175920	0x00000014	[156] _t_longdoubleint.16539
0x100175934	0x0000000C	[156] _t_complex.16540
0x100175940	0x00000013	[156] _t_doublecomplex.16541
0x100175953	0x0000000C	[156] _t_logical.16542
0x10017595F	0x00000011	[156] _t_real.16543
0x100175970	0x00000015	[156] _t_doubleprecision.16544
0x100175985	0x0000000C	[156] _t_integer.16545
0x100175991	0x0000000D	[156] _t_2integer.16546
0x10017599E	0x00000012	[156] _t_2real.16547
0x1001759B0	0x00000016	[156] _t_2doubleprecision.16548
0x1001759C6	0x0000000E	[156] _t_character.16549
0x1001759D4	0x00000006	[156] _c_named.16553
0x1001759DA	0x00000007	[156] _c_contig.16554
0x1001759E1	0x00000007	[156] _c_vector.16555
0x1001759E8	0x00000008	[156] _c_hvector.16556
0x1001759F0	0x00000008	[156] _c_indexed.16557
0x1001759F8	0x00000009	[156] _c_hindexed.16558
0x100175A01	0x00000007	[156] _c_struct.16559
0x100175A08	0x00000008	[156] _c_dup.16560
0x100175A10	0x00000010	[156] _c_hvector_integer.16561
0x100175A20	0x00000011	[156] _c_hindexed_integer.16562
0x100175A31	0x0000000E	[156] _c_indexed_block.16563
0x100175A3F	0x0000000F	[156] _c_hindexed_block.16564
0x100175A4E	0x0000000F	[156] _c_struct_integer.16565
0x100175A5D	0x00000009	[156] _c_subarray.16566
0x100175A66	0x00000007	[156] _c_darray.16567
0x100175A6D	0x00000009	[156] _c_f90_real.16568
0x100175A76	0x0000000C	[156] _c_f90_complex.16569
0x100175A82	0x0000000C	[156] _c_f90_integer.16570
0x100175A8E	0x00000008	[156] _c_resized.16571
0x100175A96	0x00000003	[156] _d1.16591
0x100175A99	0x00000005	[156] _d2.16592
0x100175A9E	0x00000007	[156] _d3.16593
0x100175AA5	0x00000009	[156] _d4.16594
0x100175AAE	0x0000000B	[156] _d5.16595
0x100175AC0	0x00000020	[164] _PMIU_print_id
0x100175AE0	0x00000004	[164] _lastfd.4099
0x100175AE4	0x00000004	[165] _PMI_fd
0x100175AE8	0x00000004	[165] _PMI_size
0x100175AEC	0x00000004	[165] _firstcall.9189
0x100175B00	0x00000080	[170] _MPIR_Op_check_dtype_table
0x100175B80	0x00000070	[170] _MPIR_Op_table
0x100175C00	0x00000038	[172] _MPID_Op_mem
0x100175C40	0x00000020	[222] ___emutls_v.MPIR_Thread
0x100175C60	0x00000004	[247] _MPIR_F_NeedInit
0x100175C70	0x00000004	[250] _world_rank
0x100175C74	0x00000001	[250] _TRDefaultByte
0x100175C75	0x0000000B	[250] _TRFreedByte
0x100175C80	0x00000010	[250] _hex.3617
0x100175CA0	0x000066C0	[ 46] _generic_err_msgs
0x10017C360	0x00004940	[ 46] _specific_err_msgs
0x100180CA0	0x00000008	[ 47] _MPID_Group_empty
0x100180CA8	0x00000008	[ 53] _MPI_UNWEIGHTED
0x100180CC0	0x000002A0	[ 54] _MPIU_Classnames
0x100180F60	0x00000050	[132] _CONN_STATE_STR
0x100180FB0	0x00000010	[132] _LISTEN_STATE_STR
0x100180FC0	0x00000010	[132] _CONN_TYPE_STR
0x100180FD0	0x00000002	[101] _g_num_nodes
0x100180FD2	0x00000001	[156] _d0.16590
0x100180FD8	0x00000008	[ 44] _MPID_Comm_fns
0x100180FE0	0x00000008	[ 54] _MPIU_dbg_fp
0x100180FE8	0x00000008	[ 65] _MPIR_PARAM_NETWORK_IFACE
0x100180FF0	0x00000008	[ 65] _MPIR_PARAM_INTERFACE_HOSTNAME
0x100180FF8	0x00000008	[ 65] _MPIR_PARAM_NEMESIS_NETMOD
0x100181000	0x00000008	[ 72] _MPIDI_Failed_procs_group
0x100181008	0x00000008	[ 92] _MPIDI_CH3U_SRBuf_pool
0x100181010	0x00000008	[107] _MPIDI_CH3I_my_pg
0x100181018	0x00000008	[107] _MPIDI_CH3_packet_buffer
0x100181020	0x00000008	[112] _MPID_nem_local_lmt_progress
0x100181028	0x00000008	[112] _MPIDI_CH3I_shm_active_send
0x100181030	0x00000008	[115] _coll_fns_array
0x100181038	0x00000008	[118] _MPID_nem_asymm_base_addr
0x100181040	0x00000008	[120] _MPID_nem_recv_seqno
0x100181048	0x00000008	[120] _MPID_nem_prefetched_cell
0x100181050	0x00000008	[120] _MPID_nem_curr_fbox_all_poll
0x100181058	0x00000008	[120] _MPID_nem_curr_fboxq_elem
0x100181060	0x00000008	[120] _MPID_nem_fboxq_elem_list_last
0x100181068	0x00000008	[120] _MPID_nem_fboxq_elem_list
0x100181070	0x00000008	[120] _MPID_nem_fboxq_tail
0x100181078	0x00000008	[120] _MPID_nem_fboxq_head
0x100181080	0x00000008	[123] _MPID_nem_net_module_vc_dbg_print_sendq
0x100181088	0x00000008	[123] _MPID_nem_netmod_func
0x100181090	0x00000008	[132] _MPID_nem_tcp_plfd_tbl
0x100181098	0x00000008	[162] _all_schedules
0x1001810A0	0x00000008	[222] _MPI_F_STATUSES_IGNORE
0x1001810A8	0x00000008	[222] _MPI_F_STATUS_IGNORE
0x1001810B0	0x00000008	[247] _MPI_F_ARGVS_NULL
0x1001810B8	0x00000008	[247] _MPI_F_ERRCODES_IGNORE
0x1001810C0	0x00000008	[247] _MPIR_F_MPI_UNWEIGHTED
0x1001810C8	0x00000008	[247] _MPIR_F_MPI_IN_PLACE
0x1001810D0	0x00000008	[247] _MPIR_F_MPI_BOTTOM
0x1001810D8	0x00000008	[  1] _crr
0x1001810E0	0x00000008	[ 10] _root
0x1001810E8	0x00000008	[ 44] _ic_default_collops
0x1001810F0	0x00000008	[ 48] _progress_comm_ptr
0x1001810F8	0x00000008	[ 48] _progress_thread_id
0x100181100	0x00000008	[ 52] _MPIR_Wtime_mult
0x100181108	0x00000008	[ 54] _dbg_memlog
0x100181110	0x00000008	[ 54] _timeOrigin
0x100181118	0x00000008	[ 54] _static_dbg_fp
0x100181120	0x00000008	[ 54] _dbg_tls_key
0x100181128	0x00000008	[ 57] _instrHead
0x100181130	0x00000008	[ 57] _instrTail
0x100181138	0x00000008	[ 70] _comm_list
0x100181140	0x00000008	[ 70] _create_hooks
0x100181148	0x00000008	[ 70] _destroy_hooks
0x100181150	0x00000008	[ 71] _parent_port_name
0x100181158	0x00000008	[ 76] _acceptq_head
0x100181160	0x00000008	[ 77] _posted_recvq_match_attempts
0x100181168	0x00000008	[ 77] _unexpected_recvq_match_attempts
0x100181170	0x00000008	[ 77] _recvq_unexpected_head
0x100181178	0x00000008	[ 77] _recvq_unexpected_tail
0x100181180	0x00000008	[ 77] _recvq_posted_tail
0x100181188	0x00000008	[ 77] _recvq_posted_head
0x100181190	0x00000008	[ 82] _list_complete
0x100181198	0x00000008	[ 82] _list_block
0x1001811A0	0x00000008	[104] _MPIDI_PG_Compare_ids_fn
0x1001811A8	0x00000008	[104] _MPIDI_PG_Destroy_fn
0x1001811B0	0x00000008	[104] _pg_world
0x1001811B8	0x00000008	[104] _MPIDI_PG_list
0x1001811C0	0x00000008	[104] _MPIDI_PG_iterator_next
0x1001811C8	0x00000008	[107] _initcomp_cb_stack
0x1001811D0	0x00000008	[112] _prev_sighandler
0x1001811D8	0x00000008	[112] _qn_head
0x1001811E0	0x00000008	[117] _segment_len
0x1001811E8	0x00000008	[117] _asym_check_region_p
0x1001811F0	0x00000008	[126] _lmt_shm_progress_q
0x1001811F8	0x00000008	[129] _pkt_handlers
0x100181200	0x00000008	[130] _free_buffers
0x100181208	0x00000008	[132] _dummy_vc_area
0x100181210	0x00000008	[132] _g_sc_tbl
0x100181218	0x00000008	[132] _recv_buf
0x100181220	0x00000008	[163] _all_pvars
0x100181228	0x00000008	[164] _logfile.4088
0x100181230	0x00000008	[164] _nextChar.4097
0x100181238	0x00000008	[164] _lastChar.4098
0x100181240	0x00000008	[250] _allocated
0x100181248	0x00000008	[250] _frags
0x100181250	0x00000008	[250] _TRhead
0x100181258	0x00000008	[250] _TRMaxMem
0x100181260	0x00000008	[250] _TRMaxMemId
0x100181268	0x00000008	[250] _TRMaxMemAllow
0x100181270	0x00000004	[  1] _cp_cr_comm
0x100181274	0x00000004	[ 44] _mask_in_use
0x100181278	0x00000004	[ 44] _eager_in_use
0x10018127C	0x00000004	[ 44] _initialized.16475
0x100181280	0x00000004	[ 45] _is_init.16453
0x100181284	0x00000004	[ 45] _called.16496
0x100181288	0x00000004	[ 46] _max_error_ring_loc
0x10018128C	0x00000004	[ 46] _error_ring_loc
0x100181290	0x00000004	[ 46] _did_err_init
0x100181294	0x00000004	[ 48] _progress_thread_done
0x100181298	0x00000004	[ 54] _dbg_memlog_next
0x10018129C	0x00000004	[ 54] _dbg_memlog_count
0x1001812A0	0x00000004	[ 54] _mpiu_dbg_initialized
0x1001812A4	0x00000004	[ 57] _dummy_unique_L9
0x1001812A8	0x00000004	[ 65] _initialized.16451
0x1001812AC	0x00000004	[ 67] _dummy_unique_L14
0x1001812B0	0x00000004	[ 72] _MPIDI_Outstanding_close_ops
0x1001812B4	0x00000004	[ 74] _in_routine.17565
0x1001812B8	0x00000004	[ 74] _entered_flag
0x1001812BC	0x00000004	[ 74] _entered_count
0x1001812C0	0x00000004	[ 76] _AcceptQueueSize
0x1001812C4	0x00000004	[ 76] _maxAcceptQueueSize
0x1001812C8	0x00000004	[ 77] _posted_qlen
0x1001812CC	0x00000004	[ 77] _unexpected_qlen
0x1001812D0	0x00000004	[ 91] _setProcessorName
0x1001812D4	0x00000004	[101] _lpid_counter
0x1001812D8	0x00000004	[104] _verbose
0x1001812DC	0x00000004	[107] _nemesis_initialized
0x1001812E0	0x00000004	[112] _sigusr1_count
0x1001812E4	0x00000004	[112] _my_sigusr1_count
0x1001812E8	0x00000004	[112] _poll_count_.18229
0x1001812EC	0x00000004	[119] _sense
0x1001812F0	0x00000004	[119] _barrier_init
0x1001812F4	0x00000004	[126] _poll_count_.18250
0x1001812F8	0x00000004	[126] _poll_count_.18194
0x1001812FC	0x00000004	[126] _poll_count_.18219
0x100181300	0x00000004	[132] _g_tbl_size
0x100181304	0x00000004	[132] _num_skipped_polls.19034
0x100181308	0x00000004	[164] _PMIU_keyval_tab_idx
0x10018130C	0x00000004	[165] _PMI_initialized
0x100181310	0x00000004	[165] _PMI_debug
0x100181314	0x00000004	[165] _PMI_rank
0x100181318	0x00000004	[165] _PMI_kvsname_max
0x10018131C	0x00000004	[165] _PMI_keylen_max
0x100181320	0x00000004	[165] _PMI_vallen_max
0x100181324	0x00000004	[165] _PMI_totalview
0x100181328	0x00000004	[165] _PMI_spawned
0x10018132C	0x00000004	[223] _fstack_sp
0x100181330	0x00000004	[223] _fstack_max_priority
0x100181334	0x00000004	[250] _TRid
0x100181338	0x00000004	[250] _TRidSet
0x10018133C	0x00000004	[250] _TRlevel
0x100181340	0x00000004	[250] _TRdebugLevel
0x100181344	0x00000004	[ 54] _MPIU_DBG_ActiveClasses
0x100181348	0x00000008	[ 65] _MPIR_PARAM_PORT_RANGE
0x100181350	0x00000004	[ 65] _MPIR_PARAM_ABORT_ON_LEAKED_HANDLES
0x100181354	0x00000004	[ 65] _MPIR_PARAM_ENABLE_COLL_FT_RET
0x100181358	0x00000004	[ 65] _MPIR_PARAM_ENABLE_CKPOINT
0x10018135C	0x00000004	[ 65] _MPIR_PARAM_DEBUG_HOLD
0x100181360	0x00000004	[ 65] _MPIR_PARAM_CHOP_ERROR_STACK
0x100181364	0x00000004	[ 65] _MPIR_PARAM_ODD_EVEN_CLIQUES
0x100181368	0x00000004	[ 65] _MPIR_PARAM_NOLOCAL
0x10018136C	0x00000004	[ 72] _MPIDI_Failed_vc_count
0x100181370	0x00000004	[ 92] _MPIDI_Use_pmi2_api
0x100181374	0x00000004	[112] _MPID_nem_local_lmt_pending
0x100181378	0x00000004	[112] _MPIDI_CH3I_progress_wakeup_signalled
0x10018137C	0x00000004	[112] _MPIDI_CH3I_progress_blocked
0x100181380	0x00000004	[112] _MPIDI_CH3I_progress_completion_count
0x100181384	0x00000008	[132] _MPID_nem_tcp_g_lstn_plfd
0x10018138C	0x00000004	[221] _MPIR_async_thread_initialized
0x100181390	0x00000004	[246] _MPIR_T_init_balance
0x1001813A0	0x00000010	[ 92] _MPIDI_Process
0x1001813B0	0x00000010	[112] _MPIDI_CH3I_shm_sendq
0x1001813C0	0x00000004	[  1] _cp_num
0x1001813C4	0x00000004	[  1] _doc
0x1001813C8	0x00000004	[  1] _nproc
0x1001813CC	0x00000004	[  1] _procnum
0x1001813D0	0x00000008	[ 10] _GlobLogCat
0x1001813E0	0x00000014	[248] _mpifcmb1_
0x100181400	0x00000014	[248] _mpifcmb2_
0x100181420	0x00000004	[248] _mpifcmb3_
0x100181430	0x00000004	[248] _mpifcmb4_
0x100181440	0x00000004	[248] _mpifcmb5_
0x100181450	0x00000004	[248] _mpifcmb6_
0x100181460	0x00000004	[248] _mpifcmb7_
0x100181470	0x00000004	[248] _mpifcmb8_
0x100181480	0x00000010	[112] _vc_term_queue
0x100181490	0x00000010	[117] _allocq
0x1001814A0	0x00000010	[132] _freeq
0x1001814B0	0x0000001C	[168] _attr_copy.16410
0x1001814E0	0x00000400	[  4] _message.2291
0x1001818E0	0x00000020	[ 44] _default_collops
0x100181900	0x00000100	[ 44] _context_mask
0x100181A00	0x00000201	[ 44] _bufstr.16514
0x100181C20	0x00000040	[ 46] _error_ring_mutex
0x100181C60	0x0000AA00	[ 46] _ErrorRing
0x10018C660	0x00000040	[ 46] _default_str.19473
0x10018C6A0	0x00000100	[ 46] _str.19457
0x10018C7A0	0x00000040	[ 46] _default_str.19464
0x10018C7E0	0x00000040	[ 48] _progress_cond
0x10018C820	0x00000040	[ 48] _progress_mutex
0x10018C860	0x00000400	[ 54] _temp_filename
0x10018CC60	0x00000400	[ 54] _filePatternBuf
0x10018D060	0x000000E8	[ 73] _pktArray.17557
0x10018D160	0x00000080	[ 91] _processorName
0x10018D1E0	0x00000100	[ 96] _port_name_tag_mask
0x10018D2E0	0x00000100	[105] _pktmsg.17506
0x10018D3E0	0x00000140	[112] _pktArray
0x10018D520	0x00000030	[112] _MPIDI_CH3I_progress_completion_cond
0x10018D560	0x000000A0	[132] _sc_state_info
0x10018D600	0x00000400	[164] _readbuf.4096
0x10018DA00	0x00010800	[164] _PMIU_keyval_tab
0x10019E200	0x00000100	[165] _singinit_kvsname
0x10019E300	0x00000400	[165] _cached_singinit_key
0x10019E700	0x00000400	[165] _cached_singinit_val
0x10019EB00	0x00000300	[223] _fstack
0x10019EE00	0x00000700	[ 26] _MPID_Attr_direct
0x10019F500	0x00000680	[ 26] _MPID_Keyval_direct
0x10019FB80	0x00000B00	[ 44] _MPID_Comm_direct
0x1001A0680	0x00000420	[ 44] _MPID_Comm_builtin
0x1001A0AA0	0x00000900	[ 45] _MPID_Datatype_direct
0x1001A13A0	0x00004DA0	[ 45] _MPID_Datatype_builtin
0x1001A6140	0x000000C0	[ 46] _MPID_Errhandler_direct
0x1001A6200	0x00000048	[ 46] _MPID_Errhandler_builtin
0x1001A6260	0x00000140	[ 47] _MPID_Group_direct
0x1001A63A0	0x00000028	[ 47] _MPID_Group_builtin
0x1001A63E0	0x00001340	[ 50] _MPID_Win_direct
0x1001A7720	0x00000100	[ 56] _MPID_Info_direct
0x1001A7820	0x00001600	[ 78] _MPID_Request_direct
0x1001A8E20	0x00000060	[ 82] _MPIU_INSTR_HANDLE_rmapkt_fop
0x1001A8E80	0x00000060	[ 82] _MPIU_INSTR_HANDLE_rmapkt_cas
0x1001A8EE0	0x00000060	[ 82] _MPIU_INSTR_HANDLE_rmapkt_acc_immed_op
0x1001A8F40	0x00000060	[ 82] _MPIU_INSTR_HANDLE_rmapkt_acc_immed
0x1001A8FA0	0x00000060	[ 82] _MPIU_INSTR_HANDLE_rmapkt_acc_predef
0x1001A9000	0x00000060	[ 82] _MPIU_INSTR_HANDLE_rmapkt_acc
0x1001A9060	0x00000060	[ 82] _MPIU_INSTR_HANDLE_lockqueue_alloc
0x1001A90C0	0x00000060	[ 82] _MPIU_INSTR_HANDLE_winunlock_block
0x1001A9120	0x00000060	[ 82] _MPIU_INSTR_HANDLE_winunlock_complete
0x1001A9180	0x00000060	[ 82] _MPIU_INSTR_HANDLE_winunlock_issue
0x1001A91E0	0x00000060	[ 82] _MPIU_INSTR_HANDLE_winunlock_getlock
0x1001A9240	0x00000060	[ 82] _MPIU_INSTR_HANDLE_winlock_getlocallock
0x1001A92A0	0x00000060	[ 82] _MPIU_INSTR_HANDLE_winwait_wait
0x1001A9300	0x00000060	[ 82] _MPIU_INSTR_HANDLE_wincomplete_block
0x1001A9360	0x00000060	[ 82] _MPIU_INSTR_HANDLE_wincomplete_recvsync
0x1001A93C0	0x00000060	[ 82] _MPIU_INSTR_HANDLE_wincomplete_complete
0x1001A9420	0x00000060	[ 82] _MPIU_INSTR_HANDLE_wincomplete_issue
0x1001A9480	0x00000060	[ 82] _MPIU_INSTR_HANDLE_winstart_clearlock
0x1001A94E0	0x00000060	[ 82] _MPIU_INSTR_HANDLE_winpost_sendsync
0x1001A9540	0x00000060	[ 82] _MPIU_INSTR_HANDLE_winpost_clearlock
0x1001A95A0	0x00000040	[ 82] _MPIU_INSTR_HANDLE_wincomplete_reqs
0x1001A95E0	0x00000040	[ 82] _MPIU_INSTR_HANDLE_winunlock_reqs
0x1001A9620	0x00000040	[ 82] _MPIU_INSTR_HANDLE_winfence_reqs
0x1001A9660	0x00000060	[ 82] _MPIU_INSTR_HANDLE_winfence_block
0x1001A96C0	0x00000060	[ 82] _MPIU_INSTR_HANDLE_winfence_wait
0x1001A9720	0x00000060	[ 82] _MPIU_INSTR_HANDLE_winfence_complete
0x1001A9780	0x00000060	[ 82] _MPIU_INSTR_HANDLE_winfence_issue
0x1001A97E0	0x00000060	[ 82] _MPIU_INSTR_HANDLE_winfence_rs
0x1001A9840	0x00000060	[ 82] _MPIU_INSTR_HANDLE_winfence_clearlock
0x1001A98A0	0x00000020	[ 92] _MPIDI_CH3U_Win_fns
0x1001A98C0	0x00000060	[102] _MPIU_INSTR_HANDLE_rmaqueue_set
0x1001A9920	0x00000060	[102] _MPIU_INSTR_HANDLE_rmaqueue_alloc
0x1001A9980	0x00000060	[102] _MPIU_INSTR_HANDLE_winfree_complete
0x1001A99E0	0x00000060	[102] _MPIU_INSTR_HANDLE_winfree_rs
0x1001A9A40	0x00000060	[102] _MPIU_INSTR_HANDLE_wincreate_allgather
0x1001A9AA0	0x000001B8	[118] _MPID_nem_mem_region
0x1001A9C60	0x00000038	[132] _MPID_nem_tcp_g_lstn_sc
0x1001A9CA0	0x00000180	[172] _MPID_Op_direct
0x1001A9E20	0x00000168	[172] _MPID_Op_builtin
0x1001A9FA0	0x00000140	[222] _MPIR_ThreadInfo
0x1001AA0E0	0x00000078	[222] _MPIR_Process
