# Path: debug/test_mampicl
# Arch: x86_64
# Object files:
[  0] linker synthesized
[  1] debug/src/cunit_main.mpi.o
[  2] debug/src/cunit_mode.mpi.o
[  3] debug/src/test_mampicl.mpi.o
[  4] debug/src/suite_a2a.mpi.o
[  5] ../crystal/debug/libcrystal.a(crbuffer.o)
[  6] ../crystal/debug/libcrystal.a(cr_gather.mpi.o)
[  7] ../crystal/debug/libcrystal.a(cr_general.mpi.o)
[  8] ../crystal/debug/libcrystal.a(cr_message.o)
[  9] ../crystal/debug/libcrystal.a(crystal_router.mpi.o)
[ 10] ../commprim/debug/libcommprim.a(commcontext.mpi.o)
[ 11] ../commprim/debug/libcommprim.a(cshift.mpi.o)
[ 12] ../commprim/debug/libcommprim.a(cread.mpi.o)
[ 13] ../commprim/debug/libcommprim.a(cwrite.mpi.o)
[ 14] ../commprim/debug/libcommprim.a(logging.o)
[ 15] /Users/michs/devel/usr/local/gcc/4.7/lib/liblog4c.dylib
[ 16] /Users/michs/devel/usr/local/gcc/4.7/lib/libcunit.dylib
[ 17] /Users/michs/devel/usr/local/mpich3/3.1/gcc/4.7/lib/libmpi.dylib
[ 18] /usr/lib/libSystem.dylib
# Sections:
# Address	Size    	Segment	Section
0x100000C9B	0x000056DB	__TEXT	__text
0x100006376	0x00000156	__TEXT	__stubs
0x1000064CC	0x0000024A	__TEXT	__stub_helper
0x100006718	0x00000C22	__TEXT	__cstring
0x100007340	0x00000194	__TEXT	__const
0x1000074D8	0x00001B28	__TEXT	__eh_frame
0x100009000	0x00000048	__DATA	__got
0x100009048	0x00000010	__DATA	__nl_symbol_ptr
0x100009058	0x000001C8	__DATA	__la_symbol_ptr
0x100009220	0x000000D0	__DATA	__data
0x1000092F0	0x00000010	__DATA	__bss3
0x100009300	0x00000010	__DATA	__common
0x100009320	0x00000460	__DATA	__bss5
0x100009780	0x00000018	__DATA	__bss2
# Symbols:
# Address	Size    	File  Name
0x100000C9B	0x00000057	[  1] _cunit_main
0x100000CF2	0x0000006B	[  2] _CU_mpi_run_tests
0x100000D5D	0x0000003E	[  2] _CU_basic_run_suite
0x100000D9B	0x00000059	[  2] _CU_basic_run_test
0x100000DF4	0x00000012	[  2] _CU_mpi_set_mode
0x100000E06	0x0000000C	[  2] _CU_mpi_get_mode
0x100000E12	0x0000009C	[  2] _CU_basic_show_failures
0x100000EAE	0x000000DE	[  2] _basic_initialize
0x100000F8C	0x00000056	[  2] _basic_run_all_tests
0x100000FE2	0x00000025	[  2] _basic_run_suite
0x100001007	0x00000030	[  2] _basic_run_single_test
0x100001037	0x000001AF	[  2] _basic_test_start_message_handler
0x1000011E6	0x0000054B	[  2] _basic_test_complete_message_handler
0x100001731	0x00000025	[  2] _basic_all_tests_complete_message_handler
0x100001756	0x00000029	[  3] _main
0x10000177F	0x0000002F	[  4] ___inline_memset_chk
0x1000017AE	0x00000026	[  4] _log4c_category_is_priority_enabled
0x1000017D4	0x0000005C	[  4] _log4c_category_vlog
0x100001830	0x000000C2	[  4] ___log4c_category_trace
0x1000018F2	0x00000044	[  4] _init_suite_alltoall_mpi
0x100001936	0x00000010	[  4] _cleanup_suite_alltoall_mpi
0x100001946	0x00000036	[  4] _alloc_buffer
0x10000197C	0x000003E3	[  4] _test_alltoallv_impl
0x100001D5F	0x000003BF	[  4] _test_alltoallv_in_place_impl
0x10000211E	0x000001B4	[  4] _test_alltoall_impl
0x1000022D2	0x00000051	[  4] _test_cr_alltoallv
0x100002323	0x00000051	[  4] _test_cr_alltoallv_in_place
0x100002374	0x00000051	[  4] _test_cr_alltoallv2
0x1000023C5	0x00000051	[  4] _test_cr_alltoallv2_in_place
0x100002416	0x00000006	[  4] _test_cr_alltoall
0x10000241C	0x00000051	[  4] _test_mpi_alltoallv
0x10000246D	0x00000051	[  4] _test_mpi_alltoallv_in_place
0x1000024BE	0x00000051	[  4] _test_mpi_alltoall
0x10000250F	0x00000031	[  5] ___inline_memcpy_chk
0x100002540	0x00000031	[  5] ___inline_memmove_chk
0x100002571	0x00000026	[  5] _log4c_category_is_priority_enabled
0x100002597	0x0000005C	[  5] _log4c_category_vlog
0x1000025F3	0x000000C2	[  5] ___log4c_category_trace
0x1000026B5	0x00000072	[  5] _init_cr_buf
0x100002727	0x0000004E	[  5] _sub_buffer
0x100002775	0x000000AA	[  5] _add_to_buffer
0x10000281F	0x00000093	[  5] _rescue_buf
0x1000028B2	0x00000155	[  5] _compress
0x100002A07	0x000002E6	[  5] _check_buffer
0x100002CED	0x00000037	[  5] _test_buffer_wrap
0x100002D24	0x00000038	[  5] _crb_next_message
0x100002D5C	0x000001B8	[  5] _get_message
0x100002F14	0x000000E7	[  5] _send_message
0x100002FFB	0x00000142	[  5] _log_buffer_content
0x10000313D	0x000000B9	[  5] _print_buffer
0x1000031F6	0x0000001F	[  5] _crb_data_len
0x100003215	0x00000020	[  5] _crb_data
0x100003235	0x0000003C	[  5] _crb_clear
0x100003271	0x000000FB	[  5] _crb_resize
0x10000336C	0x00000012	[  5] _crb_create_msg
0x10000337E	0x00000051	[  5] _crb_close_msg
0x1000033CF	0x0000002D	[  5] _crb_add_recipient
0x1000033FC	0x0000005A	[  5] _crb_add_recipients
0x100003456	0x00000093	[  5] _crb_add_msgcontent
0x1000034E9	0x00000031	[  6] ___inline_memcpy_chk
0x10000351A	0x00000026	[  6] _log4c_category_is_priority_enabled
0x100003540	0x0000005C	[  6] _log4c_category_vlog
0x10000359C	0x000000C2	[  6] ___log4c_category_trace
0x10000365E	0x00000115	[  6] _log_ag_parms
0x100003773	0x000000B9	[  6] _create_msg
0x10000382C	0x000000A2	[  6] _cp_msg_param2buff
0x1000038CE	0x0000009D	[  6] _cp_msg_buff2param
0x10000396B	0x00000111	[  6] _Cr_Alltoallv
0x100003A7C	0x0000011D	[  6] _read_msg_func
0x100003B99	0x00000122	[  6] _write_msg_func
0x100003CBB	0x0000038F	[  6] _Cr_Alltoallv2
0x10000404A	0x00000036	[  7] _Cr_Init
0x100004080	0x00000031	[  8] ___inline_memcpy_chk
0x1000040B1	0x000002FA	[  8] _message_string
0x1000043AB	0x0000007C	[  8] _cr_msg_header
0x100004427	0x00000066	[  8] _cr_msg_len
0x10000448D	0x00000031	[  9] ___inline_memcpy_chk
0x1000044BE	0x00000026	[  9] _log4c_category_is_priority_enabled
0x1000044E4	0x0000005C	[  9] _log4c_category_vlog
0x100004540	0x000000C2	[  9] _log4c_category_debug
0x100004602	0x000000C2	[  9] ___log4c_category_trace
0x1000046C4	0x00000088	[  9] _log_cr_router
0x10000474C	0x000001AA	[  9] _write_msg_func
0x1000048F6	0x00000197	[  9] _copy_to_buf
0x100004A8D	0x00000326	[  9] _crystal_router
0x100004DB3	0x000000F4	[  9] _new_crystal_router
0x100004EA7	0x00000057	[  9] _del_crystal_router
0x100004EFE	0x00000033	[  9] _crb_buffer
0x100004F31	0x00000026	[ 10] _log4c_category_is_priority_enabled
0x100004F57	0x0000005C	[ 10] _log4c_category_vlog
0x100004FB3	0x000000C2	[ 10] _log4c_category_debug
0x100005075	0x0000002F	[ 10] ___inline_memset_chk
0x1000050A4	0x00000011	[ 10] _commcntxt_size
0x1000050B5	0x00000011	[ 10] _commcntxt_id
0x1000050C6	0x00000102	[ 10] _mcMPICommContext
0x1000051C8	0x00000027	[ 10] _delMPICommContext
0x1000051EF	0x00000026	[ 11] _log4c_category_is_priority_enabled
0x100005215	0x0000005C	[ 11] _log4c_category_vlog
0x100005271	0x000000C2	[ 11] ___log4c_category_trace
0x100005333	0x00000121	[ 11] _cshift
0x100005454	0x0000022C	[ 11] _cishift
0x100005680	0x00000026	[ 12] _log4c_category_is_priority_enabled
0x1000056A6	0x0000005C	[ 12] _log4c_category_vlog
0x100005702	0x000000C2	[ 12] _log4c_category_error
0x1000057C4	0x000000C2	[ 12] ___log4c_category_trace
0x100005886	0x000001DD	[ 12] _cread
0x100005A63	0x000001E1	[ 12] _ciread
0x100005C44	0x00000026	[ 13] _log4c_category_is_priority_enabled
0x100005C6A	0x0000005C	[ 13] _log4c_category_vlog
0x100005CC6	0x000000C2	[ 13] _log4c_category_debug
0x100005D88	0x000000C2	[ 13] ___log4c_category_trace
0x100005E4A	0x00000131	[ 13] _cwrite
0x100005F7B	0x00000160	[ 13] _ciwrite
0x1000060DB	0x00000026	[ 14] _log4c_category_is_priority_enabled
0x100006101	0x0000005C	[ 14] _log4c_category_vlog
0x10000615D	0x000000C2	[ 14] _log4c_category_debug
0x10000621F	0x00000138	[ 14] _log_init
0x100006357	0x0000001F	[ 14] _log_fini
0x100006376	0x00000006	[ 15] ___log4c_category_vlog
0x10000637C	0x00000006	[ 15] _log4c_appender_get
0x100006382	0x00000006	[ 15] _log4c_appender_set_type
0x100006388	0x00000006	[ 15] _log4c_category_get
0x10000638E	0x00000006	[ 15] _log4c_category_get_chainedpriority
0x100006394	0x00000006	[ 15] _log4c_category_set_appender
0x10000639A	0x00000006	[ 15] _log4c_fini
0x1000063A0	0x00000006	[ 15] _log4c_init
0x1000063A6	0x00000006	[ 16] _CU_assertImplementation
0x1000063AC	0x00000006	[ 16] _CU_cleanup_registry
0x1000063B2	0x00000006	[ 16] _CU_get_error
0x1000063B8	0x00000006	[ 16] _CU_get_registry
0x1000063BE	0x00000006	[ 16] _CU_initialize_registry
0x1000063C4	0x00000006	[ 16] _CU_register_suites
0x1000063CA	0x00000006	[ 16] _CU_run_all_tests
0x1000063D0	0x00000006	[ 16] _CU_run_suite
0x1000063D6	0x00000006	[ 16] _CU_run_test
0x1000063DC	0x00000006	[ 16] _CU_set_all_test_complete_handler
0x1000063E2	0x00000006	[ 16] _CU_set_error
0x1000063E8	0x00000006	[ 16] _CU_set_registry
0x1000063EE	0x00000006	[ 16] _CU_set_test_complete_handler
0x1000063F4	0x00000006	[ 16] _CU_set_test_start_handler
0x1000063FA	0x00000006	[ 17] _MPI_Alltoall
0x100006400	0x00000006	[ 17] _MPI_Comm_free
0x100006406	0x00000006	[ 17] _MPI_Comm_rank
0x10000640C	0x00000006	[ 17] _MPI_Comm_size
0x100006412	0x00000006	[ 17] _MPI_Finalize
0x100006418	0x00000006	[ 17] _MPI_Gather
0x10000641E	0x00000006	[ 17] _MPI_Get_count
0x100006424	0x00000006	[ 17] _MPI_Init
0x10000642A	0x00000006	[ 17] _MPI_Irecv
0x100006430	0x00000006	[ 17] _MPI_Isend
0x100006436	0x00000006	[ 17] _MPI_Recv
0x10000643C	0x00000006	[ 17] _MPI_Send
0x100006442	0x00000006	[ 17] _MPI_Type_size
0x100006448	0x00000006	[ 17] _MPI_Waitall
0x10000644E	0x00000006	[ 18] ___assert_rtn
0x100006454	0x00000006	[ 18] ___memcpy_chk
0x10000645A	0x00000006	[ 18] ___memmove_chk
0x100006460	0x00000006	[ 18] ___memset_chk
0x100006466	0x00000006	[ 18] ___sprintf_chk
0x10000646C	0x00000006	[ 18] ___strcat_chk
0x100006472	0x00000006	[ 18] _fprintf
0x100006478	0x00000006	[ 18] _fputs
0x10000647E	0x00000006	[ 18] _free
0x100006484	0x00000006	[ 18] _fwrite
0x10000648A	0x00000006	[ 18] _malloc
0x100006490	0x00000006	[ 18] _memcmp
0x100006496	0x00000006	[ 18] _posix_memalign
0x10000649C	0x00000006	[ 18] _printf
0x1000064A2	0x00000006	[ 18] _putchar
0x1000064A8	0x00000006	[ 18] _puts
0x1000064AE	0x00000006	[ 18] _rand
0x1000064B4	0x00000006	[ 18] _setvbuf
0x1000064BA	0x00000006	[ 18] _srand
0x1000064C0	0x00000006	[ 18] _strlen
0x1000064C6	0x00000006	[ 18] _sysconf
0x1000064CC	0x00000010	[  0] helper helper
0x1000064DC	0x0000000A	[ 15] ___log4c_category_vlog
0x1000064E6	0x0000000A	[ 15] _log4c_appender_get
0x1000064F0	0x0000000A	[ 15] _log4c_appender_set_type
0x1000064FA	0x0000000A	[ 15] _log4c_category_get
0x100006504	0x0000000A	[ 15] _log4c_category_get_chainedpriority
0x10000650E	0x0000000A	[ 15] _log4c_category_set_appender
0x100006518	0x0000000A	[ 15] _log4c_fini
0x100006522	0x0000000A	[ 15] _log4c_init
0x10000652C	0x0000000A	[ 16] _CU_assertImplementation
0x100006536	0x0000000A	[ 16] _CU_cleanup_registry
0x100006540	0x0000000A	[ 16] _CU_get_error
0x10000654A	0x0000000A	[ 16] _CU_get_registry
0x100006554	0x0000000A	[ 16] _CU_initialize_registry
0x10000655E	0x0000000A	[ 16] _CU_register_suites
0x100006568	0x0000000A	[ 16] _CU_run_all_tests
0x100006572	0x0000000A	[ 16] _CU_run_suite
0x10000657C	0x0000000A	[ 16] _CU_run_test
0x100006586	0x0000000A	[ 16] _CU_set_all_test_complete_handler
0x100006590	0x0000000A	[ 16] _CU_set_error
0x10000659A	0x0000000A	[ 16] _CU_set_registry
0x1000065A4	0x0000000A	[ 16] _CU_set_test_complete_handler
0x1000065AE	0x0000000A	[ 16] _CU_set_test_start_handler
0x1000065B8	0x0000000A	[ 17] _MPI_Alltoall
0x1000065C2	0x0000000A	[ 17] _MPI_Comm_free
0x1000065CC	0x0000000A	[ 17] _MPI_Comm_rank
0x1000065D6	0x0000000A	[ 17] _MPI_Comm_size
0x1000065E0	0x0000000A	[ 17] _MPI_Finalize
0x1000065EA	0x0000000A	[ 17] _MPI_Gather
0x1000065F4	0x0000000A	[ 17] _MPI_Get_count
0x1000065FE	0x0000000A	[ 17] _MPI_Init
0x100006608	0x0000000A	[ 17] _MPI_Irecv
0x100006612	0x0000000A	[ 17] _MPI_Isend
0x10000661C	0x0000000A	[ 17] _MPI_Recv
0x100006626	0x0000000A	[ 17] _MPI_Send
0x100006630	0x0000000A	[ 17] _MPI_Type_size
0x10000663A	0x0000000A	[ 17] _MPI_Waitall
0x100006644	0x0000000A	[ 18] ___assert_rtn
0x10000664E	0x0000000A	[ 18] ___memcpy_chk
0x100006658	0x0000000A	[ 18] ___memmove_chk
0x100006662	0x0000000A	[ 18] ___memset_chk
0x10000666C	0x0000000A	[ 18] ___sprintf_chk
0x100006676	0x0000000A	[ 18] ___strcat_chk
0x100006680	0x0000000A	[ 18] _fprintf
0x10000668A	0x0000000A	[ 18] _fputs
0x100006694	0x0000000A	[ 18] _free
0x10000669E	0x0000000A	[ 18] _fwrite
0x1000066A8	0x0000000A	[ 18] _malloc
0x1000066B2	0x0000000A	[ 18] _memcmp
0x1000066BC	0x0000000A	[ 18] _posix_memalign
0x1000066C6	0x0000000A	[ 18] _printf
0x1000066D0	0x0000000A	[ 18] _putchar
0x1000066DA	0x0000000A	[ 18] _puts
0x1000066E4	0x0000000A	[ 18] _rand
0x1000066EE	0x0000000A	[ 18] _setvbuf
0x1000066F8	0x0000000A	[ 18] _srand
0x100006702	0x0000000A	[ 18] _strlen
0x10000670C	0x0000000A	[ 18] _sysconf
0x100006718	0x00000030	[  2] literal string: FATAL ERROR - Test registry is not initialized.
0x100006748	0x00000006	[  2] literal string: 

%s

0x10000674F	0x00000013	[  2] literal string: 
  %d. %s:%u  - %s
0x100006762	0x0000001E	[  2] literal string: http://cunit.sourceforge.net/
0x100006780	0x00000032	[  2] literal string: CUnit - A unit testing framework for C - Version 
0x1000067B2	0x00000019	[  2] literal string: 

     %s2.1-2
     %s


0x1000067CB	0x0000000F	[  2] literal string: NULL != pSuite
0x1000067DA	0x00000015	[  2] literal string: src/cunit_mode.mpi.c
0x1000067EF	0x0000000E	[  2] literal string: NULL != pTest
0x1000067FD	0x00000015	[  2] literal string: NULL != pTest->pName
0x100006812	0x00000016	[  2] literal string: NULL != pSuite->pName
0x100006828	0x00000006	[  2] literal string: Suite
0x10000682E	0x00000008	[  2] literal string: 
%s: %s
0x100006836	0x00000005	[  2] literal string: Test
0x10000683B	0x0000000E	[  2] literal string: 
  %s: %s ...
0x100006849	0x0000001A	[  2] literal string: 
    [%d] %d. %s:%u  - %s
0x100006863	0x00000007	[  2] literal string: passed
0x10000686A	0x00000007	[  2] literal string: FAILED
0x100006874	0x00000001	[  2] literal string: 
0x100006878	0x00000021	[  2] literal string: 
Suite %s, Test %s had failures:
0x100006899	0x0000000D	[  3] literal string: Alltoall_MPI
0x1000068A8	0x0000003E	[  4] literal string: /Users/michs/devel/usr/local/gcc/4.7/include/log4c/category.h
0x1000068E6	0x00000012	[  4] literal string: test_cr_alltoallv
0x1000068F8	0x0000001B	[  4] literal string: test_cr_alltoallv_in_place
0x100006913	0x00000013	[  4] literal string: test_cr_alltoallv2
0x100006926	0x0000001C	[  4] literal string: test_cr_alltoallv2_in_place
0x100006942	0x00000011	[  4] literal string: test_cr_alltoall
0x100006953	0x00000013	[  4] literal string: test_mpi_alltoallv
0x100006966	0x0000001C	[  4] literal string: test_mpi_alltoallv_in_place
0x100006982	0x00000012	[  4] literal string: test_mpi_alltoall
0x100006995	0x00000014	[  4] literal string: src/suite_a2a.mpi.c
0x1000069B0	0x00000040	[  4] literal string: memcmp(sendbuf, backbuf, sdispls[numprocs]*sizeof(double)) == 0
0x1000069F0	0x00000040	[  4] literal string: memcmp(sendbuf, recvbuf, sdispls[numprocs]*sizeof(double)) == 0
0x100006A30	0x00000027	[  4] literal string: memcmp(sendbuf, backbuf, buf_len) == 0
0x100006A57	0x0000001D	[  4] literal string: test_cr_alltoallv() -- begin
0x100006A74	0x0000001B	[  4] literal string: test_cr_alltoallv() -- end
0x100006A90	0x00000026	[  4] literal string: test_cr_alltoallv_in_place() -- begin
0x100006AB8	0x00000024	[  4] literal string: test_cr_alltoallv_in_place() -- end
0x100006ADC	0x0000001E	[  4] literal string: test_cr_alltoallv2() -- begin
0x100006AFA	0x0000001C	[  4] literal string: test_cr_alltoallv2() -- end
0x100006B18	0x00000027	[  4] literal string: test_cr_alltoallv2_in_place() -- begin
0x100006B40	0x00000025	[  4] literal string: test_cr_alltoallv2_in_place() -- end
0x100006B65	0x0000001E	[  4] literal string: test_mpi_alltoallv() -- begin
0x100006B83	0x0000001C	[  4] literal string: test_mpi_alltoallv() -- end
0x100006BA0	0x00000027	[  4] literal string: test_mpi_alltoallv_in_place() -- begin
0x100006BC8	0x00000025	[  4] literal string: test_mpi_alltoallv_in_place() -- end
0x100006BED	0x0000001D	[  4] literal string: test_mpi_alltoall() -- begin
0x100006C0A	0x0000001B	[  4] literal string: test_mpi_alltoall() -- end
0x100006C26	0x00000014	[  5] literal string: compress() -- begin
0x100006C3A	0x00000012	[  5] literal string: compress() -- end
0x100006C4C	0x00000018	[  5] literal string: check_buffer() -- begin
0x100006C64	0x00000016	[  5] literal string: check_buffer() -- end
0x100006C7A	0x00000014	[  5] literal string: -------------------
0x100006C8E	0x00000019	[  5] literal string: BEGIN -- BUFFER DUMP: %s
0x100006CA7	0x0000000A	[  5] literal string: 	mail: %s
0x100006CB1	0x00000017	[  5] literal string: END -- BUFFER DUMP: %s
0x100006CC8	0x00000013	[  5] literal string: Status Buffer: %p

0x100006CE0	0x0000001F	[  5] literal string: ------------------------------
0x100006CFF	0x00000018	[  5] literal string:  Buffer size:       %d

0x100006D17	0x00000018	[  5] literal string:  Stored bytes:      %d

0x100006D2F	0x00000018	[  5] literal string:  Buffer start:      %p

0x100006D47	0x00000018	[  5] literal string:  Buffer insert pos: %p

0x100006D66	0x00000003	[  6] literal string: %s
0x100006D69	0x00000008	[  6] literal string: rdispls
0x100006D71	0x00000008	[  6] literal string: rcounts
0x100006D79	0x00000008	[  6] literal string: sdispls
0x100006D81	0x00000008	[  6] literal string: scounts
0x100006D89	0x00000012	[  6] literal string: %10s%10s	%10s%10s
0x100006D9B	0x00000012	[  6] literal string: %10d%10d	%10d%10d
0x100006DAD	0x0000000A	[  8] literal string: ndest: %d
0x100006DB7	0x00000009	[  8] literal string: 	src: %d
0x100006DC0	0x0000000C	[  8] literal string: 	length: %d
0x100006DCC	0x00000008	[  8] literal string: CURRENT
0x100006DD4	0x00000004	[  8] literal string: OLD
0x100006DD8	0x0000000C	[  8] literal string: 	status: %s
0x100006DE4	0x00000007	[  8] literal string: 	dest:
0x100006DEB	0x00000004	[  8] literal string:  %d
0x100006DEF	0x0000000B	[  8] literal string:  content: 
0x100006DFA	0x00000004	[  8] literal string: ...
0x100006DFE	0x00000002	[  8] literal string: -
0x100006E00	0x00000025	[  9] literal string: %s: CommContext: rank %d of %d procs
0x100006E28	0x00000035	[  9] literal string: %s: CrRouter: rank %d of %d procs for %d dimenstions
0x100006E5D	0x00000017	[  9] literal string: copy_to_buf() -- begin
0x100006E74	0x00000015	[  9] literal string: copy_to_buf() -- end
0x100006E89	0x0000001C	[  9] literal string: crystal_router(%x) -- begin
0x100006EA8	0x00000029	[  9] literal string: crystal_router() -- begin: output buffer
0x100006ED8	0x00000028	[  9] literal string: crystal_router() -- begin: input buffer
0x100006F00	0x00000021	[  9] literal string:   crystal_router():	dimension %d
0x100006F28	0x0000001F	[  9] literal string: crystal_router() - send buffer
0x100006F48	0x00000027	[  9] literal string: crystal_router() -- end: output buffer
0x100006F70	0x00000026	[  9] literal string: crystal_router() -- end: input buffer
0x100006F96	0x00000018	[  9] literal string: crystal_router() -- end
0x100006FAE	0x00000015	[  9] literal string: new_crystal_router()
0x100006FC8	0x00000028	[ 10] literal string: mcMPICommContext(): rank %d of %d procs
0x100006FF0	0x00000037	[ 11] literal string: cshift(%x, %d, %x, %x, %d, %x, comm) @ %d(%d) -- begin
0x100007028	0x00000020	[ 11] literal string: cshift() @ %d(%d) ==> %d -- end
0x100007048	0x00000038	[ 11] literal string: cishift(%x, %d, %x, %x, %d, %x, comm) @ %d(%d) -- begin
0x100007080	0x00000021	[ 11] literal string: cishift() @ %d(%d) ==> %d -- end
0x1000070A8	0x0000002E	[ 12] literal string: cread(%x, %d, %x, %x, comm) @ %d(%d) -- begin
0x1000070D8	0x0000001F	[ 12] literal string: cread(): wrong inchan mask: %x
0x1000070F7	0x0000000C	[ 12] literal string: inchan == 1
0x100007103	0x00000010	[ 12] literal string: src/cread.mpi.c
0x100007118	0x0000002E	[ 12] literal string: cread(): channel mask %x => receiving from %d
0x100007148	0x0000001F	[ 12] literal string: cread() @ %d(%d) ==> %d -- end
0x100007168	0x0000002F	[ 12] literal string: ciread(%x, %d, %x, %x, comm) @ %d(%d) -- begin
0x100007198	0x00000020	[ 12] literal string: ciread(): wrong inchan mask: %x
0x1000071B8	0x0000002F	[ 12] literal string: ciread(): channel mask %x => receiving from %d
0x1000071E8	0x00000020	[ 12] literal string: ciread() @ %d(%d) ==> %d -- end
0x100007208	0x0000002B	[ 13] literal string: cwrite(%x, %d, %x, comm) @ %d(%d) -- begin
0x100007238	0x00000022	[ 13] literal string: cwrite(): bit %x => sending to %d
0x100007260	0x00000020	[ 13] literal string: cwrite() @ %d(%d) ==> %d -- end
0x100007280	0x0000002C	[ 13] literal string: ciwrite(%x, %d, %x, comm) @ %d(%d) -- begin
0x1000072B0	0x00000023	[ 13] literal string: ciwrite(): bit %x => sending to %d
0x1000072D8	0x00000021	[ 13] literal string: ciwrite() @ %d(%d) ==> %d -- end
0x1000072FE	0x0000000C	[ 14] literal string: applog_%05d
0x10000730A	0x00000005	[ 14] literal string: root
0x10000730F	0x00000005	[ 14] literal string: %05d
0x100007318	0x00000022	[ 14] literal string: log_init(): Initialization done.

0x100007340	0x00000040	[  2] ___func__.8431
0x100007380	0x00000021	[  2] ___func__.8422
0x1000073B0	0x00000014	[  4] ___FUNCTION__.8667
0x1000073D0	0x00000014	[  5] ___FUNCTION__.3339
0x1000073F0	0x00000014	[  6] ___FUNCTION__.7925
0x100007410	0x00000014	[  9] ___FUNCTION__.7890
0x100007430	0x00000014	[ 10] ___FUNCTION__.6767
0x100007450	0x00000014	[ 11] ___FUNCTION__.6991
0x100007470	0x00000010	[ 12] ___func__.6863
0x100007480	0x00000014	[ 12] ___FUNCTION__.6772
0x100007494	0x00000006	[ 12] ___func__.6848
0x1000074A0	0x00000014	[ 13] ___FUNCTION__.6767
0x1000074C0	0x00000014	[ 14] ___FUNCTION__.2437
0x1000074D8	0x00000018	[  1] CIE
0x1000074F0	0x00000038	[  1] FDE for: _cunit_main
0x100007528	0x00000018	[  2] CIE
0x100007540	0x00000038	[  2] FDE for: _CU_mpi_run_tests
0x100007578	0x00000038	[  2] FDE for: _CU_basic_run_suite
0x1000075B0	0x00000038	[  2] FDE for: _CU_basic_run_test
0x1000075E8	0x00000038	[  2] FDE for: _CU_mpi_set_mode
0x100007620	0x00000038	[  2] FDE for: _CU_mpi_get_mode
0x100007658	0x00000038	[  2] FDE for: _CU_basic_show_failures
0x100007690	0x00000038	[  2] FDE for: _basic_initialize
0x1000076C8	0x00000038	[  2] FDE for: _basic_run_all_tests
0x100007700	0x00000038	[  2] FDE for: _basic_run_suite
0x100007738	0x00000038	[  2] FDE for: _basic_run_single_test
0x100007770	0x00000038	[  2] FDE for: _basic_test_start_message_handler
0x1000077A8	0x00000038	[  2] FDE for: _basic_test_complete_message_handler
0x1000077E0	0x00000038	[  2] FDE for: _basic_all_tests_complete_message_handler
0x100007818	0x00000018	[  3] CIE
0x100007830	0x00000038	[  3] FDE for: _main
0x100007868	0x00000018	[  4] CIE
0x100007880	0x00000038	[  4] FDE for: ___inline_memset_chk
0x1000078B8	0x00000038	[  4] FDE for: _log4c_category_is_priority_enabled
0x1000078F0	0x00000038	[  4] FDE for: _log4c_category_vlog
0x100007928	0x00000038	[  4] FDE for: ___log4c_category_trace
0x100007960	0x00000038	[  4] FDE for: _init_suite_alltoall_mpi
0x100007998	0x00000038	[  4] FDE for: _cleanup_suite_alltoall_mpi
0x1000079D0	0x00000038	[  4] FDE for: _alloc_buffer
0x100007A08	0x00000038	[  4] FDE for: _test_alltoallv_impl
0x100007A40	0x00000038	[  4] FDE for: _test_alltoallv_in_place_impl
0x100007A78	0x00000038	[  4] FDE for: _test_alltoall_impl
0x100007AB0	0x00000038	[  4] FDE for: _test_cr_alltoallv
0x100007AE8	0x00000038	[  4] FDE for: _test_cr_alltoallv_in_place
0x100007B20	0x00000038	[  4] FDE for: _test_cr_alltoallv2
0x100007B58	0x00000038	[  4] FDE for: _test_cr_alltoallv2_in_place
0x100007B90	0x00000038	[  4] FDE for: _test_cr_alltoall
0x100007BC8	0x00000038	[  4] FDE for: _test_mpi_alltoallv
0x100007C00	0x00000038	[  4] FDE for: _test_mpi_alltoallv_in_place
0x100007C38	0x00000038	[  4] FDE for: _test_mpi_alltoall
0x100007C70	0x00000018	[  5] CIE
0x100007C88	0x00000038	[  5] FDE for: ___inline_memcpy_chk
0x100007CC0	0x00000038	[  5] FDE for: ___inline_memmove_chk
0x100007CF8	0x00000038	[  5] FDE for: _log4c_category_is_priority_enabled
0x100007D30	0x00000038	[  5] FDE for: _log4c_category_vlog
0x100007D68	0x00000038	[  5] FDE for: ___log4c_category_trace
0x100007DA0	0x00000038	[  5] FDE for: _init_cr_buf
0x100007DD8	0x00000038	[  5] FDE for: _sub_buffer
0x100007E10	0x00000038	[  5] FDE for: _add_to_buffer
0x100007E48	0x00000038	[  5] FDE for: _rescue_buf
0x100007E80	0x00000038	[  5] FDE for: _compress
0x100007EB8	0x00000038	[  5] FDE for: _check_buffer
0x100007EF0	0x00000038	[  5] FDE for: _test_buffer_wrap
0x100007F28	0x00000038	[  5] FDE for: _crb_next_message
0x100007F60	0x00000038	[  5] FDE for: _get_message
0x100007F98	0x00000038	[  5] FDE for: _send_message
0x100007FD0	0x00000038	[  5] FDE for: _log_buffer_content
0x100008008	0x00000038	[  5] FDE for: _print_buffer
0x100008040	0x00000038	[  5] FDE for: _crb_data_len
0x100008078	0x00000038	[  5] FDE for: _crb_data
0x1000080B0	0x00000038	[  5] FDE for: _crb_clear
0x1000080E8	0x00000038	[  5] FDE for: _crb_resize
0x100008120	0x00000038	[  5] FDE for: _crb_create_msg
0x100008158	0x00000038	[  5] FDE for: _crb_close_msg
0x100008190	0x00000038	[  5] FDE for: _crb_add_recipient
0x1000081C8	0x00000038	[  5] FDE for: _crb_add_recipients
0x100008200	0x00000038	[  5] FDE for: _crb_add_msgcontent
0x100008238	0x00000018	[  6] CIE
0x100008250	0x00000038	[  6] FDE for: ___inline_memcpy_chk
0x100008288	0x00000038	[  6] FDE for: _log4c_category_is_priority_enabled
0x1000082C0	0x00000038	[  6] FDE for: _log4c_category_vlog
0x1000082F8	0x00000038	[  6] FDE for: ___log4c_category_trace
0x100008330	0x00000038	[  6] FDE for: _log_ag_parms
0x100008368	0x00000038	[  6] FDE for: _create_msg
0x1000083A0	0x00000038	[  6] FDE for: _cp_msg_param2buff
0x1000083D8	0x00000038	[  6] FDE for: _cp_msg_buff2param
0x100008410	0x00000038	[  6] FDE for: _Cr_Alltoallv
0x100008448	0x00000040	[  6] FDE for: _read_msg_func
0x100008488	0x00000038	[  6] FDE for: _write_msg_func
0x1000084C0	0x00000038	[  6] FDE for: _Cr_Alltoallv2
0x1000084F8	0x00000018	[  7] CIE
0x100008510	0x00000038	[  7] FDE for: _Cr_Init
0x100008548	0x00000018	[  8] CIE
0x100008560	0x00000038	[  8] FDE for: ___inline_memcpy_chk
0x100008598	0x00000038	[  8] FDE for: _message_string
0x1000085D0	0x00000038	[  8] FDE for: _cr_msg_header
0x100008608	0x00000038	[  8] FDE for: _cr_msg_len
0x100008640	0x00000018	[  9] CIE
0x100008658	0x00000038	[  9] FDE for: ___inline_memcpy_chk
0x100008690	0x00000038	[  9] FDE for: _log4c_category_is_priority_enabled
0x1000086C8	0x00000038	[  9] FDE for: _log4c_category_vlog
0x100008700	0x00000038	[  9] FDE for: _log4c_category_debug
0x100008738	0x00000038	[  9] FDE for: ___log4c_category_trace
0x100008770	0x00000038	[  9] FDE for: _log_cr_router
0x1000087A8	0x00000038	[  9] FDE for: _write_msg_func
0x1000087E0	0x00000038	[  9] FDE for: _copy_to_buf
0x100008818	0x00000038	[  9] FDE for: _crystal_router
0x100008850	0x00000038	[  9] FDE for: _new_crystal_router
0x100008888	0x00000038	[  9] FDE for: _del_crystal_router
0x1000088C0	0x00000038	[  9] FDE for: _crb_buffer
0x1000088F8	0x00000018	[ 10] CIE
0x100008910	0x00000038	[ 10] FDE for: _log4c_category_is_priority_enabled
0x100008948	0x00000038	[ 10] FDE for: _log4c_category_vlog
0x100008980	0x00000038	[ 10] FDE for: _log4c_category_debug
0x1000089B8	0x00000038	[ 10] FDE for: ___inline_memset_chk
0x1000089F0	0x00000038	[ 10] FDE for: _commcntxt_size
0x100008A28	0x00000038	[ 10] FDE for: _commcntxt_id
0x100008A60	0x00000038	[ 10] FDE for: _mcMPICommContext
0x100008A98	0x00000038	[ 10] FDE for: _delMPICommContext
0x100008AD0	0x00000018	[ 11] CIE
0x100008AE8	0x00000038	[ 11] FDE for: _log4c_category_is_priority_enabled
0x100008B20	0x00000038	[ 11] FDE for: _log4c_category_vlog
0x100008B58	0x00000038	[ 11] FDE for: ___log4c_category_trace
0x100008B90	0x00000038	[ 11] FDE for: _cshift
0x100008BC8	0x00000038	[ 11] FDE for: _cishift
0x100008C00	0x00000018	[ 12] CIE
0x100008C18	0x00000038	[ 12] FDE for: _log4c_category_is_priority_enabled
0x100008C50	0x00000038	[ 12] FDE for: _log4c_category_vlog
0x100008C88	0x00000038	[ 12] FDE for: _log4c_category_error
0x100008CC0	0x00000038	[ 12] FDE for: ___log4c_category_trace
0x100008CF8	0x00000038	[ 12] FDE for: _cread
0x100008D30	0x00000038	[ 12] FDE for: _ciread
0x100008D68	0x00000018	[ 13] CIE
0x100008D80	0x00000038	[ 13] FDE for: _log4c_category_is_priority_enabled
0x100008DB8	0x00000038	[ 13] FDE for: _log4c_category_vlog
0x100008DF0	0x00000038	[ 13] FDE for: _log4c_category_debug
0x100008E28	0x00000038	[ 13] FDE for: ___log4c_category_trace
0x100008E60	0x00000038	[ 13] FDE for: _cwrite
0x100008E98	0x00000038	[ 13] FDE for: _ciwrite
0x100008ED0	0x00000018	[ 14] CIE
0x100008EE8	0x00000038	[ 14] FDE for: _log4c_category_is_priority_enabled
0x100008F20	0x00000038	[ 14] FDE for: _log4c_category_vlog
0x100008F58	0x00000038	[ 14] FDE for: _log4c_category_debug
0x100008F90	0x00000038	[ 14] FDE for: _log_init
0x100008FC8	0x00000038	[ 14] FDE for: _log_fini
0x100009000	0x00000008	[  0] non-lazy-pointer-to-local: _Cr_Alltoallv
0x100009008	0x00000008	[  0] non-lazy-pointer-to-local: _Cr_Alltoallv2
0x100009010	0x00000008	[  0] non-lazy-pointer-to-local: _Crr
0x100009018	0x00000008	[  0] non-lazy-pointer-to-local: _GlobLogCat
0x100009020	0x00000008	[  0] non-lazy-pointer-to-local: _MPI_Alltoall
0x100009028	0x00000008	[  0] non-lazy-pointer-to-local: _MPI_Alltoallv
0x100009030	0x00000008	[  0] non-lazy-pointer-to-local: ___stderrp
0x100009038	0x00000008	[  0] non-lazy-pointer-to-local: ___stdoutp
0x100009040	0x00000008	[  0] non-lazy-pointer-to-local: _log4c_appender_type_stream
0x100009048	0x00000008	[  0] non-lazy-pointer-to-local: dyld_stub_binder
0x100009050	0x00000008	[  0] non-lazy-pointer
0x100009058	0x00000008	[ 15] ___log4c_category_vlog
0x100009060	0x00000008	[ 15] _log4c_appender_get
0x100009068	0x00000008	[ 15] _log4c_appender_set_type
0x100009070	0x00000008	[ 15] _log4c_category_get
0x100009078	0x00000008	[ 15] _log4c_category_get_chainedpriority
0x100009080	0x00000008	[ 15] _log4c_category_set_appender
0x100009088	0x00000008	[ 15] _log4c_fini
0x100009090	0x00000008	[ 15] _log4c_init
0x100009098	0x00000008	[ 16] _CU_assertImplementation
0x1000090A0	0x00000008	[ 16] _CU_cleanup_registry
0x1000090A8	0x00000008	[ 16] _CU_get_error
0x1000090B0	0x00000008	[ 16] _CU_get_registry
0x1000090B8	0x00000008	[ 16] _CU_initialize_registry
0x1000090C0	0x00000008	[ 16] _CU_register_suites
0x1000090C8	0x00000008	[ 16] _CU_run_all_tests
0x1000090D0	0x00000008	[ 16] _CU_run_suite
0x1000090D8	0x00000008	[ 16] _CU_run_test
0x1000090E0	0x00000008	[ 16] _CU_set_all_test_complete_handler
0x1000090E8	0x00000008	[ 16] _CU_set_error
0x1000090F0	0x00000008	[ 16] _CU_set_registry
0x1000090F8	0x00000008	[ 16] _CU_set_test_complete_handler
0x100009100	0x00000008	[ 16] _CU_set_test_start_handler
0x100009108	0x00000008	[ 17] _MPI_Alltoall
0x100009110	0x00000008	[ 17] _MPI_Comm_free
0x100009118	0x00000008	[ 17] _MPI_Comm_rank
0x100009120	0x00000008	[ 17] _MPI_Comm_size
0x100009128	0x00000008	[ 17] _MPI_Finalize
0x100009130	0x00000008	[ 17] _MPI_Gather
0x100009138	0x00000008	[ 17] _MPI_Get_count
0x100009140	0x00000008	[ 17] _MPI_Init
0x100009148	0x00000008	[ 17] _MPI_Irecv
0x100009150	0x00000008	[ 17] _MPI_Isend
0x100009158	0x00000008	[ 17] _MPI_Recv
0x100009160	0x00000008	[ 17] _MPI_Send
0x100009168	0x00000008	[ 17] _MPI_Type_size
0x100009170	0x00000008	[ 17] _MPI_Waitall
0x100009178	0x00000008	[ 18] ___assert_rtn
0x100009180	0x00000008	[ 18] ___memcpy_chk
0x100009188	0x00000008	[ 18] ___memmove_chk
0x100009190	0x00000008	[ 18] ___memset_chk
0x100009198	0x00000008	[ 18] ___sprintf_chk
0x1000091A0	0x00000008	[ 18] ___strcat_chk
0x1000091A8	0x00000008	[ 18] _fprintf
0x1000091B0	0x00000008	[ 18] _fputs
0x1000091B8	0x00000008	[ 18] _free
0x1000091C0	0x00000008	[ 18] _fwrite
0x1000091C8	0x00000008	[ 18] _malloc
0x1000091D0	0x00000008	[ 18] _memcmp
0x1000091D8	0x00000008	[ 18] _posix_memalign
0x1000091E0	0x00000008	[ 18] _printf
0x1000091E8	0x00000008	[ 18] _putchar
0x1000091F0	0x00000008	[ 18] _puts
0x1000091F8	0x00000008	[ 18] _rand
0x100009200	0x00000008	[ 18] _setvbuf
0x100009208	0x00000008	[ 18] _srand
0x100009210	0x00000008	[ 18] _strlen
0x100009218	0x00000008	[ 18] _sysconf
0x100009220	0x00000040	[  3] _mpi_suites
0x100009260	0x00000090	[  4] _tests_alltoall_mpi
0x1000092F0	0x00000008	[  2] _f_pRunningSuite
0x1000092F8	0x00000008	[ 14] _root
0x100009300	0x00000008	[  7] _Crr
0x100009308	0x00000008	[ 14] _GlobLogCat
0x100009320	0x00000058	[  6] _Agv_parms
0x100009380	0x00000400	[  8] _message.2309
0x100009780	0x00000004	[  2] _f_run_mode
0x100009784	0x00000004	[  2] _numprocs
0x100009788	0x00000004	[  2] _myrank
0x10000978C	0x00000004	[  4] _numprocs
0x100009790	0x00000004	[  4] _myrank
0x100009794	0x00000004	[ 14] _log4c_initialized
