# Path: release/cr_app
# Arch: x86_64
# Object files:
[  0] linker synthesized
[  1] release/src/main.mpi.o
[  2] ../crystal/release/libcrystal.a(crbuffer.o)
[  3] ../crystal/release/libcrystal.a(cr_message.o)
[  4] ../crystal/release/libcrystal.a(crystal_router.mpi.o)
[  5] ../commprim/release/libcommprim.a(commcontext.mpi.o)
[  6] ../commprim/release/libcommprim.a(cshift.mpi.o)
[  7] ../commprim/release/libcommprim.a(cread.mpi.o)
[  8] ../commprim/release/libcommprim.a(cwrite.mpi.o)
[  9] /Users/michs/devel/usr/local/mpich2/1.5/gcc/4.7/lib/libpmpich.a(lib_libpmpich_la-barrier.o)
[ 10] /Users/michs/devel/usr/local/mpich2/1.5/gcc/4.7/lib/libpmpich.a(lib_libpmpich_la-bcast.o)
[ 11] /Users/michs/devel/usr/local/mpich2/1.5/gcc/4.7/lib/libpmpich.a(lib_libpmpich_la-comm_free.o)
[ 12] /Users/michs/devel/usr/local/mpich2/1.5/gcc/4.7/lib/libpmpich.a(lib_libpmpich_la-comm_rank.o)
[ 13] /Users/michs/devel/usr/local/mpich2/1.5/gcc/4.7/lib/libpmpich.a(lib_libpmpich_la-comm_size.o)
[ 14] /Users/michs/devel/usr/local/mpich2/1.5/gcc/4.7/lib/libpmpich.a(lib_libpmpich_la-comm_split.o)
[ 15] /Users/michs/devel/usr/local/mpich2/1.5/gcc/4.7/lib/libpmpich.a(lib_libpmpich_la-get_count.o)
[ 16] /Users/michs/devel/usr/local/mpich2/1.5/gcc/4.7/lib/libpmpich.a(lib_libpmpich_la-init.o)
[ 17] /Users/michs/devel/usr/local/mpich2/1.5/gcc/4.7/lib/libpmpich.a(lib_libpmpich_la-finalize.o)
[ 18] /Users/michs/devel/usr/local/mpich2/1.5/gcc/4.7/lib/libpmpich.a(lib_libpmpich_la-irecv.o)
[ 19] /Users/michs/devel/usr/local/mpich2/1.5/gcc/4.7/lib/libpmpich.a(lib_libpmpich_la-isend.o)
[ 20] /Users/michs/devel/usr/local/mpich2/1.5/gcc/4.7/lib/libpmpich.a(lib_libpmpich_la-recv.o)
[ 21] /Users/michs/devel/usr/local/mpich2/1.5/gcc/4.7/lib/libpmpich.a(lib_libpmpich_la-send.o)
[ 22] /Users/michs/devel/usr/local/mpich2/1.5/gcc/4.7/lib/libpmpich.a(lib_libpmpich_la-waitall.o)
[ 23] /Users/michs/devel/usr/local/mpich2/1.5/gcc/4.7/lib/libmpich.a(attrutil.o)
[ 24] /Users/michs/devel/usr/local/mpich2/1.5/gcc/4.7/lib/libmpich.a(allred_group.o)
[ 25] /Users/michs/devel/usr/local/mpich2/1.5/gcc/4.7/lib/libmpich.a(helper_fns.o)
[ 26] /Users/michs/devel/usr/local/mpich2/1.5/gcc/4.7/lib/libmpich.a(opsum.o)
[ 27] /Users/michs/devel/usr/local/mpich2/1.5/gcc/4.7/lib/libmpich.a(opmax.o)
[ 28] /Users/michs/devel/usr/local/mpich2/1.5/gcc/4.7/lib/libmpich.a(opmin.o)
[ 29] /Users/michs/devel/usr/local/mpich2/1.5/gcc/4.7/lib/libmpich.a(opband.o)
[ 30] /Users/michs/devel/usr/local/mpich2/1.5/gcc/4.7/lib/libmpich.a(opbor.o)
[ 31] /Users/michs/devel/usr/local/mpich2/1.5/gcc/4.7/lib/libmpich.a(opbxor.o)
[ 32] /Users/michs/devel/usr/local/mpich2/1.5/gcc/4.7/lib/libmpich.a(opland.o)
[ 33] /Users/michs/devel/usr/local/mpich2/1.5/gcc/4.7/lib/libmpich.a(oplor.o)
[ 34] /Users/michs/devel/usr/local/mpich2/1.5/gcc/4.7/lib/libmpich.a(oplxor.o)
[ 35] /Users/michs/devel/usr/local/mpich2/1.5/gcc/4.7/lib/libmpich.a(opprod.o)
[ 36] /Users/michs/devel/usr/local/mpich2/1.5/gcc/4.7/lib/libmpich.a(opminloc.o)
[ 37] /Users/michs/devel/usr/local/mpich2/1.5/gcc/4.7/lib/libmpich.a(opmaxloc.o)
[ 38] /Users/michs/devel/usr/local/mpich2/1.5/gcc/4.7/lib/libmpich.a(opno_op.o)
[ 39] /Users/michs/devel/usr/local/mpich2/1.5/gcc/4.7/lib/libmpich.a(opreplace.o)
[ 40] /Users/michs/devel/usr/local/mpich2/1.5/gcc/4.7/lib/libmpich.a(nbcutil.o)
[ 41] /Users/michs/devel/usr/local/mpich2/1.5/gcc/4.7/lib/libmpich.a(commutil.o)
[ 42] /Users/michs/devel/usr/local/mpich2/1.5/gcc/4.7/lib/libmpich.a(typeutil.o)
[ 43] /Users/michs/devel/usr/local/mpich2/1.5/gcc/4.7/lib/libmpich.a(errutil.o)
[ 44] /Users/michs/devel/usr/local/mpich2/1.5/gcc/4.7/lib/libmpich.a(grouputil.o)
[ 45] /Users/michs/devel/usr/local/mpich2/1.5/gcc/4.7/lib/libmpich.a(async.o)
[ 46] /Users/michs/devel/usr/local/mpich2/1.5/gcc/4.7/lib/libmpich.a(mpir_request.o)
[ 47] /Users/michs/devel/usr/local/mpich2/1.5/gcc/4.7/lib/libmpich.a(winutil.o)
[ 48] /Users/michs/devel/usr/local/mpich2/1.5/gcc/4.7/lib/libmpich.a(rmatypeutil.o)
[ 49] /Users/michs/devel/usr/local/mpich2/1.5/gcc/4.7/lib/libmpich.a(mpidtime.o)
[ 50] /Users/michs/devel/usr/local/mpich2/1.5/gcc/4.7/lib/libmpich.a(topoutil.o)
[ 51] /Users/michs/devel/usr/local/mpich2/1.5/gcc/4.7/lib/libmpich.a(dbg_printf.o)
[ 52] /Users/michs/devel/usr/local/mpich2/1.5/gcc/4.7/lib/libmpich.a(exit.o)
[ 53] /Users/michs/devel/usr/local/mpich2/1.5/gcc/4.7/lib/libmpich.a(infoutil.o)
[ 54] /Users/michs/devel/usr/local/mpich2/1.5/gcc/4.7/lib/libmpich.a(instr.o)
[ 55] /Users/michs/devel/usr/local/mpich2/1.5/gcc/4.7/lib/libmpich.a(trmem.o)
[ 56] /Users/michs/devel/usr/local/mpich2/1.5/gcc/4.7/lib/libmpich.a(handlemem.o)
[ 57] /Users/michs/devel/usr/local/mpich2/1.5/gcc/4.7/lib/libmpich.a(safestr.o)
[ 58] /Users/michs/devel/usr/local/mpich2/1.5/gcc/4.7/lib/libmpich.a(argstr.o)
[ 59] /Users/michs/devel/usr/local/mpich2/1.5/gcc/4.7/lib/libmpich.a(strerror.o)
[ 60] /Users/michs/devel/usr/local/mpich2/1.5/gcc/4.7/lib/libmpich.a(msgprint.o)
[ 61] /Users/michs/devel/usr/local/mpich2/1.5/gcc/4.7/lib/libmpich.a(assert.o)
[ 62] /Users/michs/devel/usr/local/mpich2/1.5/gcc/4.7/lib/libmpich.a(param_vals.o)
[ 63] /Users/michs/devel/usr/local/mpich2/1.5/gcc/4.7/lib/libmpich.a(local_proc.o)
[ 64] /Users/michs/devel/usr/local/mpich2/1.5/gcc/4.7/lib/libmpich.a(mpiu_thread.o)
[ 65] /Users/michs/devel/usr/local/mpich2/1.5/gcc/4.7/lib/libmpich.a(statusf2c.o)
[ 66] /Users/michs/devel/usr/local/mpich2/1.5/gcc/4.7/lib/libmpich.a(ch3u_buffer.o)
[ 67] /Users/michs/devel/usr/local/mpich2/1.5/gcc/4.7/lib/libmpich.a(ch3u_comm.o)
[ 68] /Users/michs/devel/usr/local/mpich2/1.5/gcc/4.7/lib/libmpich.a(ch3u_comm_spawn_multiple.o)
[ 69] /Users/michs/devel/usr/local/mpich2/1.5/gcc/4.7/lib/libmpich.a(ch3u_handle_connection.o)
[ 70] /Users/michs/devel/usr/local/mpich2/1.5/gcc/4.7/lib/libmpich.a(ch3u_handle_recv_pkt.o)
[ 71] /Users/michs/devel/usr/local/mpich2/1.5/gcc/4.7/lib/libmpich.a(ch3u_handle_recv_req.o)
[ 72] /Users/michs/devel/usr/local/mpich2/1.5/gcc/4.7/lib/libmpich.a(ch3u_handle_send_req.o)
[ 73] /Users/michs/devel/usr/local/mpich2/1.5/gcc/4.7/lib/libmpich.a(ch3u_port.o)
[ 74] /Users/michs/devel/usr/local/mpich2/1.5/gcc/4.7/lib/libmpich.a(ch3u_recvq.o)
[ 75] /Users/michs/devel/usr/local/mpich2/1.5/gcc/4.7/lib/libmpich.a(ch3u_request.o)
[ 76] /Users/michs/devel/usr/local/mpich2/1.5/gcc/4.7/lib/libmpich.a(ch3u_rma_notimpl.o)
[ 77] /Users/michs/devel/usr/local/mpich2/1.5/gcc/4.7/lib/libmpich.a(ch3u_rma_acc_ops.o)
[ 78] /Users/michs/devel/usr/local/mpich2/1.5/gcc/4.7/lib/libmpich.a(ch3u_rma_ops.o)
[ 79] /Users/michs/devel/usr/local/mpich2/1.5/gcc/4.7/lib/libmpich.a(ch3u_rma_sync.o)
[ 80] /Users/michs/devel/usr/local/mpich2/1.5/gcc/4.7/lib/libmpich.a(ch3u_rndv.o)
[ 81] /Users/michs/devel/usr/local/mpich2/1.5/gcc/4.7/lib/libmpich.a(ch3u_eager.o)
[ 82] /Users/michs/devel/usr/local/mpich2/1.5/gcc/4.7/lib/libmpich.a(ch3u_eagersync.o)
[ 83] /Users/michs/devel/usr/local/mpich2/1.5/gcc/4.7/lib/libmpich.a(ch3u_win_fns.o)
[ 84] /Users/michs/devel/usr/local/mpich2/1.5/gcc/4.7/lib/libmpich.a(mpid_abort.o)
[ 85] /Users/michs/devel/usr/local/mpich2/1.5/gcc/4.7/lib/libmpich.a(mpid_cancel_send.o)
[ 86] /Users/michs/devel/usr/local/mpich2/1.5/gcc/4.7/lib/libmpich.a(mpid_finalize.o)
[ 87] /Users/michs/devel/usr/local/mpich2/1.5/gcc/4.7/lib/libmpich.a(mpid_get_universe_size.o)
[ 88] /Users/michs/devel/usr/local/mpich2/1.5/gcc/4.7/lib/libmpich.a(mpid_getpname.o)
[ 89] /Users/michs/devel/usr/local/mpich2/1.5/gcc/4.7/lib/libmpich.a(mpid_init.o)
[ 90] /Users/michs/devel/usr/local/mpich2/1.5/gcc/4.7/lib/libmpich.a(mpid_irecv.o)
[ 91] /Users/michs/devel/usr/local/mpich2/1.5/gcc/4.7/lib/libmpich.a(mpid_isend.o)
[ 92] /Users/michs/devel/usr/local/mpich2/1.5/gcc/4.7/lib/libmpich.a(mpid_issend.o)
[ 93] /Users/michs/devel/usr/local/mpich2/1.5/gcc/4.7/lib/libmpich.a(mpid_port.o)
[ 94] /Users/michs/devel/usr/local/mpich2/1.5/gcc/4.7/lib/libmpich.a(mpid_probe.o)
[ 95] /Users/michs/devel/usr/local/mpich2/1.5/gcc/4.7/lib/libmpich.a(mpid_recv.o)
[ 96] /Users/michs/devel/usr/local/mpich2/1.5/gcc/4.7/lib/libmpich.a(mpid_send.o)
[ 97] /Users/michs/devel/usr/local/mpich2/1.5/gcc/4.7/lib/libmpich.a(mpid_ssend.o)
[ 98] /Users/michs/devel/usr/local/mpich2/1.5/gcc/4.7/lib/libmpich.a(mpid_vc.o)
[ 99] /Users/michs/devel/usr/local/mpich2/1.5/gcc/4.7/lib/libmpich.a(mpid_rma.o)
[100] /Users/michs/devel/usr/local/mpich2/1.5/gcc/4.7/lib/libmpich.a(mpidi_isend_self.o)
[101] /Users/michs/devel/usr/local/mpich2/1.5/gcc/4.7/lib/libmpich.a(mpidi_pg.o)
[102] /Users/michs/devel/usr/local/mpich2/1.5/gcc/4.7/lib/libmpich.a(mpidi_printf.o)
[103] /Users/michs/devel/usr/local/mpich2/1.5/gcc/4.7/lib/libmpich.a(ch3_finalize.o)
[104] /Users/michs/devel/usr/local/mpich2/1.5/gcc/4.7/lib/libmpich.a(ch3_init.o)
[105] /Users/michs/devel/usr/local/mpich2/1.5/gcc/4.7/lib/libmpich.a(ch3_isend.o)
[106] /Users/michs/devel/usr/local/mpich2/1.5/gcc/4.7/lib/libmpich.a(ch3_isendv.o)
[107] /Users/michs/devel/usr/local/mpich2/1.5/gcc/4.7/lib/libmpich.a(ch3_istartmsg.o)
[108] /Users/michs/devel/usr/local/mpich2/1.5/gcc/4.7/lib/libmpich.a(ch3_istartmsgv.o)
[109] /Users/michs/devel/usr/local/mpich2/1.5/gcc/4.7/lib/libmpich.a(ch3_progress.o)
[110] /Users/michs/devel/usr/local/mpich2/1.5/gcc/4.7/lib/libmpich.a(ch3_rma_shm.o)
[111] /Users/michs/devel/usr/local/mpich2/1.5/gcc/4.7/lib/libmpich.a(ch3_win_fns.o)
[112] /Users/michs/devel/usr/local/mpich2/1.5/gcc/4.7/lib/libmpich.a(ch3i_comm.o)
[113] /Users/michs/devel/usr/local/mpich2/1.5/gcc/4.7/lib/libmpich.a(ch3i_eagernoncontig.o)
[114] /Users/michs/devel/usr/local/mpich2/1.5/gcc/4.7/lib/libmpich.a(mpid_nem_alloc.o)
[115] /Users/michs/devel/usr/local/mpich2/1.5/gcc/4.7/lib/libmpich.a(mpid_nem_init.o)
[116] /Users/michs/devel/usr/local/mpich2/1.5/gcc/4.7/lib/libmpich.a(mpid_nem_barrier.o)
[117] /Users/michs/devel/usr/local/mpich2/1.5/gcc/4.7/lib/libmpich.a(mpid_nem_mpich2.o)
[118] /Users/michs/devel/usr/local/mpich2/1.5/gcc/4.7/lib/libmpich.a(mpid_nem_finalize.o)
[119] /Users/michs/devel/usr/local/mpich2/1.5/gcc/4.7/lib/libmpich.a(mpid_nem_network_poll.o)
[120] /Users/michs/devel/usr/local/mpich2/1.5/gcc/4.7/lib/libmpich.a(mpid_nem_network.o)
[121] /Users/michs/devel/usr/local/mpich2/1.5/gcc/4.7/lib/libmpich.a(mpid_nem_debug.o)
[122] /Users/michs/devel/usr/local/mpich2/1.5/gcc/4.7/lib/libmpich.a(mpid_nem_lmt.o)
[123] /Users/michs/devel/usr/local/mpich2/1.5/gcc/4.7/lib/libmpich.a(mpid_nem_lmt_shm.o)
[124] /Users/michs/devel/usr/local/mpich2/1.5/gcc/4.7/lib/libmpich.a(mpid_nem_net_array.o)
[125] /Users/michs/devel/usr/local/mpich2/1.5/gcc/4.7/lib/libmpich.a(tcp_finalize.o)
[126] /Users/michs/devel/usr/local/mpich2/1.5/gcc/4.7/lib/libmpich.a(tcp_init.o)
[127] /Users/michs/devel/usr/local/mpich2/1.5/gcc/4.7/lib/libmpich.a(tcp_send.o)
[128] /Users/michs/devel/usr/local/mpich2/1.5/gcc/4.7/lib/libmpich.a(tcp_utility.o)
[129] /Users/michs/devel/usr/local/mpich2/1.5/gcc/4.7/lib/libmpich.a(socksm.o)
[130] /Users/michs/devel/usr/local/mpich2/1.5/gcc/4.7/lib/libmpich.a(tcp_getip.o)
[131] /Users/michs/devel/usr/local/mpich2/1.5/gcc/4.7/lib/libmpich.a(darray_support.o)
[132] /Users/michs/devel/usr/local/mpich2/1.5/gcc/4.7/lib/libmpich.a(dataloop.o)
[133] /Users/michs/devel/usr/local/mpich2/1.5/gcc/4.7/lib/libmpich.a(dataloop_create.o)
[134] /Users/michs/devel/usr/local/mpich2/1.5/gcc/4.7/lib/libmpich.a(dataloop_create_blockindexed.o)
[135] /Users/michs/devel/usr/local/mpich2/1.5/gcc/4.7/lib/libmpich.a(dataloop_create_contig.o)
[136] /Users/michs/devel/usr/local/mpich2/1.5/gcc/4.7/lib/libmpich.a(dataloop_create_indexed.o)
[137] /Users/michs/devel/usr/local/mpich2/1.5/gcc/4.7/lib/libmpich.a(dataloop_create_pairtype.o)
[138] /Users/michs/devel/usr/local/mpich2/1.5/gcc/4.7/lib/libmpich.a(dataloop_create_struct.o)
[139] /Users/michs/devel/usr/local/mpich2/1.5/gcc/4.7/lib/libmpich.a(dataloop_create_vector.o)
[140] /Users/michs/devel/usr/local/mpich2/1.5/gcc/4.7/lib/libmpich.a(segment.o)
[141] /Users/michs/devel/usr/local/mpich2/1.5/gcc/4.7/lib/libmpich.a(segment_count.o)
[142] /Users/michs/devel/usr/local/mpich2/1.5/gcc/4.7/lib/libmpich.a(segment_flatten.o)
[143] /Users/michs/devel/usr/local/mpich2/1.5/gcc/4.7/lib/libmpich.a(segment_packunpack.o)
[144] /Users/michs/devel/usr/local/mpich2/1.5/gcc/4.7/lib/libmpich.a(subarray_support.o)
[145] /Users/michs/devel/usr/local/mpich2/1.5/gcc/4.7/lib/libmpich.a(mpid_contents_support.o)
[146] /Users/michs/devel/usr/local/mpich2/1.5/gcc/4.7/lib/libmpich.a(mpid_datatype_contents.o)
[147] /Users/michs/devel/usr/local/mpich2/1.5/gcc/4.7/lib/libmpich.a(mpid_datatype_free.o)
[148] /Users/michs/devel/usr/local/mpich2/1.5/gcc/4.7/lib/libmpich.a(mpid_segment.o)
[149] /Users/michs/devel/usr/local/mpich2/1.5/gcc/4.7/lib/libmpich.a(mpid_type_blockindexed.o)
[150] /Users/michs/devel/usr/local/mpich2/1.5/gcc/4.7/lib/libmpich.a(mpid_type_commit.o)
[151] /Users/michs/devel/usr/local/mpich2/1.5/gcc/4.7/lib/libmpich.a(mpid_type_contiguous.o)
[152] /Users/michs/devel/usr/local/mpich2/1.5/gcc/4.7/lib/libmpich.a(mpid_type_create_pairtype.o)
[153] /Users/michs/devel/usr/local/mpich2/1.5/gcc/4.7/lib/libmpich.a(mpid_type_debug.o)
[154] /Users/michs/devel/usr/local/mpich2/1.5/gcc/4.7/lib/libmpich.a(mpid_type_get_envelope.o)
[155] /Users/michs/devel/usr/local/mpich2/1.5/gcc/4.7/lib/libmpich.a(mpid_type_indexed.o)
[156] /Users/michs/devel/usr/local/mpich2/1.5/gcc/4.7/lib/libmpich.a(mpid_type_struct.o)
[157] /Users/michs/devel/usr/local/mpich2/1.5/gcc/4.7/lib/libmpich.a(mpid_type_vector.o)
[158] /Users/michs/devel/usr/local/mpich2/1.5/gcc/4.7/lib/libmpich.a(mpid_type_zerolen.o)
[159] /Users/michs/devel/usr/local/mpich2/1.5/gcc/4.7/lib/libmpich.a(mpid_sched.o)
[160] /Users/michs/devel/usr/local/mpich2/1.5/gcc/4.7/lib/libmpich.a(mpi_t_util.o)
[161] /Users/michs/devel/usr/local/mpich2/1.5/gcc/4.7/lib/libmpich.a(simple_pmiutil.o)
[162] /Users/michs/devel/usr/local/mpich2/1.5/gcc/4.7/lib/libmpich.a(simple_pmi.o)
[163] /Users/michs/devel/usr/local/mpich2/1.5/gcc/4.7/lib/libmpich.a(comm_create_keyval.o)
[164] /Users/michs/devel/usr/local/mpich2/1.5/gcc/4.7/lib/libmpich.a(comm_free_keyval.o)
[165] /Users/michs/devel/usr/local/mpich2/1.5/gcc/4.7/lib/libmpich.a(comm_get_attr.o)
[166] /Users/michs/devel/usr/local/mpich2/1.5/gcc/4.7/lib/libmpich.a(comm_set_attr.o)
[167] /Users/michs/devel/usr/local/mpich2/1.5/gcc/4.7/lib/libmpich.a(allreduce.o)
[168] /Users/michs/devel/usr/local/mpich2/1.5/gcc/4.7/lib/libmpich.a(barrier.o)
[169] /Users/michs/devel/usr/local/mpich2/1.5/gcc/4.7/lib/libmpich.a(op_create.o)
[170] /Users/michs/devel/usr/local/mpich2/1.5/gcc/4.7/lib/libmpich.a(bcast.o)
[171] /Users/michs/devel/usr/local/mpich2/1.5/gcc/4.7/lib/libmpich.a(reduce.o)
[172] /Users/michs/devel/usr/local/mpich2/1.5/gcc/4.7/lib/libmpich.a(scatter.o)
[173] /Users/michs/devel/usr/local/mpich2/1.5/gcc/4.7/lib/libmpich.a(gather.o)
[174] /Users/michs/devel/usr/local/mpich2/1.5/gcc/4.7/lib/libmpich.a(allgather.o)
[175] /Users/michs/devel/usr/local/mpich2/1.5/gcc/4.7/lib/libmpich.a(reduce_local.o)
[176] /Users/michs/devel/usr/local/mpich2/1.5/gcc/4.7/lib/libmpich.a(red_scat_block.o)
[177] /Users/michs/devel/usr/local/mpich2/1.5/gcc/4.7/lib/libmpich.a(iallgather.o)
[178] /Users/michs/devel/usr/local/mpich2/1.5/gcc/4.7/lib/libmpich.a(iallgatherv.o)
[179] /Users/michs/devel/usr/local/mpich2/1.5/gcc/4.7/lib/libmpich.a(iallreduce.o)
[180] /Users/michs/devel/usr/local/mpich2/1.5/gcc/4.7/lib/libmpich.a(ialltoall.o)
[181] /Users/michs/devel/usr/local/mpich2/1.5/gcc/4.7/lib/libmpich.a(ialltoallv.o)
[182] /Users/michs/devel/usr/local/mpich2/1.5/gcc/4.7/lib/libmpich.a(ialltoallw.o)
[183] /Users/michs/devel/usr/local/mpich2/1.5/gcc/4.7/lib/libmpich.a(ibarrier.o)
[184] /Users/michs/devel/usr/local/mpich2/1.5/gcc/4.7/lib/libmpich.a(ibcast.o)
[185] /Users/michs/devel/usr/local/mpich2/1.5/gcc/4.7/lib/libmpich.a(iexscan.o)
[186] /Users/michs/devel/usr/local/mpich2/1.5/gcc/4.7/lib/libmpich.a(igather.o)
[187] /Users/michs/devel/usr/local/mpich2/1.5/gcc/4.7/lib/libmpich.a(igatherv.o)
[188] /Users/michs/devel/usr/local/mpich2/1.5/gcc/4.7/lib/libmpich.a(ired_scat.o)
[189] /Users/michs/devel/usr/local/mpich2/1.5/gcc/4.7/lib/libmpich.a(ired_scat_block.o)
[190] /Users/michs/devel/usr/local/mpich2/1.5/gcc/4.7/lib/libmpich.a(ireduce.o)
[191] /Users/michs/devel/usr/local/mpich2/1.5/gcc/4.7/lib/libmpich.a(iscan.o)
[192] /Users/michs/devel/usr/local/mpich2/1.5/gcc/4.7/lib/libmpich.a(iscatter.o)
[193] /Users/michs/devel/usr/local/mpich2/1.5/gcc/4.7/lib/libmpich.a(iscatterv.o)
[194] /Users/michs/devel/usr/local/mpich2/1.5/gcc/4.7/lib/libmpich.a(comm_dup.o)
[195] /Users/michs/devel/usr/local/mpich2/1.5/gcc/4.7/lib/libmpich.a(comm_free.o)
[196] /Users/michs/devel/usr/local/mpich2/1.5/gcc/4.7/lib/libmpich.a(comm_group.o)
[197] /Users/michs/devel/usr/local/mpich2/1.5/gcc/4.7/lib/libmpich.a(comm_split.o)
[198] /Users/michs/devel/usr/local/mpich2/1.5/gcc/4.7/lib/libmpich.a(get_count.o)
[199] /Users/michs/devel/usr/local/mpich2/1.5/gcc/4.7/lib/libmpich.a(pack.o)
[200] /Users/michs/devel/usr/local/mpich2/1.5/gcc/4.7/lib/libmpich.a(unpack.o)
[201] /Users/michs/devel/usr/local/mpich2/1.5/gcc/4.7/lib/libmpich.a(pack_size.o)
[202] /Users/michs/devel/usr/local/mpich2/1.5/gcc/4.7/lib/libmpich.a(type_vector.o)
[203] /Users/michs/devel/usr/local/mpich2/1.5/gcc/4.7/lib/libmpich.a(type_commit.o)
[204] /Users/michs/devel/usr/local/mpich2/1.5/gcc/4.7/lib/libmpich.a(type_indexed.o)
[205] /Users/michs/devel/usr/local/mpich2/1.5/gcc/4.7/lib/libmpich.a(type_struct.o)
[206] /Users/michs/devel/usr/local/mpich2/1.5/gcc/4.7/lib/libmpich.a(type_contiguous.o)
[207] /Users/michs/devel/usr/local/mpich2/1.5/gcc/4.7/lib/libmpich.a(type_free.o)
[208] /Users/michs/devel/usr/local/mpich2/1.5/gcc/4.7/lib/libmpich.a(type_hvector.o)
[209] /Users/michs/devel/usr/local/mpich2/1.5/gcc/4.7/lib/libmpich.a(type_get_envelope.o)
[210] /Users/michs/devel/usr/local/mpich2/1.5/gcc/4.7/lib/libmpich.a(type_get_extent.o)
[211] /Users/michs/devel/usr/local/mpich2/1.5/gcc/4.7/lib/libmpich.a(type_get_true_extent.o)
[212] /Users/michs/devel/usr/local/mpich2/1.5/gcc/4.7/lib/libmpich.a(type_create_struct.o)
[213] /Users/michs/devel/usr/local/mpich2/1.5/gcc/4.7/lib/libmpich.a(type_create_indexed_block.o)
[214] /Users/michs/devel/usr/local/mpich2/1.5/gcc/4.7/lib/libmpich.a(group_difference.o)
[215] /Users/michs/devel/usr/local/mpich2/1.5/gcc/4.7/lib/libmpich.a(group_free.o)
[216] /Users/michs/devel/usr/local/mpich2/1.5/gcc/4.7/lib/libmpich.a(group_incl.o)
[217] /Users/michs/devel/usr/local/mpich2/1.5/gcc/4.7/lib/libmpich.a(group_translate_ranks.o)
[218] /Users/michs/devel/usr/local/mpich2/1.5/gcc/4.7/lib/libmpich.a(init.o)
[219] /Users/michs/devel/usr/local/mpich2/1.5/gcc/4.7/lib/libmpich.a(initthread.o)
[220] /Users/michs/devel/usr/local/mpich2/1.5/gcc/4.7/lib/libmpich.a(finalize.o)
[221] /Users/michs/devel/usr/local/mpich2/1.5/gcc/4.7/lib/libmpich.a(wait.o)
[222] /Users/michs/devel/usr/local/mpich2/1.5/gcc/4.7/lib/libmpich.a(waitall.o)
[223] /Users/michs/devel/usr/local/mpich2/1.5/gcc/4.7/lib/libmpich.a(cart_rank.o)
[224] /Users/michs/devel/usr/local/mpich2/1.5/gcc/4.7/lib/libmpich.a(cart_shift.o)
[225] /Users/michs/devel/usr/local/mpich2/1.5/gcc/4.7/lib/libmpich.a(graph_nbr.o)
[226] /Users/michs/devel/usr/local/mpich2/1.5/gcc/4.7/lib/libmpich.a(graphnbrcnt.o)
[227] /Users/michs/devel/usr/local/mpich2/1.5/gcc/4.7/lib/libmpich.a(dist_gr_neighb_count.o)
[228] /Users/michs/devel/usr/local/mpich2/1.5/gcc/4.7/lib/libmpich.a(dist_gr_neighb.o)
[229] /Users/michs/devel/usr/local/mpich2/1.5/gcc/4.7/lib/libmpich.a(inhb_allgather.o)
[230] /Users/michs/devel/usr/local/mpich2/1.5/gcc/4.7/lib/libmpich.a(inhb_allgatherv.o)
[231] /Users/michs/devel/usr/local/mpich2/1.5/gcc/4.7/lib/libmpich.a(inhb_alltoall.o)
[232] /Users/michs/devel/usr/local/mpich2/1.5/gcc/4.7/lib/libmpich.a(inhb_alltoallv.o)
[233] /Users/michs/devel/usr/local/mpich2/1.5/gcc/4.7/lib/libmpich.a(inhb_alltoallw.o)
[234] /Users/michs/devel/usr/local/mpich2/1.5/gcc/4.7/lib/libmpich.a(nhb_allgather.o)
[235] /Users/michs/devel/usr/local/mpich2/1.5/gcc/4.7/lib/libmpich.a(nhb_allgatherv.o)
[236] /Users/michs/devel/usr/local/mpich2/1.5/gcc/4.7/lib/libmpich.a(nhb_alltoall.o)
[237] /Users/michs/devel/usr/local/mpich2/1.5/gcc/4.7/lib/libmpich.a(nhb_alltoallv.o)
[238] /Users/michs/devel/usr/local/mpich2/1.5/gcc/4.7/lib/libmpich.a(nhb_alltoallw.o)
[239] /Users/michs/devel/usr/local/mpich2/1.5/gcc/4.7/lib/libmpich.a(info_get.o)
[240] /Users/michs/devel/usr/local/mpich2/1.5/gcc/4.7/lib/libmpich.a(info_getn.o)
[241] /Users/michs/devel/usr/local/mpich2/1.5/gcc/4.7/lib/libmpich.a(info_getnth.o)
[242] /Users/michs/devel/usr/local/mpich2/1.5/gcc/4.7/lib/libmpich.a(info_getvallen.o)
[243] /Users/michs/devel/usr/local/mpich2/1.5/gcc/4.7/lib/libmpich.a(mpit_init_thread.o)
[244] /Users/michs/devel/usr/local/mpich2/1.5/gcc/4.7/lib/libmpich.a(setbot.o)
[245] /Users/michs/devel/usr/local/mpich2/1.5/gcc/4.7/lib/libmpich.a(setbotf.o)
[246] /Users/michs/devel/usr/local/mpich2/1.5/gcc/4.7/lib/libmpl.a(mplstr.o)
[247] /Users/michs/devel/usr/local/mpich2/1.5/gcc/4.7/lib/libmpl.a(mpltrmem.o)
[248] /Users/michs/devel/usr/local/mpich2/1.5/gcc/4.7/lib/libmpl.a(mplenv.o)
[249] /usr/lib/libSystem.dylib
[250] /opt/local/lib/gcc47/libgcc_ext.10.5.dylib
# Sections:
# Address	Size    	Segment	Section
0x100001550	0x00114479	__TEXT	__text
0x1001159D0	0x00000555	__TEXT	__text_startup
0x100115F26	0x0000029A	__TEXT	__stubs
0x1001161C0	0x00000466	__TEXT	__stub_helper
0x100116628	0x0002170F	__TEXT	__cstring
0x100137D40	0x0001CE74	__TEXT	__const
0x100154BB8	0x0001C438	__TEXT	__eh_frame
0x100171000	0x00000070	__DATA	__got
0x100171070	0x00000010	__DATA	__nl_symbol_ptr
0x100171080	0x00000378	__DATA	__la_symbol_ptr
0x100171400	0x0000B330	__DATA	__const
0x10017C740	0x00001830	__DATA	__data
0x10017DF70	0x00000003	__DATA	__static_data
0x10017DF80	0x00000020	__DATA	__pu_bss4
0x10017DFA0	0x000000D4	__DATA	__bss2
0x10017E080	0x0000005C	__DATA	__bss4
0x10017E0DC	0x00000050	__DATA	__pu_bss2
0x10017E130	0x000000C4	__DATA	__common
0x10017E1F8	0x00000100	__DATA	__pu_bss3
0x10017E300	0x0001D920	__DATA	__bss5
0x10019BC20	0x00000188	__DATA	__bss3
0x10019BDC0	0x0000B358	__DATA	__pu_bss5
# Symbols:
# Address	Size    	File  Name
0x100001550	0x00000330	[  1] _read_mail
0x100001880	0x00000418	[  1] _write_mail
0x100001CA0	0x00000060	[  2] _init_cr_buf
0x100001D00	0x00000020	[  2] _sub_buffer
0x100001D20	0x00000060	[  2] _add_to_buffer
0x100001D80	0x00000070	[  2] _rescue_buf
0x100001DF0	0x000000B0	[  2] _compress
0x100001EA0	0x00000310	[  2] _check_buffer
0x1000021B0	0x00000120	[  2] _get_message
0x1000022D0	0x000000B0	[  2] _send_message
0x100002380	0x00000080	[  2] _print_buffer
0x100002400	0x00000020	[  2] _crb_data_len
0x100002420	0x00000020	[  2] _crb_data
0x100002440	0x00000020	[  2] _crb_clear
0x100002460	0x00000100	[  2] _crb_resize
0x100002560	0x00000010	[  2] _crb_create_msg
0x100002570	0x00000020	[  2] _crb_close_msg
0x100002590	0x00000010	[  2] _crb_add_recipient
0x1000025A0	0x00000030	[  2] _crb_add_recipients
0x1000025D0	0x00000013	[  2] _crb_add_msgcontent
0x1000025F0	0x00000240	[  3] _message_string
0x100002830	0x00000040	[  3] _cr_msg_header
0x100002870	0x00000047	[  3] _cr_msg_len
0x1000028C0	0x000000D0	[  4] _write_msg_func
0x100002990	0x00000530	[  4] _crystal_router
0x100002EC0	0x000000B0	[  4] _new_crystal_router
0x100002F70	0x00000040	[  4] _del_crystal_router
0x100002FB0	0x00000023	[  4] _crb_buffer
0x100002FE0	0x00000010	[  5] _commcntxt_size
0x100002FF0	0x00000010	[  5] _commcntxt_id
0x100003000	0x00000080	[  5] _mcMPICommContext
0x100003080	0x00000012	[  5] _delMPICommContext
0x1000030A0	0x000000E0	[  6] _cshift
0x100003180	0x000000AC	[  6] _cishift
0x100003230	0x00000100	[  7] _cread
0x100003330	0x000000C7	[  7] _ciread
0x100003400	0x000000A0	[  8] _cwrite
0x1000034A0	0x00000090	[  8] _ciwrite
0x100003530	0x00000210	[  9] _MPIU_Thread_CS_exit_lockname_recursive_impl_.constprop.0
0x100003740	0x00000270	[  9] _MPIU_Thread_CS_enter_lockname_recursive_impl_.constprop.1
0x1000039B0	0x000003B3	[  9] _MPI_Barrier
0x100003D70	0x00000210	[ 10] _MPIU_Thread_CS_exit_lockname_recursive_impl_.constprop.0
0x100003F80	0x00000270	[ 10] _MPIU_Thread_CS_enter_lockname_recursive_impl_.constprop.1
0x1000041F0	0x0000074E	[ 10] _MPI_Bcast
0x100004940	0x00000210	[ 11] _MPIU_Thread_CS_exit_lockname_recursive_impl_.constprop.0
0x100004B50	0x00000270	[ 11] _MPIU_Thread_CS_enter_lockname_recursive_impl_.constprop.1
0x100004DC0	0x00000406	[ 11] _MPI_Comm_free
0x1000051D0	0x00000210	[ 12] _MPIU_Thread_CS_exit_lockname_recursive_impl_.constprop.0
0x1000053E0	0x00000270	[ 12] _MPIU_Thread_CS_enter_lockname_recursive_impl_.constprop.1
0x100005650	0x000003E4	[ 12] _MPI_Comm_rank
0x100005A40	0x00000334	[ 13] _MPI_Comm_size
0x100005D80	0x00000210	[ 14] _MPIU_Thread_CS_exit_lockname_recursive_impl_.constprop.0
0x100005F90	0x00000270	[ 14] _MPIU_Thread_CS_enter_lockname_recursive_impl_.constprop.1
0x100006200	0x00000443	[ 14] _MPI_Comm_split
0x100006650	0x000002F5	[ 15] _MPI_Get_count
0x100006950	0x000002F1	[ 16] _MPI_Init
0x100006C50	0x00000210	[ 17] _MPIU_Thread_CS_exit_lockname_recursive_impl_.constprop.0
0x100006E60	0x00000270	[ 17] _MPIU_Thread_CS_enter_lockname_recursive_impl_.constprop.1
0x1000070D0	0x00000663	[ 17] _MPI_Finalize
0x100007740	0x00000210	[ 18] _MPIU_Thread_CS_exit_lockname_recursive_impl_.constprop.0
0x100007950	0x00000270	[ 18] _MPIU_Thread_CS_enter_lockname_recursive_impl_.constprop.1
0x100007BC0	0x000007E5	[ 18] _MPI_Irecv
0x1000083B0	0x00000210	[ 19] _MPIU_Thread_CS_exit_lockname_recursive_impl_.constprop.0
0x1000085C0	0x00000270	[ 19] _MPIU_Thread_CS_enter_lockname_recursive_impl_.constprop.1
0x100008830	0x000007E5	[ 19] _MPI_Isend
0x100009020	0x00000210	[ 20] _MPIU_Thread_CS_exit_lockname_recursive_impl_.constprop.0
0x100009230	0x00000270	[ 20] _MPIU_Thread_CS_enter_lockname_recursive_impl_.constprop.1
0x1000094A0	0x00000992	[ 20] _MPI_Recv
0x100009E40	0x00000210	[ 21] _MPIU_Thread_CS_exit_lockname_recursive_impl_.constprop.0
0x10000A050	0x00000270	[ 21] _MPIU_Thread_CS_enter_lockname_recursive_impl_.constprop.1
0x10000A2C0	0x000008E8	[ 21] _MPI_Send
0x10000ABB0	0x00000210	[ 22] _MPIU_Thread_CS_exit_lockname_recursive_impl_.constprop.0
0x10000ADC0	0x00000270	[ 22] _MPIU_Thread_CS_enter_lockname_recursive_impl_.constprop.1
0x10000B030	0x0000038B	[ 22] _MPI_Waitall
0x10000B3C0	0x00000210	[ 23] _MPIU_Thread_CS_exit_lockname_recursive_impl_.constprop.0
0x10000B5D0	0x00000270	[ 23] _MPIU_Thread_CS_enter_lockname_recursive_impl_.constprop.1
0x10000B840	0x000000D0	[ 23] _MPID_Attr_alloc
0x10000B910	0x00000010	[ 23] _MPID_Attr_free
0x10000B920	0x00000080	[ 23] _MPIR_Call_attr_delete
0x10000B9A0	0x00000080	[ 23] _MPIR_Call_attr_copy
0x10000BA20	0x000001F0	[ 23] _MPIR_Attr_dup_list
0x10000BC10	0x000001E0	[ 23] _MPIR_Attr_delete_list
0x10000BDF0	0x00000140	[ 23] _MPIR_Attr_copy_c_proxy
0x10000BF30	0x00000140	[ 23] _MPIR_Attr_delete_c_proxy
0x10000C070	0x0000006E	[ 23] _MPIR_Keyval_set_proxy
0x10000C0E0	0x00001610	[ 24] _MPIR_Allreduce_group_intra
0x10000D6F0	0x000000B1	[ 24] _MPIR_Allreduce_group
0x10000D7B0	0x00000010	[ 25] _MPIUI_Memcpy
0x10000D7C0	0x000000B0	[ 25] _MPIC_Probe
0x10000D870	0x00000710	[ 25] _MPIC_Sendrecv_replace
0x10000DF80	0x00000760	[ 25] _MPIR_Localcopy
0x10000E6E0	0x00000210	[ 25] _MPIC_Isend
0x10000E8F0	0x00000210	[ 25] _MPIC_Irecv
0x10000EB00	0x00000140	[ 25] _MPIC_Wait
0x10000EC40	0x00000520	[ 25] _MPIC_Sendrecv
0x10000F160	0x00000430	[ 25] _MPIC_Ssend
0x10000F590	0x00000460	[ 25] _MPIC_Recv
0x10000F9F0	0x00000430	[ 25] _MPIC_Send
0x10000FE20	0x00000190	[ 25] _MPIC_Send_ft
0x10000FFB0	0x00000320	[ 25] _MPIC_Recv_ft
0x1000102D0	0x00000190	[ 25] _MPIC_Ssend_ft
0x100010460	0x00000390	[ 25] _MPIC_Sendrecv_ft
0x1000107F0	0x00000340	[ 25] _MPIC_Sendrecv_replace_ft
0x100010B30	0x000001C0	[ 25] _MPIC_Isend_ft
0x100010CF0	0x00000140	[ 25] _MPIC_Irecv_ft
0x100010E30	0x000002A7	[ 25] _MPIC_Waitall_ft
0x1000110E0	0x00000BC0	[ 26] _MPIR_SUM
0x100011CA0	0x00000345	[ 26] _MPIR_SUM_check_dtype
0x100011FF0	0x000008E0	[ 27] _MPIR_MAXF
0x1000128D0	0x00000229	[ 27] _MPIR_MAXF_check_dtype
0x100012B00	0x000008E0	[ 28] _MPIR_MINF
0x1000133E0	0x00000229	[ 28] _MPIR_MINF_check_dtype
0x100013610	0x000006C0	[ 29] _MPIR_BAND
0x100013CD0	0x000001E5	[ 29] _MPIR_BAND_check_dtype
0x100013EC0	0x000006C0	[ 30] _MPIR_BOR
0x100014580	0x000001E5	[ 30] _MPIR_BOR_check_dtype
0x100014770	0x000006C0	[ 31] _MPIR_BXOR
0x100014E30	0x000001E5	[ 31] _MPIR_BXOR_check_dtype
0x100015020	0x00000C10	[ 32] _MPIR_LAND
0x100015C30	0x0000029D	[ 32] _MPIR_LAND_check_dtype
0x100015ED0	0x00000CC0	[ 33] _MPIR_LOR
0x100016B90	0x0000029D	[ 33] _MPIR_LOR_check_dtype
0x100016E30	0x00000E60	[ 34] _MPIR_LXOR
0x100017C90	0x0000029D	[ 34] _MPIR_LXOR_check_dtype
0x100017F30	0x00000D30	[ 35] _MPIR_PROD
0x100018C60	0x00000345	[ 35] _MPIR_PROD_check_dtype
0x100018FB0	0x00000410	[ 36] _MPIR_MINLOC
0x1000193C0	0x00000082	[ 36] _MPIR_MINLOC_check_dtype
0x100019450	0x00000410	[ 37] _MPIR_MAXLOC
0x100019860	0x00000082	[ 37] _MPIR_MAXLOC_check_dtype
0x1000198F0	0x00000010	[ 38] _MPIR_NO_OP
0x100019900	0x00000003	[ 38] _MPIR_NO_OP_check_dtype
0x100019910	0x00000050	[ 39] _MPIR_REPLACE
0x100019960	0x00000003	[ 39] _MPIR_REPLACE_check_dtype
0x100019970	0x0000001F	[ 40] _MPIR_Sched_cb_free_buf
0x100019990	0x00000090	[ 41] _MPIR_Locate_context_bit
0x100019A20	0x000000D0	[ 41] _cleanup_default_collops
0x100019AF0	0x000000A0	[ 41] _MPIR_ContextMaskToStr
0x100019B90	0x00000050	[ 41] _MPIR_Init_contextid
0x100019BE0	0x00000040	[ 41] _MPIU_CheckContextIDsOnFinalize
0x100019C20	0x000004E0	[ 41] _set_collops.part.2
0x10001A100	0x00000130	[ 41] _MPIR_Find_and_allocate_context_id
0x10001A230	0x00000080	[ 41] _gcn_helper
0x10001A2B0	0x000000C0	[ 41] _MPIR_Comm_dump_context_id.constprop.4
0x10001A370	0x000000C0	[ 41] _MPIUI_Memcpy.constprop.5
0x10001A430	0x00000350	[ 41] _gcn_sch
0x10001A780	0x00000390	[ 41] _MPIU_Thread_CS_yield_lockname_recursive_impl_.isra.1.constprop.7
0x10001AB10	0x00000130	[ 41] _MPIR_Comm_init
0x10001AC40	0x00000160	[ 41] _MPIR_Comm_create
0x10001ADA0	0x000006C0	[ 41] _MPIR_Comm_commit
0x10001B460	0x00000280	[ 41] _MPIR_Setup_intercomm_localcomm
0x10001B6E0	0x00000010	[ 41] _MPIR_Comm_is_node_aware
0x10001B6F0	0x00000070	[ 41] _MPIR_Comm_is_node_consecutive
0x10001B760	0x00000B10	[ 41] _MPIR_Get_contextid_sparse_group
0x10001C270	0x00000020	[ 41] _MPIR_Get_contextid_sparse
0x10001C290	0x00000090	[ 41] _MPIR_Get_contextid
0x10001C320	0x000001E0	[ 41] _MPIR_Get_contextid_nonblock
0x10001C500	0x000003B0	[ 41] _MPIR_Get_intercomm_contextid_nonblock
0x10001C8B0	0x00000310	[ 41] _MPIR_Get_intercomm_contextid
0x10001CBC0	0x000003C0	[ 41] _MPIR_Free_contextid
0x10001CF80	0x000004D0	[ 41] _MPIR_Comm_copy
0x10001D450	0x000002F0	[ 41] _MPIR_Comm_copy_data
0x10001D740	0x00000920	[ 41] _MPIR_Comm_delete_internal
0x10001E060	0x000001FA	[ 41] _MPIR_Comm_release_always
0x10001E260	0x00000060	[ 42] _MPIR_DatatypeAttrFinalizeCallback
0x10001E2C0	0x000001F0	[ 42] _MPIR_Datatype_finalize
0x10001E4B0	0x00000160	[ 42] _MPIR_Datatype_init
0x10001E610	0x000002F0	[ 42] _MPIR_Datatype_builtin_fillin
0x10001E900	0x00000090	[ 42] _MPIR_Datatype_iscontig
0x10001E990	0x0000002D	[ 42] _MPIR_DatatypeAttrFinalize
0x10001E9C0	0x00000060	[ 43] _checkValidErrcode
0x10001EA20	0x00000350	[ 43] _checkForUserErrcode
0x10001ED70	0x00000090	[ 43] _FindSpecificMsgIndex
0x10001EE00	0x00000010	[ 43] _MPIUI_Memcpy
0x10001EE10	0x00000010	[ 43] _MPID_Errhandler_free
0x10001EE20	0x00000080	[ 43] _MPIR_Errhandler_set_cxx
0x10001EEA0	0x00000050	[ 43] _MPIR_Err_preOrPostInit
0x10001EEF0	0x00000010	[ 43] _MPIR_Err_is_fatal
0x10001EF00	0x000000F0	[ 43] _MPIR_Err_init
0x10001EFF0	0x00000CC0	[ 43] _MPIR_Err_get_string
0x10001FCB0	0x000000C0	[ 43] _handleFatalError
0x10001FD70	0x000002A0	[ 43] _MPIR_Err_return_comm
0x100020010	0x00000190	[ 43] _MPIR_Err_return_win
0x1000201A0	0x000018F0	[ 43] _MPIR_Err_create_code_valist
0x100021A90	0x00000190	[ 43] _MPIR_Err_create_code
0x100021C20	0x000003C0	[ 43] _MPIR_Err_combine_codes
0x100021FE0	0x00000428	[ 43] _MPIR_Err_print_stack
0x100022410	0x000001E0	[ 44] _MPIR_Mergesort_lpidarray
0x1000225F0	0x000000E0	[ 44] _MPIR_Group_init
0x1000226D0	0x00000100	[ 44] _MPIR_Group_release
0x1000227D0	0x000001E0	[ 44] _MPIR_Group_create
0x1000229B0	0x00000030	[ 44] _MPIR_Group_setup_lpid_list
0x1000229E0	0x00000050	[ 44] _MPIR_Group_setup_lpid_pairs
0x100022A30	0x00000140	[ 44] _MPIR_Group_check_valid_ranks
0x100022B70	0x000003D0	[ 44] _MPIR_Group_check_valid_ranges
0x100022F40	0x00000386	[ 44] _MPIR_GroupCheckVCRSubset
0x1000232D0	0x00000210	[ 45] _MPIU_Thread_CS_exit_lockname_recursive_impl_.constprop.0
0x1000234E0	0x00000270	[ 45] _MPIU_Thread_CS_enter_lockname_recursive_impl_.constprop.1
0x100023750	0x00000420	[ 45] _progress_fn
0x100023B70	0x00000300	[ 45] _MPIR_Init_async_thread
0x100023E70	0x000006EF	[ 45] _MPIR_Finalize_async_thread
0x100024560	0x000000A0	[ 46] _MPIR_Progress_wait_request
0x100024600	0x00000070	[ 46] _MPIR_Grequest_set_lang_f77
0x100024670	0x000000E0	[ 46] _MPIR_Grequest_cancel
0x100024750	0x00000100	[ 46] _MPIR_Grequest_query
0x100024850	0x000001E0	[ 46] _MPIR_Request_get_error
0x100024A30	0x000000D0	[ 46] _MPIR_Grequest_free
0x100024B00	0x000007C0	[ 46] _MPIR_Request_complete
0x1000252C0	0x00000220	[ 46] _MPIR_Grequest_progress_poke
0x1000254E0	0x00000203	[ 46] _MPIR_Grequest_waitall
0x1000256F0	0x000001A0	[ 48] _MPIR_Type_is_rma_atomic
0x100025890	0x000001C9	[ 48] _MPIR_Compare_equal
0x100025A60	0x00000040	[ 49] _MPID_Wtime_init
0x100025AA0	0x00000010	[ 49] _MPID_Wtime
0x100025AB0	0x00000050	[ 49] _MPID_Wtime_diff
0x100025B00	0x00000050	[ 49] _MPID_Wtime_todouble
0x100025B50	0x00000010	[ 49] _MPID_Wtime_acc
0x100025B60	0x000000F0	[ 49] _MPID_Generic_wtick
0x100025C50	0x00000005	[ 49] _MPID_Wtick
0x100025C60	0x00000010	[ 50] _MPIUI_Memcpy
0x100025C70	0x00000030	[ 50] _MPIR_Topology_finalize
0x100025CA0	0x00000160	[ 50] _MPIR_Topology_delete_fn
0x100025E00	0x00000120	[ 50] _MPIR_Copy_array
0x100025F20	0x00000470	[ 50] _MPIR_Topology_copy_fn
0x100026390	0x00000050	[ 50] _MPIR_Topology_get
0x1000263E0	0x00000100	[ 50] _MPIR_Topology_put
0x1000264E0	0x00000150	[ 50] _MPIR_Topo_canon_nhb_count
0x100026630	0x00000560	[ 50] _MPIR_Topo_canon_nhb
0x100026B90	0x00000070	[ 51] _SetDBGLevel
0x100026C00	0x000001A0	[ 51] _setDBGClass
0x100026DA0	0x00000070	[ 51] _MPIU_DBG_Usage
0x100026E10	0x00000180	[ 51] _MPIU_DBG_ProcessEnv
0x100026F90	0x00000280	[ 51] _MPIU_DBG_ProcessArgs
0x100027210	0x000000F0	[ 51] _dbg_init
0x100027300	0x00000040	[ 51] _dbg_init_tls
0x100027340	0x00000040	[ 51] _get_fp
0x100027380	0x00000080	[ 51] _set_fp
0x100027400	0x00000360	[ 51] _MPIU_DBG_Get_filename.constprop.3
0x100027760	0x00000090	[ 51] _MPIU_dbg_init
0x1000277F0	0x00000200	[ 51] _MPIU_dbglog_printf
0x1000279F0	0x000001C0	[ 51] _MPIU_dbglog_vprintf
0x100027BB0	0x000000D0	[ 51] _MPIU_dbg_printf
0x100027C80	0x000000A0	[ 51] _MPIU_dump_dbg_memlog
0x100027D20	0x00000040	[ 51] _MPIU_dump_dbg_memlog_to_file
0x100027D60	0x00000010	[ 51] _MPIU_dump_dbg_memlog_to_stdout
0x100027D70	0x000003D0	[ 51] _MPIU_DBG_Outevent
0x100028140	0x00000080	[ 51] _MPIU_DBG_PreInit
0x1000281C0	0x0000020A	[ 51] _MPIU_DBG_Init
0x1000283D0	0x00000009	[ 52] _MPIU_Exit
0x1000283E0	0x00000070	[ 53] _MPIU_Info_free
0x100028450	0x00000130	[ 53] _MPIU_Info_alloc
0x100028580	0x000000B0	[ 54] _MPIU_INSTR_Printf
0x100028630	0x00000090	[ 54] _MPIU_INSTR_Finalize
0x1000286C0	0x00000070	[ 54] _MPIU_INSTR_AddHandle
0x100028730	0x000000C0	[ 54] _MPIU_INSTR_ToStr_Duration_Count
0x1000287F0	0x00000025	[ 54] _MPIU_INSTR_ToStr_Counter
0x100028820	0x00000010	[ 55] _MPIU_trinit
0x100028830	0x00000350	[ 55] _MPIU_trdump
0x100028B80	0x00000350	[ 55] _MPIU_trmalloc
0x100028ED0	0x00000370	[ 55] _MPIU_trfree
0x100029240	0x00000330	[ 55] _MPIU_trvalid
0x100029570	0x00000350	[ 55] _MPIU_trspace
0x1000298C0	0x00000350	[ 55] _MPIU_trid
0x100029C10	0x00000350	[ 55] _MPIU_trlevel
0x100029F60	0x00000350	[ 55] _MPIU_trDebugLevel
0x10002A2B0	0x00000350	[ 55] _MPIU_trcalloc
0x10002A600	0x00000350	[ 55] _MPIU_trrealloc
0x10002A950	0x00000340	[ 55] _MPIU_trstrdup
0x10002AC90	0x00000341	[ 55] _MPIU_TrSetMaxMem
0x10002AFE0	0x00000060	[ 56] _MPIU_Handle_finalize
0x10002B040	0x00000060	[ 56] _MPIU_Handle_direct_init
0x10002B0A0	0x00000030	[ 56] _MPIU_Handle_obj_alloc_complete
0x10002B0D0	0x000002E0	[ 56] _MPIU_Handle_obj_alloc_unsafe
0x10002B3B0	0x00000010	[ 56] _MPIU_Handle_obj_alloc
0x10002B3C0	0x00000040	[ 56] _MPIU_Handle_get_ptr_indirect
0x10002B400	0x00000150	[ 56] _MPIU_Handle_get_kind_str
0x10002B550	0x000000F0	[ 56] _MPIU_Handle_obj_free
0x10002B640	0x000002E0	[ 56] _MPIU_CheckHandlesOnFinalize
0x10002B920	0x00000033	[ 56] _MPIU_Handle_obj_outstanding
0x10002B960	0x00000070	[ 57] _MPIU_Strncpy
0x10002B9D0	0x00000090	[ 57] _MPIU_Strnapp
0x10002BA60	0x0000001F	[ 57] _MPIU_Basename
0x10002BA80	0x000000C0	[ 58] _next_token
0x10002BB40	0x00000140	[ 58] _compare_token
0x10002BC80	0x00000110	[ 58] _token_copy
0x10002BD90	0x000000A0	[ 58] _quoted_printf
0x10002BE30	0x000000C0	[ 58] _MPIU_Str_get_string_arg
0x10002BEF0	0x000001B0	[ 58] _MPIU_Str_get_binary_arg
0x10002C0A0	0x00000160	[ 58] _MPIU_Str_hide_string_arg
0x10002C200	0x00000040	[ 58] _MPIU_Str_get_int_arg
0x10002C240	0x00000140	[ 58] _MPIU_Str_add_string
0x10002C380	0x00000090	[ 58] _MPIU_Str_get_string
0x10002C410	0x00000270	[ 58] _MPIU_Str_add_string_arg
0x10002C680	0x00000060	[ 58] _MPIU_Str_add_int_arg
0x10002C6E0	0x0000029C	[ 58] _MPIU_Str_add_binary_arg
0x10002C980	0x00000041	[ 59] _MPIU_Strerror
0x10002C9D0	0x000000B0	[ 60] _MPIU_Usage_printf
0x10002CA80	0x000000C0	[ 60] _MPIU_Error_printf
0x10002CB40	0x000000C0	[ 60] _MPIU_Internal_error_printf
0x10002CC00	0x00000100	[ 60] _MPIU_Internal_sys_error_printf
0x10002CD00	0x000000B1	[ 60] _MPIU_Msg_printf
0x10002CDC0	0x000000D0	[ 61] _MPIR_Assert_fail
0x10002CE90	0x00000204	[ 61] _MPIR_Assert_fail_fmt
0x10002D0A0	0x00001DF0	[ 62] _MPIR_Param_init_params
0x10002EE90	0x00000083	[ 62] _MPIR_Param_finalize
0x10002EF20	0x00000830	[ 63] _MPIU_Find_local_and_external
0x10002F750	0x00000150	[ 63] _MPIU_Get_internode_rank
0x10002F8A0	0x0000014A	[ 63] _MPIU_Get_intranode_rank
0x10002F9F0	0x00000040	[ 64] _MPEI_Thread_start
0x10002FA30	0x000000BA	[ 64] _MPIU_Thread_create
0x10002FAF0	0x00000074	[ 65] _PMPI_Status_f2c
0x10002FB70	0x00000010	[ 66] _MPIUI_Memcpy
0x10002FB80	0x00000CA0	[ 66] _MPIDI_CH3U_Buffer_copy
0x100030820	0x0000027D	[ 66] _MPIDI_CH3_RecvFromSelf
0x100030AA0	0x00000160	[ 67] _comm_destroyed
0x100030C00	0x00000180	[ 67] _register_hook_finalize
0x100030D80	0x00000110	[ 67] _comm_created
0x100030E90	0x00000120	[ 67] _MPIDI_CH3I_Comm_create_hook
0x100030FB0	0x00000120	[ 67] _MPIDI_CH3I_Comm_destroy_hook
0x1000310D0	0x00000150	[ 67] _MPIDI_CH3U_Comm_register_create_hook
0x100031220	0x00000150	[ 67] _MPIDI_CH3U_Comm_register_destroy_hook
0x100031370	0x00000150	[ 67] _MPIDI_CH3I_Comm_init
0x1000314C0	0x00000351	[ 67] _MPIDI_CH3I_Comm_handle_failed_procs
0x100031820	0x000009F0	[ 68] _MPIDI_Comm_spawn_multiple
0x100032210	0x00000100	[ 68] _MPIDI_CH3_GetParentPort
0x100032310	0x00000032	[ 68] _MPIDI_CH3_FreeParentPort
0x100032350	0x00000730	[ 69] _MPIDI_CH3U_Handle_connection
0x100032A80	0x00000480	[ 69] _MPIDI_CH3U_VC_SendClose
0x100032F00	0x00000580	[ 69] _MPIDI_CH3_PktHandler_Close
0x100033480	0x00000180	[ 69] _MPIDI_CH3U_VC_WaitForClose
0x100033600	0x000009D0	[ 69] _MPIDI_CH3U_Check_for_failed_procs
0x100033FD0	0x0000006A	[ 69] _MPIDI_CH3U_Dump_vc_states
0x100034040	0x00000010	[ 70] _MPIUI_Memcpy
0x100034050	0x00000770	[ 70] _MPIDI_CH3U_Receive_data_found
0x1000347C0	0x000002E0	[ 70] _MPIDI_CH3U_Receive_data_unexpected
0x100034AA0	0x00000490	[ 70] _MPIDI_CH3U_Post_data_receive_found
0x100034F30	0x000001B0	[ 70] _MPIDI_CH3U_Post_data_receive_unexpected
0x1000350E0	0x00000170	[ 70] _MPIDI_CH3I_Try_acquire_win_lock
0x100035250	0x00000010	[ 70] _MPIDI_CH3_PktHandler_FlowCntlUpdate
0x100035260	0x00000090	[ 70] _MPIDI_CH3_PktHandler_EndCH3
0x1000352F0	0x00000260	[ 70] _MPIDI_CH3_PktHandler_Init
0x100035550	0x0000014D	[ 70] _MPIDI_CH3U_Handle_recv_pkt
0x1000356A0	0x000001B0	[ 71] _do_simple_accumulate
0x100035850	0x00000010	[ 71] _MPIUI_Memcpy
0x100035860	0x000002B0	[ 71] _create_derived_datatype
0x100035B10	0x00000340	[ 71] _do_simple_get
0x100035E50	0x000002B0	[ 71] _MPIDI_CH3U_Handle_recv_req
0x100036100	0x00000190	[ 71] _MPIDI_CH3_ReqHandler_RecvComplete
0x100036290	0x00000240	[ 71] _MPIDI_CH3_ReqHandler_PutRespDerivedDTComplete
0x1000364D0	0x00000320	[ 71] _MPIDI_CH3_ReqHandler_AccumRespDerivedDTComplete
0x1000367F0	0x000004A0	[ 71] _MPIDI_CH3_ReqHandler_GetRespDerivedDTComplete
0x100036C90	0x00000250	[ 71] _MPIDI_CH3_ReqHandler_UnpackUEBufComplete
0x100036EE0	0x00000120	[ 71] _MPIDI_CH3_ReqHandler_UnpackSRBufReloadIOV
0x100037000	0x00000120	[ 71] _MPIDI_CH3_ReqHandler_ReloadIOV
0x100037120	0x00000230	[ 71] _MPIDI_CH3I_Send_pt_rma_done_pkt
0x100037350	0x00000370	[ 71] _MPIDI_CH3I_Release_lock
0x1000376C0	0x00000A90	[ 71] _MPIDI_CH3_ReqHandler_FOPComplete
0x100038150	0x00000420	[ 71] _MPIDI_CH3_ReqHandler_SinglePutAccumComplete
0x100038570	0x000008C0	[ 71] _MPIDI_CH3_ReqHandler_PutAccumRespComplete
0x100038E30	0x0000026A	[ 71] _MPIDI_CH3_ReqHandler_UnpackSRBufComplete
0x1000390A0	0x00000280	[ 72] _MPIDI_CH3U_Handle_send_req
0x100039320	0x00000240	[ 72] _MPIDI_CH3_ReqHandler_GetSendRespComplete
0x100039560	0x00000085	[ 72] _MPIDI_CH3_ReqHandler_SendReloadIOV
0x1000395F0	0x000002B0	[ 73] _MPIDI_CH3I_Initialize_tmp_comm
0x1000398A0	0x00000200	[ 73] _SetupNewIntercomm
0x100039AA0	0x000000A0	[ 73] _FreeNewVC
0x100039B40	0x00000490	[ 73] _ExtractLocalPGInfo.isra.0
0x100039FD0	0x000001D0	[ 73] _SendPGtoPeerAndFree.isra.1
0x10003A1A0	0x00000400	[ 73] _ReceivePGAndDistribute.isra.2
0x10003A5A0	0x000010B0	[ 73] _MPIDI_Comm_connect
0x10003B650	0x00000450	[ 73] _MPID_PG_BCast
0x10003BAA0	0x000001C0	[ 73] _MPIDI_CH3I_Acceptq_enqueue
0x10003BC60	0x000001C0	[ 73] _MPIDI_CH3I_Acceptq_dequeue
0x10003BE20	0x00000CB9	[ 73] _MPIDI_Comm_accept
0x10003CAE0	0x00000020	[ 74] _simple_uint_creator
0x10003CB00	0x00000020	[ 74] _simple_aint_creator
0x10003CB20	0x00000330	[ 74] _dequeue_and_set_error
0x10003CE50	0x00000050	[ 74] _rank_val_to_str.constprop.0
0x10003CEA0	0x00000050	[ 74] _tag_val_to_str.constprop.1
0x10003CEF0	0x00000270	[ 74] _MPIDI_CH3U_Recvq_init
0x10003D160	0x00000240	[ 74] _MPIDI_CH3U_Recvq_FU
0x10003D3A0	0x000001A0	[ 74] _MPIDI_CH3U_Recvq_FDU
0x10003D540	0x00000490	[ 74] _MPIDI_CH3U_Recvq_FDU_matchonly
0x10003D9D0	0x00000A90	[ 74] _MPIDI_CH3U_Recvq_FDU_or_AEP
0x10003E460	0x00000150	[ 74] _MPIDI_CH3U_Recvq_DP
0x10003E5B0	0x000003A0	[ 74] _MPIDI_CH3U_Recvq_FDP_or_AEU
0x10003E950	0x00000120	[ 74] _MPIDI_CH3U_Complete_disabled_anysources
0x10003EA70	0x00000120	[ 74] _MPIDI_CH3U_Complete_posted_with_error
0x10003EB90	0x00000230	[ 74] _MPIDI_CH3U_Dbg_print_recvq
0x10003EDC0	0x00000023	[ 74] _MPIDI_CH3U_Recvq_count_unexp
0x10003EDF0	0x00000010	[ 75] _MPIUI_Memcpy
0x10003EE00	0x000002C0	[ 75] _MPID_Request_create
0x10003F0C0	0x000003A0	[ 75] _MPIDI_CH3_Request_destroy
0x10003F460	0x00000800	[ 75] _MPIDI_CH3U_Request_load_send_iov
0x10003FC60	0x00000840	[ 75] _MPIDI_CH3U_Request_load_recv_iov
0x1000404A0	0x000001E0	[ 75] _MPIDI_CH3U_Request_unpack_srbuf
0x100040680	0x00000470	[ 75] _MPIDI_CH3U_Request_unpack_uebuf
0x100040AF0	0x00000057	[ 75] _MPID_Request_set_completed
0x100040B50	0x000000E0	[ 76] _MPIDI_Rput
0x100040C30	0x000000E0	[ 76] _MPIDI_Rget
0x100040D10	0x000000E0	[ 76] _MPIDI_Raccumulate
0x100040DF0	0x000000E0	[ 76] _MPIDI_Rget_accumulate
0x100040ED0	0x000000E0	[ 76] _MPIDI_Win_flush
0x100040FB0	0x000000E0	[ 76] _MPIDI_Win_flush_all
0x100041090	0x000000E0	[ 76] _MPIDI_Win_flush_local
0x100041170	0x000000E0	[ 76] _MPIDI_Win_flush_local_all
0x100041250	0x000000DD	[ 76] _MPIDI_Win_shared_query
0x100041330	0x00000010	[ 77] _MPIUI_Memcpy
0x100041340	0x000008C0	[ 77] _MPIDI_Get_accumulate
0x100041C00	0x000004F0	[ 77] _MPIDI_Compare_and_swap
0x1000420F0	0x00000401	[ 77] _MPIDI_Fetch_and_op
0x100042500	0x00000450	[ 78] _MPIDI_Win_free
0x100042950	0x00000670	[ 78] _MPIDI_Put
0x100042FC0	0x00000670	[ 78] _MPIDI_Get
0x100043630	0x00000C20	[ 78] _MPIDI_Accumulate
0x100044250	0x000000D0	[ 78] _MPIDI_Alloc_mem
0x100044320	0x000000BD	[ 78] _MPIDI_Free_mem
0x1000443E0	0x00000010	[ 79] _MPIUI_Memcpy
0x1000443F0	0x00000250	[ 79] _MPIDI_CH3I_RMAListPartialComplete
0x100044640	0x00000300	[ 79] _MPIDI_CH3I_RMAListComplete
0x100044940	0x00000E90	[ 79] _MPIDI_CH3I_Send_immed_rmw_msg
0x1000457D0	0x000006F0	[ 79] _MPIDI_CH3I_Send_contig_acc_msg
0x100045EC0	0x00000A40	[ 79] _MPIDI_CH3I_Recv_rma_msg
0x100046900	0x00001460	[ 79] _MPIDI_CH3I_Send_rma_msg
0x100047D60	0x00000DC0	[ 79] _MPIDI_CH3_RMA_InitInstr
0x100048B20	0x00000A20	[ 79] _MPIDI_Win_fence
0x100049540	0x000006E0	[ 79] _MPIDI_Win_post
0x100049C20	0x00000290	[ 79] _MPIDI_Win_start
0x100049EB0	0x00000EE0	[ 79] _MPIDI_Win_complete
0x10004AD90	0x000001A0	[ 79] _MPIDI_Win_wait
0x10004AF30	0x00000130	[ 79] _MPIDI_Win_test
0x10004B060	0x000002E0	[ 79] _MPIDI_Win_lock
0x10004B340	0x00001CE0	[ 79] _MPIDI_Win_unlock
0x10004D020	0x000000A0	[ 79] _MPIDI_Win_sync
0x10004D0C0	0x00000130	[ 79] _MPIDI_Win_unlock_all
0x10004D1F0	0x00000100	[ 79] _MPIDI_Win_lock_all
0x10004D2F0	0x000002A0	[ 79] _MPIDI_CH3I_Send_lock_granted_pkt
0x10004D590	0x00000A00	[ 79] _MPIDI_CH3_PktHandler_Put
0x10004DF90	0x000007B0	[ 79] _MPIDI_CH3_PktHandler_Get
0x10004E740	0x00000AA0	[ 79] _MPIDI_CH3_PktHandler_Accumulate
0x10004F1E0	0x00000470	[ 79] _MPIDI_CH3_PktHandler_Accumulate_Immed
0x10004F650	0x00000660	[ 79] _MPIDI_CH3_PktHandler_CAS
0x10004FCB0	0x00000440	[ 79] _MPIDI_CH3_PktHandler_CASResp
0x1000500F0	0x00000580	[ 79] _MPIDI_CH3_PktHandler_FOP
0x100050670	0x00000500	[ 79] _MPIDI_CH3_PktHandler_FOPResp
0x100050B70	0x000002F0	[ 79] _MPIDI_CH3_PktHandler_Lock
0x100050E60	0x000007A0	[ 79] _MPIDI_CH3_PktHandler_LockPutUnlock
0x100051600	0x00000540	[ 79] _MPIDI_CH3_PktHandler_LockGetUnlock
0x100051B40	0x000006E0	[ 79] _MPIDI_CH3_PktHandler_LockAccumUnlock
0x100052220	0x00000560	[ 79] _MPIDI_CH3_PktHandler_GetResp
0x100052780	0x000001C0	[ 79] _MPIDI_CH3_PktHandler_LockGranted
0x100052940	0x000001BD	[ 79] _MPIDI_CH3_PktHandler_PtRMADone
0x100052B00	0x00000630	[ 80] _MPIDI_CH3_RndvSend
0x100053130	0x000004E0	[ 80] _MPIDI_CH3_PktHandler_RndvReqToSend
0x100053610	0x00000510	[ 80] _MPIDI_CH3_PktHandler_RndvClrToSend
0x100053B20	0x00000440	[ 80] _MPIDI_CH3_PktHandler_RndvSend
0x100053F60	0x000001FA	[ 80] _MPIDI_CH3_RecvRndv
0x100054160	0x000002F0	[ 81] _MPIDI_CH3_SendNoncontig_iov
0x100054450	0x00000390	[ 81] _MPIDI_CH3_EagerNoncontigSend
0x1000547E0	0x00000320	[ 81] _MPIDI_CH3_EagerContigSend
0x100054B00	0x000002C0	[ 81] _MPIDI_CH3_EagerContigShortSend
0x100054DC0	0x000006A0	[ 81] _MPIDI_CH3_PktHandler_EagerShortSend
0x100055460	0x000003D0	[ 81] _MPIDI_CH3_EagerContigIsend
0x100055830	0x00000550	[ 81] _MPIDI_CH3_PktHandler_EagerSend
0x100055D80	0x0000073A	[ 81] _MPIDI_CH3_PktHandler_ReadySend
0x1000564C0	0x00000520	[ 82] _MPIDI_CH3_EagerSyncNoncontigSend
0x1000569E0	0x00000380	[ 82] _MPIDI_CH3_EagerSyncZero
0x100056D60	0x000001F0	[ 82] _MPIDI_CH3_EagerSyncAck
0x100056F50	0x00000A10	[ 82] _MPIDI_CH3_PktHandler_EagerSyncSend
0x100057960	0x0000023A	[ 82] _MPIDI_CH3_PktHandler_EagerSyncAck
0x100057BA0	0x000000E0	[ 83] _MPIDI_CH3U_Win_allocate_shared
0x100057C80	0x000000E0	[ 83] _MPIDI_Win_fns_init
0x100057D60	0x00000660	[ 83] _MPIDI_CH3U_Win_create_gather
0x1000583C0	0x00000280	[ 83] _MPIDI_CH3U_Win_allocate
0x100058640	0x00000130	[ 83] _MPIDI_CH3U_Win_create_dynamic
0x100058770	0x00000160	[ 83] _MPIDI_CH3U_Win_create
0x1000588D0	0x00000090	[ 83] _MPIDI_Win_attach
0x100058960	0x0000008C	[ 83] _MPIDI_Win_detach
0x1000589F0	0x000001E1	[ 84] _MPID_Abort
0x100058BE0	0x00000890	[ 85] _MPID_Cancel_send
0x100059470	0x00000490	[ 85] _MPIDI_CH3_PktHandler_CancelSendReq
0x100059900	0x00000319	[ 85] _MPIDI_CH3_PktHandler_CancelSendResp
0x100059C20	0x00000255	[ 86] _MPID_Finalize
0x100059E80	0x0000006F	[ 87] _MPID_Get_universe_size
0x100059EF0	0x00000137	[ 88] _MPID_Get_processor_name
0x10005A030	0x00000030	[ 89] _MPIDI_CH3I_PG_Destroy
0x10005A060	0x000000B0	[ 89] _split_type
0x10005A110	0x00000020	[ 89] _MPIDI_CH3I_PG_Compare_ids
0x10005A130	0x00000070	[ 89] _finalize_failed_procs_group
0x10005A1A0	0x00000A80	[ 89] _MPID_Init
0x10005AC20	0x00000010	[ 89] _MPID_InitCompleted
0x10005AC30	0x000000B0	[ 89] _MPIDI_CH3I_BCInit
0x10005ACE0	0x00000024	[ 89] _MPIDI_CH3I_BCFree
0x10005AD10	0x00000D0C	[ 90] _MPID_Irecv
0x10005BA20	0x00000C62	[ 91] _MPID_Isend
0x10005C690	0x00000A46	[ 92] _MPID_Issend
0x10005D0E0	0x00000270	[ 93] _MPIDI_Open_port
0x10005D350	0x00000190	[ 93] _MPID_Open_port
0x10005D4E0	0x00000180	[ 93] _MPID_Close_port
0x10005D660	0x000001C0	[ 93] _MPID_Comm_accept
0x10005D820	0x000001C0	[ 93] _MPID_Comm_connect
0x10005D9E0	0x00000050	[ 93] _MPIDI_GetTagFromPort
0x10005DA30	0x0000012D	[ 93] _MPIDI_Close_port
0x10005DB60	0x0000013D	[ 94] _MPID_Probe
0x10005DCA0	0x00000DBF	[ 95] _MPID_Recv
0x10005EA60	0x00000DCF	[ 96] _MPID_Send
0x10005F830	0x0000085F	[ 97] _MPID_Ssend
0x100060090	0x00000200	[ 98] _MPIDI_CH3U_VC_FinishPending
0x100060290	0x00000220	[ 98] _MPID_VCRT_Create
0x1000604B0	0x000001F0	[ 98] _MPID_VCRT_Add_ref
0x1000606A0	0x00000620	[ 98] _MPID_VCRT_Release
0x100060CC0	0x000000C0	[ 98] _MPID_VCRT_Get_ptr
0x100060D80	0x000004A0	[ 98] _MPID_VCR_Dup
0x100061220	0x000000C0	[ 98] _MPID_VCR_Get_lpid
0x1000612E0	0x000001E0	[ 98] _MPID_GPID_GetAllInComm
0x1000614C0	0x00000050	[ 98] _MPID_GPID_Get
0x100061510	0x00000150	[ 98] _MPID_GPID_ToLpidArray
0x100061660	0x00000170	[ 98] _MPID_VCR_CommFromLpids
0x1000617D0	0x000001A0	[ 98] _MPID_PG_ForwardPGInfo
0x100061970	0x000000E0	[ 98] _MPIDI_CH3U_Comm_FinishPending
0x100061A50	0x00000140	[ 98] _MPIDI_VC_Init
0x100061B90	0x00000020	[ 98] _MPID_Get_node_id
0x100061BB0	0x00000040	[ 98] _MPID_Get_max_node_id
0x100061BF0	0x000015BD	[ 98] _MPIDI_Populate_vc_node_ids
0x1000631B0	0x00000760	[ 99] _win_init.isra.0
0x100063910	0x000001A0	[ 99] _MPID_Win_create
0x100063AB0	0x000001A0	[ 99] _MPID_Win_allocate
0x100063C50	0x00000180	[ 99] _MPID_Win_create_dynamic
0x100063DD0	0x000000D0	[ 99] _MPID_Alloc_mem
0x100063EA0	0x00000100	[ 99] _MPID_Free_mem
0x100063FA0	0x0000019D	[ 99] _MPID_Win_allocate_shared
0x100064140	0x00000CED	[100] _MPIDI_Isend_self
0x100064E30	0x00000010	[101] _connFromStringKVS
0x100064E40	0x00000080	[101] _connFree
0x100064EC0	0x00000030	[101] _connFreeKVS
0x100064EF0	0x00000100	[101] _connFromString
0x100064FF0	0x00000130	[101] _getConnInfo
0x100065120	0x00000280	[101] _connToString
0x1000653A0	0x00000140	[101] _MPIDI_PG_Init
0x1000654E0	0x00000370	[101] _MPIDI_PG_Create
0x100065850	0x00000370	[101] _MPIDI_PG_Destroy
0x100065BC0	0x00000100	[101] _MPIDI_PG_Find
0x100065CC0	0x00000010	[101] _MPIDI_PG_Id_compare
0x100065CD0	0x00000020	[101] _MPIDI_PG_Get_next
0x100065CF0	0x00000010	[101] _MPIDI_PG_Has_next
0x100065D00	0x00000010	[101] _MPIDI_PG_Get_iterator
0x100065D10	0x00000130	[101] _MPIDI_PG_To_string
0x100065E40	0x00000220	[101] _MPIDI_PG_Create_from_string
0x100066060	0x00000050	[101] _MPIDI_PG_IdToNum
0x1000660B0	0x00000210	[101] _MPIDI_PG_SetConnInfo
0x1000662C0	0x00000150	[101] _MPIDI_PG_InitConnKVS
0x100066410	0x00000020	[101] _MPIDI_PG_GetConnKVSname
0x100066430	0x000000E0	[101] _MPIDI_PrintConnStr
0x100066510	0x000000F0	[101] _MPIDI_PrintConnStrToFile
0x100066600	0x00000040	[101] _MPIDI_PG_InitConnString
0x100066640	0x00000040	[101] _MPIDI_PG_GetConnString
0x100066680	0x00000340	[101] _MPIDI_PG_Dup_vcr
0x1000669C0	0x000004B0	[101] _MPIDI_PG_Close_VCs
0x100066E70	0x000000D0	[101] _MPIU_PG_Printall
0x100066F40	0x00000250	[101] _MPIDI_PG_Finalize
0x100067190	0x00000090	[101] _MPIDI_PG_CheckForSingleton
0x100067220	0x000000F0	[101] _getConnInfoKVS
0x100067310	0x000002C9	[101] _connToStringKVS
0x1000675E0	0x00000100	[102] _MPIDI_dbg_printf
0x1000676E0	0x00000100	[102] _MPIDI_err_printf
0x1000677E0	0x000000D0	[102] _MPIDI_VC_GetStateString
0x1000678B0	0x00000514	[102] _MPIDI_Pkt_GetDescString
0x100067DD0	0x0000012D	[103] _MPIDI_CH3_Finalize
0x100067F00	0x00000090	[104] _MPIDI_CH3_PortFnsInit
0x100067F90	0x00000120	[104] _MPIDI_CH3_Get_business_card
0x1000680B0	0x00000130	[104] _MPIDI_CH3_VC_Init
0x1000681E0	0x000001F0	[104] _MPIDI_CH3_Init
0x1000683D0	0x00000140	[104] _MPIDI_CH3_VC_Destroy
0x100068510	0x000002D0	[104] _MPIDI_CH3_Connect_to_root
0x1000687E0	0x00000010	[104] _MPIDI_CH3_VC_GetStateString
0x1000687F0	0x00000090	[104] _MPIDI_CH3_PG_Init
0x100068880	0x00000090	[104] _MPIDI_CH3_PG_Destroy
0x100068910	0x00000140	[104] _MPID_nem_register_initcomp_cb
0x100068A50	0x0000010D	[104] _MPIDI_CH3_InitCompleted
0x100068B60	0x00000010	[105] _MPIUI_Memcpy
0x100068B70	0x00000D8A	[105] _MPIDI_CH3_iSend
0x100069900	0x00000010	[106] _MPIUI_Memcpy
0x100069910	0x00001F68	[106] _MPIDI_CH3_iSendv
0x10006B880	0x00000010	[107] _MPIUI_Memcpy
0x10006B890	0x00000AF1	[107] _MPIDI_CH3_iStartMsg
0x10006C390	0x00000010	[108] _MPIUI_Memcpy
0x10006C3A0	0x00001CA5	[108] _MPIDI_CH3_iStartMsgv
0x10006E050	0x00000090	[109] _sigusr1_handler
0x10006E0E0	0x00000140	[109] _pkt_NETMOD_handler
0x10006E220	0x00000010	[109] _MPIUI_Memcpy
0x10006E230	0x00000390	[109] _MPIU_Thread_CS_yield_lockname_recursive_impl_.isra.3.constprop.5
0x10006E5C0	0x00000310	[109] _shm_connection_terminated
0x10006E8D0	0x00000290	[109] _check_terminating_vcs
0x10006EB60	0x00002B50	[109] _MPIDI_CH3I_Shm_send_progress
0x1000716B0	0x00000090	[109] _MPIDI_CH3I_Progress_wakeup
0x100071740	0x00000E40	[109] _MPID_nem_handle_pkt
0x100072580	0x00001410	[109] _MPIDI_CH3I_Progress
0x100073990	0x000002A0	[109] _MPIDI_CH3I_Progress_init
0x100073C30	0x000000E0	[109] _MPIDI_CH3I_Progress_finalize
0x100073D10	0x000003A0	[109] _MPIDI_CH3I_Complete_sendq_with_error
0x1000740B0	0x00000560	[109] _MPIDI_CH3_Connection_terminate
0x100074610	0x000000C0	[109] _MPIDI_CH3I_Register_anysource_notification
0x1000746D0	0x000001F0	[109] _MPIDI_CH3I_Posted_recv_enqueued
0x1000748C0	0x000002E5	[109] _MPIDI_CH3I_Posted_recv_dequeued
0x100074BB0	0x000001D0	[110] _MPIDI_CH3_SHM_Win_shared_query
0x100074D80	0x00000334	[110] _MPIDI_CH3_SHM_Win_free
0x1000750C0	0x00001840	[111] _MPIDI_CH3I_Win_allocate_shared
0x100076900	0x000000BF	[111] _MPIDI_CH3_Win_fns_init
0x1000769C0	0x00000140	[112] _nem_coll_finalize
0x100076B00	0x00000090	[112] _MPIDI_CH3I_comm_create
0x100076B90	0x00000090	[112] _MPIDI_CH3I_comm_destroy
0x100076C20	0x00000110	[112] _MPID_nem_barrier_vars_init
0x100076D30	0x00000152	[112] _MPID_nem_coll_init
0x100076E90	0x00000010	[113] _MPIUI_Memcpy
0x100076EA0	0x000010F0	[113] _MPIDI_CH3I_SendNoncontig
0x100077F90	0x00000060	[114] _MPIU_SHMW_Seg_remove.isra.9.part.10
0x100077FF0	0x000001E0	[114] _MPIDI_CH3I_Seg_alloc
0x1000781D0	0x000017A0	[114] _MPIDI_CH3I_Seg_commit
0x100079970	0x0000027F	[114] _MPIDI_CH3I_Seg_destroy
0x100079BF0	0x000000E0	[115] _MPID_nem_queue_init
0x100079CD0	0x00001030	[115] _MPID_nem_init
0x10007AD00	0x000006C0	[115] _MPID_nem_vc_init
0x10007B3C0	0x00000120	[115] _MPID_nem_vc_destroy
0x10007B4E0	0x00000030	[115] _MPID_nem_get_business_card
0x10007B510	0x00000010	[115] _MPID_nem_connect_to_root
0x10007B520	0x000000F0	[116] _MPID_nem_barrier_init
0x10007B610	0x0000018D	[116] _MPID_nem_barrier
0x10007B7A0	0x00000010	[117] _MPIUI_Memcpy
0x10007B7B0	0x000002D0	[117] _MPID_nem_mpich2_init
0x10007BA80	0x00000472	[117] _MPID_nem_send_iov
0x10007BF00	0x0000022D	[118] _MPID_nem_finalize
0x10007C130	0x00000010	[119] _MPID_nem_network_poll
0x10007C140	0x000001ED	[120] _MPID_nem_choose_netmod
0x10007C330	0x00000210	[121] _MPID_nem_dbg_dump_cell
0x10007C540	0x00000210	[121] _MPID_nem_dbg_print_vc_sendq
0x10007C750	0x00000160	[121] _MPID_nem_dbg_print_all_sendq
0x10007C8B0	0x00000220	[122] _pkt_DONE_handler
0x10007CAD0	0x000002F0	[122] _do_cts
0x10007CDC0	0x00000160	[122] _do_cookie
0x10007CF20	0x00000160	[122] _do_send
0x10007D080	0x000005C0	[122] _pkt_COOKIE_handler
0x10007D640	0x000006F0	[122] _pkt_CTS_handler
0x10007DD30	0x00000010	[122] _MPIUI_Memcpy
0x10007DD40	0x00000890	[122] _pkt_RTS_handler
0x10007E5D0	0x00000150	[122] _MPID_nem_lmt_pkthandler_init
0x10007E720	0x000003B0	[122] _MPID_nem_lmt_RndvSend
0x10007EAD0	0x000001F3	[122] _MPID_nem_lmt_RndvRecv
0x10007ECD0	0x00000550	[123] _get_next_req
0x10007F220	0x00000560	[123] _lmt_shm_send_progress
0x10007F780	0x00000010	[123] _MPIUI_Memcpy
0x10007F790	0x00000A00	[123] _lmt_shm_recv_progress
0x100080190	0x000003D0	[123] _MPID_nem_attach_shm_region
0x100080560	0x00000550	[123] _MPID_nem_lmt_shm_initiate_lmt
0x100080AB0	0x00000D30	[123] _MPID_nem_lmt_shm_start_recv
0x1000817E0	0x000013B0	[123] _MPID_nem_lmt_shm_start_send
0x100082B90	0x000000A0	[123] _MPID_nem_lmt_shm_handle_cookie
0x100082C30	0x00000090	[123] _MPID_nem_lmt_shm_done_send
0x100082CC0	0x00000090	[123] _MPID_nem_lmt_shm_done_recv
0x100082D50	0x00000400	[123] _MPID_nem_lmt_shm_progress
0x100083150	0x000003EF	[123] _MPID_nem_lmt_shm_vc_terminated
0x100083540	0x000001BD	[125] _MPID_nem_tcp_finalize
0x100083700	0x00000010	[126] _MPID_nem_tcp_vc_destroy
0x100083710	0x00000010	[126] _MPIUI_Memcpy
0x100083720	0x00000800	[126] _MPID_nem_tcp_get_business_card
0x100083F20	0x00000190	[126] _MPID_nem_tcp_vc_init
0x1000840B0	0x000002B0	[126] _MPID_nem_tcp_get_addr_port_from_bc
0x100084360	0x00000190	[126] _MPID_nem_tcp_connect_to_root
0x1000844F0	0x000002B0	[126] _MPID_nem_tcp_bind
0x1000847A0	0x00000500	[126] _MPID_nem_tcp_init
0x100084CA0	0x000001C0	[126] _MPID_nem_tcp_vc_terminated
0x100084E60	0x0000018F	[126] _MPID_nem_tcp_vc_terminate
0x100084FF0	0x000000E0	[127] _MPID_nem_tcp_send_init
0x1000850D0	0x00000A20	[127] _MPID_nem_tcp_send_queued
0x100085AF0	0x00000050	[127] _MPID_nem_tcp_send_finalize
0x100085B40	0x000001E0	[127] _MPID_nem_tcp_conn_est
0x100085D20	0x00000C70	[127] _MPID_nem_tcp_iStartContigMsg
0x100086990	0x00000AE0	[127] _MPID_nem_tcp_iStartContigMsg_paused
0x100087470	0x00000E20	[127] _MPID_nem_tcp_iSendContig
0x100088290	0x00000F40	[127] _MPID_nem_tcp_SendNoncontig
0x1000891D0	0x0000065F	[127] _MPID_nem_tcp_error_out_send_queue
0x100089830	0x00000030	[128] _MPID_nem_tcp_get_conninfo
0x100089860	0x000002D0	[128] _MPID_nem_tcp_get_vc_from_conninfo
0x100089B30	0x00000420	[128] _MPID_nem_tcp_set_sockopts
0x100089F50	0x00000160	[128] _MPID_nem_tcp_check_sock_status
0x10008A0B0	0x00000110	[128] _MPID_nem_tcp_is_sock_connected
0x10008A1C0	0x0000008E	[128] _MPID_nem_tcp_vc_dbg_print_sendq
0x10008A250	0x00000160	[129] _error_closed
0x10008A3B0	0x000004A0	[129] _cleanup_and_free_sc_plfd
0x10008A850	0x00000010	[129] _MPIUI_Memcpy
0x10008A860	0x00000BD0	[129] _find_free_entry
0x10008B430	0x00000260	[129] _recv_cmd_pkt
0x10008B690	0x00000200	[129] _close_cleanup_and_free_sc_plfd
0x10008B890	0x00000230	[129] _state_tc_c_cnting_handler
0x10008BAC0	0x00000460	[129] _state_c_tmpvcsent_handler
0x10008BF20	0x00000460	[129] _state_c_ranksent_handler
0x10008C380	0x000001B0	[129] _send_cmd_pkt
0x10008C530	0x00000340	[129] _state_l_tmpvcrcvd_handler
0x10008C870	0x00000570	[129] _found_better_sc
0x10008CDE0	0x00000690	[129] _state_l_rankrcvd_handler
0x10008D470	0x00000DD0	[129] _state_l_cntd_handler
0x10008E240	0x00000A60	[129] _state_tc_c_cntd_handler
0x10008ECA0	0x00000630	[129] _alloc_sc_plfd_tbls
0x10008F2D0	0x00000130	[129] _dbg_print_sc_tbl
0x10008F400	0x00000B30	[129] _MPID_nem_tcp_connect
0x10008FF30	0x00000270	[129] _MPID_nem_tcp_cleanup
0x1000901A0	0x00000160	[129] _MPID_nem_tcp_ckpt_cleanup
0x100090300	0x00000180	[129] _MPID_nem_tcp_sm_init
0x100090480	0x000000B0	[129] _MPID_nem_tcp_sm_finalize
0x100090530	0x00000550	[129] _MPID_nem_tcp_state_listening_handler
0x100090A80	0x00000100	[129] _MPID_nem_tcp_cleanup_on_error
0x100090B80	0x00000400	[129] _MPID_nem_tcp_connpoll
0x100090F80	0x000009F0	[129] _MPID_nem_tcp_recv_handler
0x100091970	0x0000020C	[129] _state_commrdy_handler
0x100091B80	0x00000010	[130] _MPIUI_Memcpy.constprop.0
0x100091B90	0x00000450	[130] _MPIDI_GetIPInterface
0x100091FE0	0x00000295	[130] _MPIDI_Get_IP_for_iface
0x100092280	0x00000470	[131] _MPIOI_Type_cyclic
0x1000926F0	0x00000330	[131] _MPIOI_Type_block
0x100092A20	0x00000816	[131] _MPID_Type_convert_darray
0x100093240	0x00000010	[132] _MPIUI_Memcpy
0x100093250	0x00000040	[132] _MPID_Dataloop_free
0x100093290	0x00000300	[132] _MPID_Dataloop_update
0x100093590	0x00000110	[132] _MPID_Dataloop_copy
0x1000936A0	0x00000340	[132] _MPID_Dataloop_alloc_and_copy
0x1000939E0	0x00000010	[132] _MPID_Dataloop_alloc
0x1000939F0	0x00000110	[132] _MPID_Dataloop_struct_alloc
0x100093B00	0x000000C0	[132] _MPID_Dataloop_dup
0x100093BC0	0x00000180	[132] _MPID_Dataloop_stream_size
0x100093D40	0x00000293	[132] _MPID_Dataloop_print
0x100093FE0	0x00000EE5	[133] _MPID_Dataloop_create
0x100094ED0	0x00000090	[134] _MPID_Type_blockindexed_count_contig
0x100094F60	0x000007B7	[134] _MPID_Dataloop_create_blockindexed
0x100095720	0x00000712	[135] _MPID_Dataloop_create_contiguous
0x100095E40	0x00000150	[136] _MPID_Type_indexed_count_contig
0x100095F90	0x00000A70	[136] _MPID_Dataloop_create_indexed
0x100096A00	0x000001E4	[137] _MPID_Dataloop_create_pairtype
0x100096BF0	0x00000DAD	[138] _MPID_Dataloop_create_struct
0x1000979A0	0x0000063E	[139] _MPID_Dataloop_create_vector
0x100097FE0	0x00000990	[140] _MPID_Segment_init
0x100098970	0x00000020	[140] _MPID_Segment_alloc
0x100098990	0x00000020	[140] _MPID_Segment_free
0x1000989B0	0x00000DBB	[140] _MPID_Segment_manipulate
0x100099770	0x00000150	[141] _DLOOP_Leaf_index_count_block
0x1000998C0	0x00000170	[141] _DLOOP_Leaf_blkidx_count_block
0x100099A30	0x00000140	[141] _DLOOP_Leaf_vector_count_block
0x100099B70	0x00000100	[141] _DLOOP_Leaf_contig_count_block
0x100099C70	0x0000005D	[141] _MPID_Segment_count_contig_blocks
0x100099CD0	0x00000210	[142] _DLOOP_Leaf_index_mpi_flatten
0x100099EE0	0x00000230	[142] _DLOOP_Leaf_blkidx_mpi_flatten
0x10009A110	0x000001E0	[142] _DLOOP_Leaf_vector_mpi_flatten
0x10009A2F0	0x00000140	[142] _DLOOP_Leaf_contig_mpi_flatten
0x10009A430	0x000000D4	[142] _MPID_Segment_mpi_flatten
0x10009A510	0x00000010	[143] _MPIUI_Memcpy
0x10009A520	0x00000BA0	[143] _MPID_Segment_index_m2m
0x10009B0C0	0x00000B40	[143] _MPID_Segment_blkidx_m2m
0x10009BC00	0x00004F10	[143] _MPID_Segment_vector_m2m
0x1000A0B10	0x000002D0	[143] _MPID_Segment_contig_m2m
0x1000A0DE0	0x00000060	[143] _MPID_Segment_pack
0x1000A0E40	0x00000056	[143] _MPID_Segment_unpack
0x1000A0EA0	0x00000550	[144] _MPID_Type_convert_subarray
0x1000A13F0	0x00000180	[145] _MPID_Type_access_contents
0x1000A1570	0x00000002	[145] _MPID_Type_release_contents
0x1000A1580	0x00000010	[146] _MPIUI_Memcpy
0x1000A1590	0x000005A0	[146] _MPID_Datatype_set_contents
0x1000A1B30	0x00000200	[146] _MPID_Datatype_free_contents
0x1000A1D30	0x00000130	[146] _MPIDI_Datatype_get_contents_ints
0x1000A1E60	0x00000140	[146] _MPIDI_Datatype_get_contents_aints
0x1000A1FA0	0x0000010E	[146] _MPIDI_Datatype_get_contents_types
0x1000A20B0	0x00000099	[147] _MPID_Datatype_free
0x1000A2150	0x000001B0	[148] _MPID_Segment_contig_flatten
0x1000A2300	0x00000250	[148] _MPID_Segment_vector_flatten
0x1000A2550	0x000002F0	[148] _MPID_Segment_vector_pack_to_iov
0x1000A2840	0x00000280	[148] _MPID_Segment_contig_pack_to_iov
0x1000A2AC0	0x00000160	[148] _MPID_Segment_pack_vector
0x1000A2C20	0x00000120	[148] _MPID_Segment_unpack_vector
0x1000A2D40	0x00000184	[148] _MPID_Segment_flatten
0x1000A2ED0	0x0000049C	[149] _MPID_Type_blockindexed
0x1000A3370	0x0000010F	[150] _MPID_Type_commit
0x1000A3480	0x000003C3	[151] _MPID_Type_contiguous
0x1000A3850	0x00000386	[152] _MPID_Type_create_pairtype
0x1000A3BE0	0x000008D0	[153] _MPIDI_Dataloop_dot_printf
0x1000A44B0	0x00000100	[153] _MPIDI_Datatype_dot_printf
0x1000A45B0	0x00000290	[153] _MPIDU_Datatype_builtin_to_string
0x1000A4840	0x00000120	[153] _MPIDU_Datatype_combiner_to_string
0x1000A4960	0x000003A0	[153] _MPIDI_Datatype_printf
0x1000A4D00	0x00001070	[153] _MPIDI_Datatype_contents_printf
0x1000A5D70	0x00000374	[153] _MPIDU_Datatype_debug
0x1000A60F0	0x0000010A	[154] _MPID_Type_get_envelope
0x1000A6200	0x000005BD	[155] _MPID_Type_indexed
0x1000A67C0	0x00000966	[156] _MPID_Type_struct
0x1000A7130	0x00000503	[157] _MPID_Type_vector
0x1000A7640	0x000001D1	[158] _MPID_Type_zerolen
0x1000A7820	0x00000950	[159] _MPIDU_Sched_start_entry.isra.0
0x1000A8170	0x00000130	[159] _MPIDU_Sched_continue
0x1000A82A0	0x00000110	[159] _MPIDU_Sched_add_entry.constprop.2
0x1000A83B0	0x00000C30	[159] _MPIDU_Sched_progress_state.constprop.1
0x1000A8FE0	0x00000010	[159] _MPIDU_Sched_are_pending
0x1000A8FF0	0x000000F0	[159] _MPID_Sched_next_tag
0x1000A90E0	0x00000160	[159] _MPID_Sched_create
0x1000A9240	0x00000050	[159] _MPID_Sched_clone
0x1000A9290	0x000005D0	[159] _MPID_Sched_start
0x1000A9860	0x00000320	[159] _MPID_Sched_send
0x1000A9B80	0x00000320	[159] _MPID_Sched_ssend
0x1000A9EA0	0x00000320	[159] _MPID_Sched_send_defer
0x1000AA1C0	0x00000360	[159] _MPID_Sched_recv_status
0x1000AA520	0x00000310	[159] _MPID_Sched_recv
0x1000AA830	0x00000380	[159] _MPID_Sched_reduce
0x1000AABB0	0x00000560	[159] _MPID_Sched_copy
0x1000AB110	0x00000020	[159] _MPID_Sched_barrier
0x1000AB130	0x000000A0	[159] _MPID_Sched_cb
0x1000AB1D0	0x000000B0	[159] _MPID_Sched_cb2
0x1000AB280	0x00000010	[159] _MPIDU_Sched_progress
0x1000AB290	0x000000A0	[159] _entry_to_str
0x1000AB330	0x00000010	[159] _MPIDU_Sched_dump_fh
0x1000AB340	0x00000002	[159] _MPIDU_Sched_dump
0x1000AB350	0x000002C0	[160] _MPIR_T_pvar_add
0x1000AB610	0x00000050	[160] _MPIR_T_get_num_pvars
0x1000AB660	0x000000C0	[160] _MPIR_T_get_pvar_info_by_idx
0x1000AB720	0x00000170	[160] _MPIR_T_finalize_pvars
0x1000AB890	0x000000B6	[160] _MPIU_Tool_strncpy
0x1000AB950	0x00000020	[161] _PMIU_Set_rank
0x1000AB970	0x00000020	[161] _PMIU_SetServer
0x1000AB990	0x00000190	[161] _PMIU_printf
0x1000ABB20	0x00000130	[161] _PMIU_readline
0x1000ABC50	0x00000130	[161] _PMIU_writeline
0x1000ABD80	0x00000210	[161] _PMIU_parse_keyvals
0x1000ABF90	0x00000060	[161] _PMIU_dump_keyvals
0x1000ABFF0	0x000000B0	[161] _PMIU_getval
0x1000AC0A0	0x000000A5	[161] _PMIU_chgval
0x1000AC150	0x000001C0	[162] _GetResponse.part.0
0x1000AC310	0x00000070	[162] _GetResponse
0x1000AC380	0x00000060	[162] _accept_one_connection
0x1000AC3E0	0x00000490	[162] _PMII_singinit
0x1000AC870	0x00000020	[162] _PMI_Initialized
0x1000AC890	0x00000030	[162] _PMI_Get_size
0x1000AC8C0	0x00000030	[162] _PMI_Get_rank
0x1000AC8F0	0x000000A0	[162] _PMI_Get_appnum
0x1000AC990	0x00000030	[162] _PMI_Barrier
0x1000AC9C0	0x00000050	[162] _PMI_Finalize
0x1000ACA10	0x00000030	[162] _PMI_Abort
0x1000ACA40	0x000002B0	[162] _PMII_getmaxes.constprop.3
0x1000ACCF0	0x000008E0	[162] _PMI_Init
0x1000AD5D0	0x000000A0	[162] _PMI_KVS_Get_my_name
0x1000AD670	0x00000020	[162] _PMI_KVS_Get_name_length_max
0x1000AD690	0x00000020	[162] _PMI_KVS_Get_key_length_max
0x1000AD6B0	0x00000020	[162] _PMI_KVS_Get_value_length_max
0x1000AD6D0	0x000000B0	[162] _PMI_KVS_Put
0x1000AD780	0x00000090	[162] _PMIi_InitIfSingleton
0x1000AD810	0x000000B0	[162] _PMI_Get_universe_size
0x1000AD8C0	0x00000010	[162] _PMI_KVS_Commit
0x1000AD8D0	0x000000F0	[162] _PMI_KVS_Get
0x1000AD9C0	0x000000D0	[162] _PMI_Publish_name
0x1000ADA90	0x000000B0	[162] _PMI_Unpublish_name
0x1000ADB40	0x000000E0	[162] _PMI_Lookup_name
0x1000ADC20	0x00000644	[162] _PMI_Spawn_multiple
0x1000AE270	0x00000210	[163] _MPIU_Thread_CS_exit_lockname_recursive_impl_.constprop.0
0x1000AE480	0x00000270	[163] _MPIU_Thread_CS_enter_lockname_recursive_impl_.constprop.1
0x1000AE6F0	0x000001C0	[163] _MPIR_Comm_create_keyval_impl
0x1000AE8B0	0x0000026D	[163] _PMPI_Comm_create_keyval
0x1000AEB20	0x00000210	[164] _MPIU_Thread_CS_exit_lockname_recursive_impl_.constprop.0
0x1000AED30	0x00000270	[164] _MPIU_Thread_CS_enter_lockname_recursive_impl_.constprop.1
0x1000AEFA0	0x00000160	[164] _MPIR_Comm_free_keyval_impl
0x1000AF100	0x000003AA	[164] _PMPI_Comm_free_keyval
0x1000AF4B0	0x00000210	[165] _MPIU_Thread_CS_exit_lockname_recursive_impl_.constprop.0
0x1000AF6C0	0x00000270	[165] _MPIU_Thread_CS_enter_lockname_recursive_impl_.constprop.1
0x1000AF930	0x00000650	[165] _MPIR_CommGetAttr
0x1000AFF80	0x00000130	[165] _MPIR_CommGetAttr_fort
0x1000B00B0	0x0000021D	[165] _PMPI_Comm_get_attr
0x1000B02D0	0x00000210	[166] _MPIU_Thread_CS_exit_lockname_recursive_impl_.constprop.0
0x1000B04E0	0x00000270	[166] _MPIU_Thread_CS_enter_lockname_recursive_impl_.constprop.1
0x1000B0750	0x00000250	[166] _MPIR_Comm_set_attr_impl
0x1000B09A0	0x00000560	[166] _MPIR_CommSetAttr
0x1000B0F00	0x00000546	[166] _PMPI_Comm_set_attr
0x1000B1450	0x00000210	[167] _MPIU_Thread_CS_exit_lockname_recursive_impl_.constprop.0
0x1000B1660	0x00000270	[167] _MPIU_Thread_CS_enter_lockname_recursive_impl_.constprop.1
0x1000B18D0	0x000010D0	[167] _MPIR_Allreduce_intra
0x1000B29A0	0x00000350	[167] _MPIR_Allreduce_inter
0x1000B2CF0	0x00000090	[167] _MPIR_Allreduce
0x1000B2D80	0x000000E0	[167] _MPIR_Allreduce_impl
0x1000B2E60	0x000009B6	[167] _PMPI_Allreduce
0x1000B3820	0x00000210	[168] _MPIU_Thread_CS_exit_lockname_recursive_impl_.constprop.0
0x1000B3A30	0x00000270	[168] _MPIU_Thread_CS_enter_lockname_recursive_impl_.constprop.1
0x1000B3CA0	0x00000160	[168] _MPIR_Barrier_intra
0x1000B3E00	0x000000A0	[168] _MPIR_Barrier_or_coll_fn
0x1000B3EA0	0x00000350	[168] _MPIR_Barrier_inter
0x1000B41F0	0x00000080	[168] _MPIR_Barrier
0x1000B4270	0x00000110	[168] _MPIR_Barrier_impl
0x1000B4380	0x000003B3	[168] _PMPI_Barrier
0x1000B4740	0x00000210	[169] _MPIU_Thread_CS_exit_lockname_recursive_impl_.constprop.0
0x1000B4950	0x00000270	[169] _MPIU_Thread_CS_enter_lockname_recursive_impl_.constprop.1
0x1000B4BC0	0x00000080	[169] _MPIR_Op_set_cxx
0x1000B4C40	0x00000320	[169] _PMPI_Op_create
0x1000B4F60	0x00000320	[170] _scatter_for_bcast.isra.0
0x1000B5280	0x00000210	[170] _MPIU_Thread_CS_exit_lockname_recursive_impl_.constprop.2
0x1000B5490	0x00000270	[170] _MPIU_Thread_CS_enter_lockname_recursive_impl_.constprop.3
0x1000B5700	0x00001B20	[170] _MPIR_Bcast_intra
0x1000B7220	0x00000320	[170] _MPIR_Bcast_inter
0x1000B7540	0x000000D0	[170] _MPIR_Bcast_impl
0x1000B7610	0x00000080	[170] _MPIR_Bcast
0x1000B7690	0x0000074B	[170] _PMPI_Bcast
0x1000B7DE0	0x00000210	[171] _MPIU_Thread_CS_exit_lockname_recursive_impl_.constprop.2
0x1000B7FF0	0x00000270	[171] _MPIU_Thread_CS_enter_lockname_recursive_impl_.constprop.3
0x1000B8260	0x00001AA0	[171] _MPIR_Reduce_intra
0x1000B9D00	0x000004D0	[171] _MPIR_Reduce_inter
0x1000BA1D0	0x00000090	[171] _MPIR_Reduce
0x1000BA260	0x000000F0	[171] _MPIR_Reduce_impl
0x1000BA350	0x00000F19	[171] _PMPI_Reduce
0x1000BB270	0x00000210	[172] _MPIU_Thread_CS_exit_lockname_recursive_impl_.constprop.0
0x1000BB480	0x00000270	[172] _MPIU_Thread_CS_enter_lockname_recursive_impl_.constprop.1
0x1000BB6F0	0x00000B30	[172] _MPIR_Scatter_intra
0x1000BC220	0x000000D0	[172] _MPIR_Scatter_impl
0x1000BC2F0	0x000007E0	[172] _MPIR_Scatter_inter
0x1000BCAD0	0x000000A0	[172] _MPIR_Scatter
0x1000BCB70	0x00001039	[172] _PMPI_Scatter
0x1000BDBB0	0x00000210	[173] _MPIU_Thread_CS_exit_lockname_recursive_impl_.constprop.0
0x1000BDDC0	0x00000270	[173] _MPIU_Thread_CS_enter_lockname_recursive_impl_.constprop.1
0x1000BE030	0x00000E00	[173] _MPIR_Gather_intra
0x1000BEE30	0x000000D0	[173] _MPIR_Gather_impl
0x1000BEF00	0x000007F0	[173] _MPIR_Gather_inter
0x1000BF6F0	0x000000A0	[173] _MPIR_Gather
0x1000BF790	0x00001020	[173] _PMPI_Gather
0x1000C07B0	0x00000210	[174] _MPIU_Thread_CS_exit_lockname_recursive_impl_.constprop.0
0x1000C09C0	0x00000270	[174] _MPIU_Thread_CS_enter_lockname_recursive_impl_.constprop.1
0x1000C0C30	0x00000DC0	[174] _MPIR_Allgather_intra
0x1000C19F0	0x000005C0	[174] _MPIR_Allgather_inter
0x1000C1FB0	0x00000090	[174] _MPIR_Allgather
0x1000C2040	0x000000B0	[174] _MPIR_Allgather_impl
0x1000C20F0	0x00000A70	[174] _PMPI_Allgather
0x1000C2B60	0x00000210	[175] _MPIU_Thread_CS_exit_lockname_recursive_impl_.constprop.0
0x1000C2D70	0x00000270	[175] _MPIU_Thread_CS_enter_lockname_recursive_impl_.constprop.1
0x1000C2FE0	0x00000140	[175] _MPIR_Reduce_local_impl
0x1000C3120	0x000003BF	[175] _PMPI_Reduce_local
0x1000C34E0	0x00000210	[176] _MPIU_Thread_CS_exit_lockname_recursive_impl_.constprop.1
0x1000C36F0	0x00000270	[176] _MPIU_Thread_CS_enter_lockname_recursive_impl_.constprop.2
0x1000C3960	0x000025F0	[176] _MPIR_Reduce_scatter_block_intra
0x1000C5F50	0x000004E0	[176] _MPIR_Reduce_scatter_block_inter
0x1000C6430	0x00000090	[176] _MPIR_Reduce_scatter_block
0x1000C64C0	0x000000F0	[176] _MPIR_Reduce_scatter_block_impl
0x1000C65B0	0x00000947	[176] _PMPI_Reduce_scatter_block
0x1000C6F00	0x00000130	[177] _dtp_release_ref
0x1000C7030	0x00000020	[177] _get_count
0x1000C7050	0x00000210	[177] _MPIU_Thread_CS_exit_lockname_recursive_impl_.constprop.0
0x1000C7260	0x00000270	[177] _MPIU_Thread_CS_enter_lockname_recursive_impl_.constprop.1
0x1000C74D0	0x00000830	[177] _MPIR_Iallgather_rec_dbl
0x1000C7D00	0x00000690	[177] _MPIR_Iallgather_bruck
0x1000C8390	0x000002E0	[177] _MPIR_Iallgather_ring
0x1000C8670	0x00000230	[177] _MPIR_Iallgather_intra
0x1000C88A0	0x00000620	[177] _MPIR_Iallgather_inter
0x1000C8EC0	0x00000230	[177] _MPIR_Iallgather_impl
0x1000C90F0	0x00000891	[177] _PMPIX_Iallgather
0x1000C9990	0x00000210	[178] _MPIU_Thread_CS_exit_lockname_recursive_impl_.constprop.0
0x1000C9BA0	0x00000270	[178] _MPIU_Thread_CS_enter_lockname_recursive_impl_.constprop.1
0x1000C9E10	0x000009A0	[178] _MPIR_Iallgatherv_rec_dbl
0x1000CA7B0	0x000007D0	[178] _MPIR_Iallgatherv_bruck
0x1000CAF80	0x000004B0	[178] _MPIR_Iallgatherv_ring
0x1000CB430	0x00000230	[178] _MPIR_Iallgatherv_intra
0x1000CB660	0x00000470	[178] _MPIR_Iallgatherv_inter
0x1000CBAD0	0x00000250	[178] _MPIR_Iallgatherv_impl
0x1000CBD20	0x000008EA	[178] _PMPIX_Iallgatherv
0x1000CC610	0x00000210	[179] _MPIU_Thread_CS_exit_lockname_recursive_impl_.constprop.0
0x1000CC820	0x00000270	[179] _MPIU_Thread_CS_enter_lockname_recursive_impl_.constprop.1
0x1000CCA90	0x00000180	[179] _MPIR_Iallreduce_naive
0x1000CCC10	0x00000FB0	[179] _MPIR_Iallreduce_redscat_allgather
0x1000CDBC0	0x000008C0	[179] _MPIR_Iallreduce_rec_dbl
0x1000CE480	0x00000230	[179] _MPIR_Iallreduce_intra
0x1000CE6B0	0x00000310	[179] _MPIR_Iallreduce_inter
0x1000CE9C0	0x00000540	[179] _MPIR_Iallreduce_SMP
0x1000CEF00	0x00000210	[179] _MPIR_Iallreduce_impl
0x1000CF110	0x00000925	[179] _PMPIX_Iallreduce
0x1000CFA40	0x00000210	[180] _MPIU_Thread_CS_exit_lockname_recursive_impl_.constprop.0
0x1000CFC50	0x00000270	[180] _MPIU_Thread_CS_enter_lockname_recursive_impl_.constprop.1
0x1000CFEC0	0x000004B0	[180] _MPIR_Ialltoall_inplace
0x1000D0370	0x00000AD0	[180] _MPIR_Ialltoall_bruck
0x1000D0E40	0x00000350	[180] _MPIR_Ialltoall_perm_sr
0x1000D1190	0x00000380	[180] _MPIR_Ialltoall_pairwise
0x1000D1510	0x00000240	[180] _MPIR_Ialltoall_intra
0x1000D1750	0x000002E0	[180] _MPIR_Ialltoall_inter
0x1000D1A30	0x00000230	[180] _MPIR_Ialltoall_impl
0x1000D1C60	0x00000860	[180] _PMPIX_Ialltoall
0x1000D24C0	0x00000210	[181] _MPIU_Thread_CS_exit_lockname_recursive_impl_.constprop.0
0x1000D26D0	0x00000270	[181] _MPIU_Thread_CS_enter_lockname_recursive_impl_.constprop.1
0x1000D2940	0x000008D0	[181] _MPIR_Ialltoallv_intra
0x1000D3210	0x00000490	[181] _MPIR_Ialltoallv_inter
0x1000D36A0	0x00000260	[181] _MPIR_Ialltoallv_impl
0x1000D3900	0x00000991	[181] _PMPIX_Ialltoallv
0x1000D42A0	0x00000210	[182] _MPIU_Thread_CS_exit_lockname_recursive_impl_.constprop.0
0x1000D44B0	0x00000270	[182] _MPIU_Thread_CS_enter_lockname_recursive_impl_.constprop.1
0x1000D4720	0x00000800	[182] _MPIR_Ialltoallw_intra
0x1000D4F20	0x00000230	[182] _MPIR_Ialltoallw_inter
0x1000D5150	0x00000260	[182] _MPIR_Ialltoallw_impl
0x1000D53B0	0x000006DA	[182] _PMPIX_Ialltoallw
0x1000D5A90	0x00000210	[183] _MPIU_Thread_CS_exit_lockname_recursive_impl_.constprop.0
0x1000D5CA0	0x00000270	[183] _MPIU_Thread_CS_enter_lockname_recursive_impl_.constprop.1
0x1000D5F10	0x00000170	[183] _MPIR_Ibarrier_intra
0x1000D6080	0x00000460	[183] _MPIR_Ibarrier_inter
0x1000D64E0	0x000001A0	[183] _MPIR_Ibarrier_impl
0x1000D6680	0x00000425	[183] _PMPIX_Ibarrier
0x1000D6AB0	0x00000210	[184] _MPIU_Thread_CS_exit_lockname_recursive_impl_.constprop.0
0x1000D6CC0	0x00000270	[184] _MPIU_Thread_CS_enter_lockname_recursive_impl_.constprop.1
0x1000D6F30	0x00000630	[184] _MPIR_Ibcast_binomial
0x1000D7560	0x00000230	[184] _MPIR_Iscatter_for_bcast
0x1000D7790	0x00000860	[184] _MPIR_Ibcast_scatter_rec_dbl_allgather
0x1000D7FF0	0x00000610	[184] _MPIR_Ibcast_scatter_ring_allgather
0x1000D8600	0x000003A0	[184] _MPIR_Ibcast_SMP
0x1000D89A0	0x00000220	[184] _MPIR_Ibcast_intra
0x1000D8BC0	0x00000230	[184] _MPIR_Ibcast_inter
0x1000D8DF0	0x00000200	[184] _MPIR_Ibcast_impl
0x1000D8FF0	0x0000062A	[184] _PMPIX_Ibcast
0x1000D9620	0x00000210	[185] _MPIU_Thread_CS_exit_lockname_recursive_impl_.constprop.0
0x1000D9830	0x00000270	[185] _MPIU_Thread_CS_enter_lockname_recursive_impl_.constprop.1
0x1000D9AA0	0x00000820	[185] _MPIR_Iexscan
0x1000DA2C0	0x00000210	[185] _MPIR_Iexscan_impl
0x1000DA4D0	0x000007F3	[185] _PMPIX_Iexscan
0x1000DACD0	0x00000210	[186] _MPIU_Thread_CS_exit_lockname_recursive_impl_.constprop.0
0x1000DAEE0	0x00000270	[186] _MPIU_Thread_CS_enter_lockname_recursive_impl_.constprop.1
0x1000DB150	0x00000DD0	[186] _MPIR_Igather_binomial
0x1000DBF20	0x00000070	[186] _MPIR_Igather_intra
0x1000DBF90	0x00000740	[186] _MPIR_Igather_inter
0x1000DC6D0	0x00000250	[186] _MPIR_Igather_impl
0x1000DC920	0x00001055	[186] _PMPIX_Igather
0x1000DD980	0x00000210	[187] _MPIU_Thread_CS_exit_lockname_recursive_impl_.constprop.0
0x1000DDB90	0x00000270	[187] _MPIU_Thread_CS_enter_lockname_recursive_impl_.constprop.1
0x1000DDE00	0x00000310	[187] _MPIR_Igatherv
0x1000DE110	0x00000250	[187] _MPIR_Igatherv_impl
0x1000DE360	0x00001314	[187] _PMPIX_Igatherv
0x1000DF680	0x00000210	[188] _MPIU_Thread_CS_exit_lockname_recursive_impl_.constprop.0
0x1000DF890	0x00000270	[188] _MPIU_Thread_CS_enter_lockname_recursive_impl_.constprop.1
0x1000DFB00	0x00000F20	[188] _MPIR_Ireduce_scatter_rec_hlv
0x1000E0A20	0x00000A20	[188] _MPIR_Ireduce_scatter_pairwise
0x1000E1440	0x00000F70	[188] _MPIR_Ireduce_scatter_rec_dbl
0x1000E23B0	0x00000B10	[188] _MPIR_Ireduce_scatter_intra
0x1000E2EC0	0x00000640	[188] _MPIR_Ireduce_scatter_inter
0x1000E3500	0x00000210	[188] _MPIR_Ireduce_scatter_impl
0x1000E3710	0x000007FB	[188] _PMPIX_Ireduce_scatter
0x1000E3F10	0x00000210	[189] _MPIU_Thread_CS_exit_lockname_recursive_impl_.constprop.0
0x1000E4120	0x00000270	[189] _MPIU_Thread_CS_enter_lockname_recursive_impl_.constprop.1
0x1000E4390	0x00000EC0	[189] _MPIR_Ireduce_scatter_block_rec_hlv
0x1000E5250	0x000009F0	[189] _MPIR_Ireduce_scatter_block_pairwise
0x1000E5C40	0x00000E40	[189] _MPIR_Ireduce_scatter_block_rec_dbl
0x1000E6A80	0x00000710	[189] _MPIR_Ireduce_scatter_block_noncomm
0x1000E7190	0x00000320	[189] _MPIR_Ireduce_scatter_block_intra
0x1000E74B0	0x00000570	[189] _MPIR_Ireduce_scatter_block_inter
0x1000E7A20	0x00000210	[189] _MPIR_Ireduce_scatter_block_impl
0x1000E7C30	0x000007BF	[189] _PMPIX_Ireduce_scatter_block
0x1000E83F0	0x00000210	[190] _MPIU_Thread_CS_exit_lockname_recursive_impl_.constprop.0
0x1000E8600	0x00000270	[190] _MPIU_Thread_CS_enter_lockname_recursive_impl_.constprop.1
0x1000E8870	0x000008F0	[190] _MPIR_Ireduce_binomial
0x1000E9160	0x00001210	[190] _MPIR_Ireduce_redscat_gather
0x1000EA370	0x00000240	[190] _MPIR_Ireduce_intra
0x1000EA5B0	0x00000800	[190] _MPIR_Ireduce_SMP
0x1000EADB0	0x00000530	[190] _MPIR_Ireduce_inter
0x1000EB2E0	0x00000230	[190] _MPIR_Ireduce_impl
0x1000EB510	0x000007FF	[190] _PMPIX_Ireduce
0x1000EBD10	0x00000210	[191] _MPIU_Thread_CS_exit_lockname_recursive_impl_.constprop.0
0x1000EBF20	0x00000270	[191] _MPIU_Thread_CS_enter_lockname_recursive_impl_.constprop.1
0x1000EC190	0x00000800	[191] _MPIR_Iscan_rec_dbl
0x1000EC990	0x00000A70	[191] _MPIR_Iscan_SMP
0x1000ED400	0x00000210	[191] _MPIR_Iscan_impl
0x1000ED610	0x00000800	[191] _PMPIX_Iscan
0x1000EDE10	0x00000010	[192] _calc_send_count_root
0x1000EDE20	0x00000010	[192] _calc_send_count_non_root
0x1000EDE30	0x00000010	[192] _calc_curr_count
0x1000EDE40	0x00000020	[192] _get_count
0x1000EDE60	0x00000210	[192] _MPIU_Thread_CS_exit_lockname_recursive_impl_.constprop.0
0x1000EE070	0x00000270	[192] _MPIU_Thread_CS_enter_lockname_recursive_impl_.constprop.1
0x1000EE2E0	0x00000E30	[192] _MPIR_Iscatter_intra
0x1000EF110	0x00000860	[192] _MPIR_Iscatter_inter
0x1000EF970	0x00000250	[192] _MPIR_Iscatter_impl
0x1000EFBC0	0x00001111	[192] _PMPIX_Iscatter
[...]
0x10017C710	0x00000010	[129] _LISTEN_STATE_STR
0x10017C720	0x00000010	[129] _CONN_TYPE_STR
0x10017C740	0x00000040	[ 23] _MPID_Attr_mem
0x10017C780	0x00000038	[ 23] _MPID_Keyval_mem
0x10017C7C0	0x00000004	[ 41] _lowestTag
0x10017C7C4	0x00000004	[ 41] _lowestContextId
0x10017C7C8	0x00000018	[ 41] _eager_nelem
0x10017C7E0	0x00000038	[ 41] _MPID_Comm_mem
0x10017C818	0x00000004	[ 41] _initialize_context_mask
0x10017C820	0x00000040	[ 42] _MPID_Datatype_mem
0x10017C860	0x00000018	[ 42] _mpi_pairtypes
0x10017C880	0x00000038	[ 43] _MPID_Errhandler_mem
0x10017C8C0	0x00000038	[ 44] _MPID_Group_mem
0x10017C900	0x00000038	[ 47] _MPID_Win_mem
0x10017C938	0x00000008	[ 49] _initTick.16430
0x10017C940	0x00000008	[ 49] _tickval.16431
0x10017C948	0x00000004	[ 50] _MPIR_Topology_keyval
0x10017C94C	0x00000004	[ 50] _unweighted_dummy
0x10017C960	0x00000004	[ 51] _MPIU_DBG_MaxLevel
0x10017C964	0x00000004	[ 51] _MPIU_dbg_state
0x10017C968	0x00000004	[ 51] _dbg_rank
0x10017C96C	0x00000004	[ 51] _worldRank
0x10017C970	0x00000008	[ 51] _filePattern
0x10017C978	0x0000000C	[ 51] _worldNumAsChar.16601
0x10017C984	0x0000001C	[ 51] _resetTimeOrigin
0x10017C9A0	0x00000020	[ 51] _MPIU_Levelname
0x10017C9C0	0x00000020	[ 51] _whichRank
0x10017C9E0	0x00000020	[ 51] _MPIU_LCLevelname
0x10017CA00	0x00000038	[ 53] _MPID_Info_mem
0x10017CA40	0x00000004	[ 62] _MPIR_PARAM_CTXID_EAGER_SIZE
0x10017CA44	0x00000004	[ 62] _MPIR_PARAM_COMM_OVERRIDES
0x10017CA48	0x00000004	[ 62] _MPIR_PARAM_SHM_READY_EAGER_MAX_SZ
0x10017CA4C	0x00000004	[ 62] _MPIR_PARAM_SHM_EAGER_MAX_SZ
0x10017CA50	0x00000004	[ 62] _MPIR_PARAM_HOST_LOOKUP_RETRIES
0x10017CA54	0x00000004	[ 62] _MPIR_PARAM_NEM_LMT_DMA_THRESHOLD
0x10017CA58	0x00000004	[ 62] _MPIR_PARAM_PRINT_ERROR_STACK
0x10017CA5C	0x00000004	[ 62] _MPIR_PARAM_ERROR_CHECKING
0x10017CA60	0x00000004	[ 62] _MPIR_PARAM_PROCTABLE_PRINT
0x10017CA64	0x00000004	[ 62] _MPIR_PARAM_PROCTABLE_SIZE
0x10017CA68	0x00000004	[ 62] _MPIR_PARAM_MEMDUMP
0x10017CA6C	0x00000004	[ 62] _MPIR_PARAM_POLLS_BEFORE_YIELD
0x10017CA70	0x00000004	[ 62] _MPIR_PARAM_RMA_NREQUEST_NEW_THRESHOLD
0x10017CA74	0x00000004	[ 62] _MPIR_PARAM_RMA_NREQUEST_THRESHOLD
0x10017CA78	0x00000004	[ 62] _MPIR_PARAM_RMA_ACC_IMMED
0x10017CA7C	0x00000004	[ 62] _MPIR_PARAM_COMM_SPLIT_USE_QSORT
0x10017CA80	0x00000004	[ 62] _MPIR_PARAM_ALLGATHERV_PIPELINE_MSG_SIZE
0x10017CA84	0x00000004	[ 62] _MPIR_PARAM_SCATTER_INTER_SHORT_MSG_SIZE
0x10017CA88	0x00000004	[ 62] _MPIR_PARAM_GATHERV_INTER_SSEND_MIN_PROCS
0x10017CA8C	0x00000004	[ 62] _MPIR_PARAM_GATHER_INTER_SHORT_MSG_SIZE
0x10017CA90	0x00000004	[ 62] _MPIR_PARAM_GATHER_VSMALL_MSG_SIZE
0x10017CA94	0x00000004	[ 62] _MPIR_PARAM_ALLREDUCE_SHORT_MSG_SIZE
0x10017CA98	0x00000004	[ 62] _MPIR_PARAM_REDUCE_SHORT_MSG_SIZE
0x10017CA9C	0x00000004	[ 62] _MPIR_PARAM_ALLGATHER_LONG_MSG_SIZE
0x10017CAA0	0x00000004	[ 62] _MPIR_PARAM_ALLGATHER_SHORT_MSG_SIZE
0x10017CAA4	0x00000004	[ 62] _MPIR_PARAM_BCAST_LONG_MSG_SIZE
0x10017CAA8	0x00000004	[ 62] _MPIR_PARAM_BCAST_SHORT_MSG_SIZE
0x10017CAAC	0x00000004	[ 62] _MPIR_PARAM_BCAST_MIN_PROCS
0x10017CAB0	0x00000004	[ 62] _MPIR_PARAM_REDSCAT_COMMUTATIVE_LONG_MSG_SIZE
0x10017CAB4	0x00000004	[ 62] _MPIR_PARAM_ALLTOALL_THROTTLE
0x10017CAB8	0x00000004	[ 62] _MPIR_PARAM_ALLTOALL_MEDIUM_MSG_SIZE
0x10017CABC	0x00000004	[ 62] _MPIR_PARAM_ALLTOALL_SHORT_MSG_SIZE
0x10017CAC0	0x00000AC0	[ 62] _MPIR_Param_params
0x10017D580	0x00000150	[ 62] _MPIR_Param_categories
0x10017D6D0	0x00000004	[ 70] _needsInit.17558
0x10017D6E0	0x00000038	[ 75] _MPID_Request_mem
0x10017D718	0x00000004	[ 88] _processorNameLen
0x10017D720	0x00000008	[ 89] _comm_fns
0x10017D740	0x00000020	[ 93] _setupPortFunctions
0x10017D760	0x00000020	[ 93] _portFns
0x10017D780	0x00000100	[ 98] _MPIU_hostname
0x10017D880	0x00000004	[ 99] _initRMAoptions
0x10017D884	0x00000004	[104] _MPIDI_CH3I_my_rank
0x10017D8A0	0x00000100	[115] _MPID_nem_hostname
0x10017D9A0	0x00000004	[120] _MPID_nem_netmod_id
0x10017D9C0	0x00000040	[124] _MPID_nem_netmod_strings
0x10017DA00	0x00000008	[124] _MPID_nem_netmod_funcs
0x10017DA08	0x00000004	[124] _MPID_nem_num_netmods
0x10017DA20	0x00000050	[126] _MPIDI_nem_tcp_funcs
0x10017DA70	0x00000004	[129] _g_tbl_capacity
0x10017DA74	0x00000004	[129] _MPID_nem_tcp_skip_polls
0x10017DA80	0x00000010	[153] _t_char.16514
0x10017DA90	0x00000020	[153] _t_uchar.16515
0x10017DAB0	0x00000010	[153] _t_schar.16530
0x10017DAC0	0x00000009	[153] _t_byte.16516
0x10017DAC9	0x0000000A	[153] _t_wchar_t.16517
0x10017DAD3	0x0000000D	[153] _t_short.16518
0x10017DAE0	0x00000013	[153] _t_ushort.16519
0x10017DAF3	0x00000008	[153] _t_int.16520
0x10017DAFB	0x0000000D	[153] _t_uint.16521
0x10017DB08	0x00000018	[153] _t_long.16522
0x10017DB20	0x00000012	[153] _t_ulong.16523
0x10017DB32	0x0000000A	[153] _t_float.16524
0x10017DB3C	0x00000014	[153] _t_double.16525
0x10017DB50	0x00000010	[153] _t_longdouble.16526
0x10017DB60	0x00000020	[153] _t_longlongint.16527
0x10017DB80	0x00000017	[153] _t_ulonglong.16529
0x10017DB97	0x0000000B	[153] _t_packed.16531
0x10017DBA2	0x00000007	[153] _t_lb.16532
0x10017DBA9	0x00000007	[153] _t_ub.16533
0x10017DBB0	0x0000000E	[153] _t_floatint.16534
0x10017DBBE	0x0000000F	[153] _t_doubleint.16535
0x10017DBCD	0x0000000D	[153] _t_longint.16536
0x10017DBDA	0x0000000E	[153] _t_shortint.16537
0x10017DBE8	0x00000018	[153] _t_2int.16538
0x10017DC00	0x00000014	[153] _t_longdoubleint.16539
0x10017DC14	0x0000000C	[153] _t_complex.16540
0x10017DC20	0x00000013	[153] _t_doublecomplex.16541
0x10017DC33	0x0000000C	[153] _t_logical.16542
0x10017DC3F	0x00000011	[153] _t_real.16543
0x10017DC50	0x00000015	[153] _t_doubleprecision.16544
0x10017DC65	0x0000000C	[153] _t_integer.16545
0x10017DC71	0x0000000D	[153] _t_2integer.16546
0x10017DC7E	0x00000012	[153] _t_2real.16547
0x10017DC90	0x00000016	[153] _t_2doubleprecision.16548
0x10017DCA6	0x0000000E	[153] _t_character.16549
0x10017DCB4	0x00000006	[153] _c_named.16553
0x10017DCBA	0x00000007	[153] _c_contig.16554
0x10017DCC1	0x00000007	[153] _c_vector.16555
0x10017DCC8	0x00000008	[153] _c_hvector.16556
0x10017DCD0	0x00000008	[153] _c_indexed.16557
0x10017DCD8	0x00000009	[153] _c_hindexed.16558
0x10017DCE1	0x00000007	[153] _c_struct.16559
0x10017DCE8	0x00000008	[153] _c_dup.16560
0x10017DCF0	0x00000010	[153] _c_hvector_integer.16561
0x10017DD00	0x00000011	[153] _c_hindexed_integer.16562
0x10017DD11	0x0000000E	[153] _c_indexed_block.16563
0x10017DD1F	0x0000000F	[153] _c_hindexed_block.16564
0x10017DD2E	0x0000000F	[153] _c_struct_integer.16565
0x10017DD3D	0x00000009	[153] _c_subarray.16566
0x10017DD46	0x00000007	[153] _c_darray.16567
0x10017DD4D	0x00000009	[153] _c_f90_real.16568
0x10017DD56	0x0000000C	[153] _c_f90_complex.16569
0x10017DD62	0x0000000C	[153] _c_f90_integer.16570
0x10017DD6E	0x00000008	[153] _c_resized.16571
0x10017DD76	0x00000003	[153] _d1.16591
0x10017DD79	0x00000005	[153] _d2.16592
0x10017DD7E	0x00000007	[153] _d3.16593
0x10017DD85	0x00000009	[153] _d4.16594
0x10017DD8E	0x0000000B	[153] _d5.16595
0x10017DDA0	0x00000020	[161] _PMIU_print_id
0x10017DDC0	0x00000004	[161] _lastfd.4099
0x10017DDC4	0x00000004	[162] _PMI_fd
0x10017DDC8	0x00000004	[162] _PMI_size
0x10017DDCC	0x00000004	[162] _firstcall.9189
0x10017DDE0	0x00000080	[167] _MPIR_Op_check_dtype_table
0x10017DE60	0x00000070	[167] _MPIR_Op_table
0x10017DEE0	0x00000038	[169] _MPID_Op_mem
0x10017DF20	0x00000020	[219] ___emutls_v.MPIR_Thread
0x10017DF40	0x00000004	[244] _MPIR_F_NeedInit
0x10017DF50	0x00000004	[247] _world_rank
0x10017DF54	0x00000001	[247] _TRDefaultByte
0x10017DF55	0x0000000B	[247] _TRFreedByte
0x10017DF60	0x00000010	[247] _hex.3617
0x10017DF70	0x00000002	[ 98] _g_num_nodes
0x10017DF72	0x00000001	[153] _d0.16590
0x10017DF80	0x00000010	[ 89] _MPIDI_Process
0x10017DF90	0x00000010	[109] _MPIDI_CH3I_shm_sendq
0x10017DFA0	0x00000004	[  1] _cp_cr_comm
0x10017DFA4	0x00000004	[ 41] _mask_in_use
0x10017DFA8	0x00000004	[ 41] _eager_in_use
0x10017DFAC	0x00000004	[ 41] _initialized.16475
0x10017DFB0	0x00000004	[ 42] _is_init.16453
0x10017DFB4	0x00000004	[ 42] _called.16496
0x10017DFB8	0x00000004	[ 43] _max_error_ring_loc
0x10017DFBC	0x00000004	[ 43] _error_ring_loc
0x10017DFC0	0x00000004	[ 43] _did_err_init
0x10017DFC4	0x00000004	[ 45] _progress_thread_done
0x10017DFC8	0x00000004	[ 51] _dbg_memlog_next
0x10017DFCC	0x00000004	[ 51] _dbg_memlog_count
0x10017DFD0	0x00000004	[ 51] _mpiu_dbg_initialized
0x10017DFD4	0x00000004	[ 54] _dummy_unique_L9
0x10017DFD8	0x00000004	[ 62] _initialized.16451
0x10017DFDC	0x00000004	[ 64] _dummy_unique_L14
0x10017DFE0	0x00000004	[ 69] _MPIDI_Outstanding_close_ops
0x10017DFE4	0x00000004	[ 71] _in_routine.17565
0x10017DFE8	0x00000004	[ 71] _entered_flag
0x10017DFEC	0x00000004	[ 71] _entered_count
0x10017DFF0	0x00000004	[ 73] _AcceptQueueSize
0x10017DFF4	0x00000004	[ 73] _maxAcceptQueueSize
0x10017DFF8	0x00000004	[ 74] _posted_qlen
0x10017DFFC	0x00000004	[ 74] _unexpected_qlen
0x10017E000	0x00000004	[ 88] _setProcessorName
0x10017E004	0x00000004	[ 98] _lpid_counter
0x10017E008	0x00000004	[101] _verbose
0x10017E00C	0x00000004	[104] _nemesis_initialized
0x10017E010	0x00000004	[109] _sigusr1_count
0x10017E014	0x00000004	[109] _my_sigusr1_count
0x10017E018	0x00000004	[109] _poll_count_.18229
0x10017E01C	0x00000004	[116] _sense
0x10017E020	0x00000004	[116] _barrier_init
0x10017E024	0x00000004	[123] _poll_count_.18250
0x10017E028	0x00000004	[123] _poll_count_.18194
0x10017E02C	0x00000004	[123] _poll_count_.18219
0x10017E030	0x00000004	[129] _g_tbl_size
0x10017E034	0x00000004	[129] _num_skipped_polls.19034
0x10017E038	0x00000004	[161] _PMIU_keyval_tab_idx
0x10017E03C	0x00000004	[162] _PMI_initialized
0x10017E040	0x00000004	[162] _PMI_debug
0x10017E044	0x00000004	[162] _PMI_rank
0x10017E048	0x00000004	[162] _PMI_kvsname_max
0x10017E04C	0x00000004	[162] _PMI_keylen_max
0x10017E050	0x00000004	[162] _PMI_vallen_max
0x10017E054	0x00000004	[162] _PMI_totalview
0x10017E058	0x00000004	[162] _PMI_spawned
0x10017E05C	0x00000004	[220] _fstack_sp
0x10017E060	0x00000004	[220] _fstack_max_priority
0x10017E064	0x00000004	[247] _TRid
0x10017E068	0x00000004	[247] _TRidSet
0x10017E06C	0x00000004	[247] _TRlevel
0x10017E070	0x00000004	[247] _TRdebugLevel
0x10017E080	0x00000008	[  1] _crr
0x10017E090	0x00000010	[109] _vc_term_queue
0x10017E0A0	0x00000010	[114] _allocq
0x10017E0B0	0x00000010	[129] _freeq
0x10017E0C0	0x0000001C	[165] _attr_copy.16410
0x10017E0DC	0x00000004	[ 51] _MPIU_DBG_ActiveClasses
0x10017E0E0	0x00000008	[ 62] _MPIR_PARAM_PORT_RANGE
0x10017E0E8	0x00000004	[ 62] _MPIR_PARAM_ABORT_ON_LEAKED_HANDLES
0x10017E0EC	0x00000004	[ 62] _MPIR_PARAM_ENABLE_COLL_FT_RET
0x10017E0F0	0x00000004	[ 62] _MPIR_PARAM_ENABLE_CKPOINT
0x10017E0F4	0x00000004	[ 62] _MPIR_PARAM_DEBUG_HOLD
0x10017E0F8	0x00000004	[ 62] _MPIR_PARAM_CHOP_ERROR_STACK
0x10017E0FC	0x00000004	[ 62] _MPIR_PARAM_ODD_EVEN_CLIQUES
0x10017E100	0x00000004	[ 62] _MPIR_PARAM_NOLOCAL
0x10017E104	0x00000004	[ 69] _MPIDI_Failed_vc_count
0x10017E108	0x00000004	[ 89] _MPIDI_Use_pmi2_api
0x10017E10C	0x00000004	[109] _MPID_nem_local_lmt_pending
0x10017E110	0x00000004	[109] _MPIDI_CH3I_progress_wakeup_signalled
0x10017E114	0x00000004	[109] _MPIDI_CH3I_progress_blocked
0x10017E118	0x00000004	[109] _MPIDI_CH3I_progress_completion_count
0x10017E11C	0x00000008	[129] _MPID_nem_tcp_g_lstn_plfd
0x10017E124	0x00000004	[218] _MPIR_async_thread_initialized
0x10017E128	0x00000004	[243] _MPIR_T_init_balance
0x10017E130	0x00000004	[  1] _cp_num
0x10017E134	0x00000004	[  1] _doc
0x10017E140	0x00000004	[  1] _nproc
0x10017E150	0x00000004	[  1] _procnum
0x10017E160	0x00000014	[245] _mpifcmb1_
0x10017E180	0x00000014	[245] _mpifcmb2_
0x10017E1A0	0x00000004	[245] _mpifcmb3_
0x10017E1B0	0x00000004	[245] _mpifcmb4_
0x10017E1C0	0x00000004	[245] _mpifcmb5_
0x10017E1D0	0x00000004	[245] _mpifcmb6_
0x10017E1E0	0x00000004	[245] _mpifcmb7_
0x10017E1F0	0x00000004	[245] _mpifcmb8_
0x10017E1F8	0x00000008	[ 41] _MPID_Comm_fns
0x10017E200	0x00000008	[ 51] _MPIU_dbg_fp
0x10017E208	0x00000008	[ 62] _MPIR_PARAM_NETWORK_IFACE
0x10017E210	0x00000008	[ 62] _MPIR_PARAM_INTERFACE_HOSTNAME
0x10017E218	0x00000008	[ 62] _MPIR_PARAM_NEMESIS_NETMOD
0x10017E220	0x00000008	[ 69] _MPIDI_Failed_procs_group
0x10017E228	0x00000008	[ 89] _MPIDI_CH3U_SRBuf_pool
0x10017E230	0x00000008	[104] _MPIDI_CH3I_my_pg
0x10017E238	0x00000008	[104] _MPIDI_CH3_packet_buffer
0x10017E240	0x00000008	[109] _MPID_nem_local_lmt_progress
0x10017E248	0x00000008	[109] _MPIDI_CH3I_shm_active_send
0x10017E250	0x00000008	[112] _coll_fns_array
0x10017E258	0x00000008	[115] _MPID_nem_asymm_base_addr
0x10017E260	0x00000008	[117] _MPID_nem_recv_seqno
0x10017E268	0x00000008	[117] _MPID_nem_prefetched_cell
0x10017E270	0x00000008	[117] _MPID_nem_curr_fbox_all_poll
0x10017E278	0x00000008	[117] _MPID_nem_curr_fboxq_elem
0x10017E280	0x00000008	[117] _MPID_nem_fboxq_elem_list_last
0x10017E288	0x00000008	[117] _MPID_nem_fboxq_elem_list
0x10017E290	0x00000008	[117] _MPID_nem_fboxq_tail
0x10017E298	0x00000008	[117] _MPID_nem_fboxq_head
0x10017E2A0	0x00000008	[120] _MPID_nem_net_module_vc_dbg_print_sendq
0x10017E2A8	0x00000008	[120] _MPID_nem_netmod_func
0x10017E2B0	0x00000008	[129] _MPID_nem_tcp_plfd_tbl
0x10017E2B8	0x00000008	[159] _all_schedules
0x10017E2C0	0x00000008	[219] _MPI_F_STATUSES_IGNORE
0x10017E2C8	0x00000008	[219] _MPI_F_STATUS_IGNORE
0x10017E2D0	0x00000008	[244] _MPI_F_ARGVS_NULL
0x10017E2D8	0x00000008	[244] _MPI_F_ERRCODES_IGNORE
0x10017E2E0	0x00000008	[244] _MPIR_F_MPI_UNWEIGHTED
0x10017E2E8	0x00000008	[244] _MPIR_F_MPI_IN_PLACE
0x10017E2F0	0x00000008	[244] _MPIR_F_MPI_BOTTOM
0x10017E300	0x00000400	[  3] _message.2305
0x10017E700	0x00000020	[ 41] _default_collops
0x10017E720	0x00000100	[ 41] _context_mask
0x10017E820	0x00000201	[ 41] _bufstr.16514
0x10017EA40	0x00000040	[ 43] _error_ring_mutex
0x10017EA80	0x0000AA00	[ 43] _ErrorRing
0x100189480	0x00000040	[ 43] _default_str.19473
0x1001894C0	0x00000100	[ 43] _str.19457
0x1001895C0	0x00000040	[ 43] _default_str.19464
0x100189600	0x00000040	[ 45] _progress_cond
0x100189640	0x00000040	[ 45] _progress_mutex
0x100189680	0x00000400	[ 51] _temp_filename
0x100189A80	0x00000400	[ 51] _filePatternBuf
0x100189E80	0x000000E8	[ 70] _pktArray.17557
0x100189F80	0x00000080	[ 88] _processorName
0x10018A000	0x00000100	[ 93] _port_name_tag_mask
0x10018A100	0x00000100	[102] _pktmsg.17506
0x10018A200	0x00000140	[109] _pktArray
0x10018A340	0x00000030	[109] _MPIDI_CH3I_progress_completion_cond
0x10018A380	0x000000A0	[129] _sc_state_info
0x10018A420	0x00000400	[161] _readbuf.4096
0x10018A820	0x00010800	[161] _PMIU_keyval_tab
0x10019B020	0x00000100	[162] _singinit_kvsname
0x10019B120	0x00000400	[162] _cached_singinit_key
0x10019B520	0x00000400	[162] _cached_singinit_val
0x10019B920	0x00000300	[220] _fstack
0x10019BC20	0x00000008	[ 41] _ic_default_collops
0x10019BC28	0x00000008	[ 45] _progress_comm_ptr
0x10019BC30	0x00000008	[ 45] _progress_thread_id
0x10019BC38	0x00000008	[ 49] _MPIR_Wtime_mult
0x10019BC40	0x00000008	[ 51] _dbg_memlog
0x10019BC48	0x00000008	[ 51] _timeOrigin
0x10019BC50	0x00000008	[ 51] _static_dbg_fp
0x10019BC58	0x00000008	[ 51] _dbg_tls_key
0x10019BC60	0x00000008	[ 54] _instrHead
0x10019BC68	0x00000008	[ 54] _instrTail
0x10019BC70	0x00000008	[ 67] _comm_list
0x10019BC78	0x00000008	[ 67] _create_hooks
0x10019BC80	0x00000008	[ 67] _destroy_hooks
0x10019BC88	0x00000008	[ 68] _parent_port_name
0x10019BC90	0x00000008	[ 73] _acceptq_head
0x10019BC98	0x00000008	[ 74] _posted_recvq_match_attempts
0x10019BCA0	0x00000008	[ 74] _unexpected_recvq_match_attempts
0x10019BCA8	0x00000008	[ 74] _recvq_unexpected_head
0x10019BCB0	0x00000008	[ 74] _recvq_unexpected_tail
0x10019BCB8	0x00000008	[ 74] _recvq_posted_tail
0x10019BCC0	0x00000008	[ 74] _recvq_posted_head
0x10019BCC8	0x00000008	[ 79] _list_complete
0x10019BCD0	0x00000008	[ 79] _list_block
0x10019BCD8	0x00000008	[101] _MPIDI_PG_Compare_ids_fn
0x10019BCE0	0x00000008	[101] _MPIDI_PG_Destroy_fn
0x10019BCE8	0x00000008	[101] _pg_world
0x10019BCF0	0x00000008	[101] _MPIDI_PG_list
0x10019BCF8	0x00000008	[101] _MPIDI_PG_iterator_next
0x10019BD00	0x00000008	[104] _initcomp_cb_stack
0x10019BD08	0x00000008	[109] _prev_sighandler
0x10019BD10	0x00000008	[109] _qn_head
0x10019BD18	0x00000008	[114] _segment_len
0x10019BD20	0x00000008	[114] _asym_check_region_p
0x10019BD28	0x00000008	[123] _lmt_shm_progress_q
0x10019BD30	0x00000008	[126] _pkt_handlers
0x10019BD38	0x00000008	[127] _free_buffers
0x10019BD40	0x00000008	[129] _dummy_vc_area
0x10019BD48	0x00000008	[129] _g_sc_tbl
0x10019BD50	0x00000008	[129] _recv_buf
0x10019BD58	0x00000008	[160] _all_pvars
0x10019BD60	0x00000008	[161] _logfile.4088
0x10019BD68	0x00000008	[161] _nextChar.4097
0x10019BD70	0x00000008	[161] _lastChar.4098
0x10019BD78	0x00000008	[247] _allocated
0x10019BD80	0x00000008	[247] _frags
0x10019BD88	0x00000008	[247] _TRhead
0x10019BD90	0x00000008	[247] _TRMaxMem
0x10019BD98	0x00000008	[247] _TRMaxMemId
0x10019BDA0	0x00000008	[247] _TRMaxMemAllow
0x10019BDC0	0x00000700	[ 23] _MPID_Attr_direct
0x10019C4C0	0x00000680	[ 23] _MPID_Keyval_direct
0x10019CB40	0x00000B00	[ 41] _MPID_Comm_direct
0x10019D640	0x00000420	[ 41] _MPID_Comm_builtin
0x10019DA60	0x00000900	[ 42] _MPID_Datatype_direct
0x10019E360	0x00004DA0	[ 42] _MPID_Datatype_builtin
0x1001A3100	0x000000C0	[ 43] _MPID_Errhandler_direct
0x1001A31C0	0x00000048	[ 43] _MPID_Errhandler_builtin
0x1001A3220	0x00000140	[ 44] _MPID_Group_direct
0x1001A3360	0x00000028	[ 44] _MPID_Group_builtin
0x1001A33A0	0x00001340	[ 47] _MPID_Win_direct
0x1001A46E0	0x00000100	[ 53] _MPID_Info_direct
0x1001A47E0	0x00001600	[ 75] _MPID_Request_direct
0x1001A5DE0	0x00000060	[ 79] _MPIU_INSTR_HANDLE_rmapkt_fop
0x1001A5E40	0x00000060	[ 79] _MPIU_INSTR_HANDLE_rmapkt_cas
0x1001A5EA0	0x00000060	[ 79] _MPIU_INSTR_HANDLE_rmapkt_acc_immed_op
0x1001A5F00	0x00000060	[ 79] _MPIU_INSTR_HANDLE_rmapkt_acc_immed
0x1001A5F60	0x00000060	[ 79] _MPIU_INSTR_HANDLE_rmapkt_acc_predef
0x1001A5FC0	0x00000060	[ 79] _MPIU_INSTR_HANDLE_rmapkt_acc
0x1001A6020	0x00000060	[ 79] _MPIU_INSTR_HANDLE_lockqueue_alloc
0x1001A6080	0x00000060	[ 79] _MPIU_INSTR_HANDLE_winunlock_block
0x1001A60E0	0x00000060	[ 79] _MPIU_INSTR_HANDLE_winunlock_complete
0x1001A6140	0x00000060	[ 79] _MPIU_INSTR_HANDLE_winunlock_issue
0x1001A61A0	0x00000060	[ 79] _MPIU_INSTR_HANDLE_winunlock_getlock
0x1001A6200	0x00000060	[ 79] _MPIU_INSTR_HANDLE_winlock_getlocallock
0x1001A6260	0x00000060	[ 79] _MPIU_INSTR_HANDLE_winwait_wait
0x1001A62C0	0x00000060	[ 79] _MPIU_INSTR_HANDLE_wincomplete_block
0x1001A6320	0x00000060	[ 79] _MPIU_INSTR_HANDLE_wincomplete_recvsync
0x1001A6380	0x00000060	[ 79] _MPIU_INSTR_HANDLE_wincomplete_complete
0x1001A63E0	0x00000060	[ 79] _MPIU_INSTR_HANDLE_wincomplete_issue
0x1001A6440	0x00000060	[ 79] _MPIU_INSTR_HANDLE_winstart_clearlock
0x1001A64A0	0x00000060	[ 79] _MPIU_INSTR_HANDLE_winpost_sendsync
0x1001A6500	0x00000060	[ 79] _MPIU_INSTR_HANDLE_winpost_clearlock
0x1001A6560	0x00000040	[ 79] _MPIU_INSTR_HANDLE_wincomplete_reqs
0x1001A65A0	0x00000040	[ 79] _MPIU_INSTR_HANDLE_winunlock_reqs
0x1001A65E0	0x00000040	[ 79] _MPIU_INSTR_HANDLE_winfence_reqs
0x1001A6620	0x00000060	[ 79] _MPIU_INSTR_HANDLE_winfence_block
0x1001A6680	0x00000060	[ 79] _MPIU_INSTR_HANDLE_winfence_wait
0x1001A66E0	0x00000060	[ 79] _MPIU_INSTR_HANDLE_winfence_complete
0x1001A6740	0x00000060	[ 79] _MPIU_INSTR_HANDLE_winfence_issue
0x1001A67A0	0x00000060	[ 79] _MPIU_INSTR_HANDLE_winfence_rs
0x1001A6800	0x00000060	[ 79] _MPIU_INSTR_HANDLE_winfence_clearlock
0x1001A6860	0x00000020	[ 89] _MPIDI_CH3U_Win_fns
0x1001A6880	0x00000060	[ 99] _MPIU_INSTR_HANDLE_rmaqueue_set
0x1001A68E0	0x00000060	[ 99] _MPIU_INSTR_HANDLE_rmaqueue_alloc
0x1001A6940	0x00000060	[ 99] _MPIU_INSTR_HANDLE_winfree_complete
0x1001A69A0	0x00000060	[ 99] _MPIU_INSTR_HANDLE_winfree_rs
0x1001A6A00	0x00000060	[ 99] _MPIU_INSTR_HANDLE_wincreate_allgather
0x1001A6A60	0x000001B8	[115] _MPID_nem_mem_region
0x1001A6C20	0x00000038	[129] _MPID_nem_tcp_g_lstn_sc
0x1001A6C60	0x00000180	[169] _MPID_Op_direct
0x1001A6DE0	0x00000168	[169] _MPID_Op_builtin
0x1001A6F60	0x00000140	[219] _MPIR_ThreadInfo
0x1001A70A0	0x00000078	[219] _MPIR_Process
